                                 BOXING
               CREATIVE COMPUTING  MORRISTOWN, NEW JERSEY



BOXING OLYMPIC STYLE (3 ROUNDS -- 2 OUT OF 3 WINS)

WHAT IS YOUR OPPONENT'S NAME? ROCKY
INPUT YOUR MAN'S NAME? APOLLO
DIFFERENT PUNCHES ARE: (1) FULL SWING; (2) HOOK; (3) UPPERCUT; (4) JAB.
WHAT IS YOUR MANS BEST? 3
WHAT IS HIS VULNERABILITY? 1
ROCKY'S ADVANTAGE IS 1 AND VULNERABILITY IS SECRET.

ROUND 1 BEGINS...
APOLLO'S PUNCH? 3
APOLLO TRIES AN UPPERCUT AND IT'S BLOCKED (LUCKY BLOCK!)
APOLLO'S PUNCH? 3
APOLLO TRIES AN UPPERCUT AND IT'S BLOCKED (LUCKY BLOCK!)
APOLLO'S PUNCH? 3
APOLLO TRIES AN UPPERCUT AND HE CONNECTS!
ROCKY JABS AND  BLOOD SPILLS !!!
APOLLO'S PUNCH? 3
APOLLO TRIES AN UPPERCUT AND IT'S BLOCKED (LUCKY BLOCK!)
APOLLO'S PUNCH? 3
APOLLO TRIES AN UPPERCUT AND IT'S BLOCKED (LUCKY BLOCK!)
APOLLO'S PUNCH? 3
APOLLO TRIES AN UPPERCUT AND IT'S BLOCKED (LUCKY BLOCK!)

APOLLO WINS ROUND 1 
ROUND 2 BEGINS...
APOLLO IS ATTACKED BY AN UPPERCUT (OH,OH)...
 BLOCKS AND HITS ROCKY WITH A HOOK.
ROCKY JABS AND  BLOOD SPILLS !!!
APOLLO IS ATTACKED BY AN UPPERCUT (OH,OH)...
 BLOCKS AND HITS ROCKY WITH A HOOK.
ROCKY TAKES A FULL SWING AND POW!!!!! HE HITS HIM RIGHT IN THE FACE!
ROCKY JABS AND IT'S BLOCKED!
ROCKY TAKES A FULL SWING AND POW!!!!! HE HITS HIM RIGHT IN THE FACE!
APOLLO'S PUNCH? 3
APOLLO TRIES AN UPPERCUT AND HE CONNECTS!

ROCKY WINS ROUND 2 
ROUND 3 BEGINS...
ROCKY JABS AND IT'S BLOCKED!
APOLLO'S PUNCH? 3
APOLLO TRIES AN UPPERCUT AND HE CONNECTS!
ROCKY JABS AND IT'S BLOCKED!
ROCKY GETS APOLLO IN THE JAW (OUCH!)
....AND AGAIN!

APOLLO IS ATTACKED BY AN UPPERCUT (OH,OH)...
AND ROCKY CONNECTS...
ROCKY GETS APOLLO IN THE JAW (OUCH!)
....AND AGAIN!

APOLLO IS ATTACKED BY AN UPPERCUT (OH,OH)...
 BLOCKS AND HITS ROCKY WITH A HOOK.
APOLLO'S PUNCH? 3
APOLLO TRIES AN UPPERCUT AND HE CONNECTS!
ROCKY TAKES A FULL SWING AND POW!!!!! HE HITS HIM RIGHT IN THE FACE!

ROCKY WINS ROUND 3 
ROCKY WINS (NICE GOING,ROCKY).


AND NOW GOODBYE FROM THE OLYMPIC ARENA.

OK

