                                 HELLO
               CREATIVE COMPUTING  MORRISTOWN, NEW JERSEY



HELLO.  MY NAME IS CREATIVE COMPUTER.


WHAT'S YOUR NAME? Dave

HI THERE, Dave, ARE YOU ENJOYING YOURSELF HERE? YES

I'M GLAD TO HEAR THAT, Dave.


SAY, Dave, I CAN SOLVE ALL KINDS OF PROBLEMS EXCEPT
THOSE DEALING WITH GREECE.  WHAT KIND OF PROBLEMS DO
YOU HAVE (ANSWER SEX, HEALTH, MONEY, OR JOB)? SEX

IS YOUR PROBLEM TOO MUCH OR TOO LITTLE? TOO MUCH

YOU CALL THAT A PROBLEM?!!  I SHOULD HAVE SUCH PROBLEMS!
IF IT BOTHERS YOU, Dave, TAKE A COLD SHOWER.

ANY MORE PROBLEMS YOU WANT SOLVED, Dave? NO


THAT WILL BE $5.00 FOR THE ADVICE, Dave.
PLEASE LEAVE THE MONEY ON THE TERMINAL.



DID YOU LEAVE THE MONEY? YES

HEY, Dave??? YOU LEFT NO MONEY AT ALL!
YOU ARE CHEATING ME OUT OF MY HARD-EARNED LIVING.

WHAT A RIP OFF, Dave!!!


TAKE A WALK, Dave.


OK

