                                 TRAIN
               CREATIVE COMPUTING  MORRISTOWN, NEW JERSEY



TIME - SPEED DISTANCE EXERCISE

 A CAR TRAVELING 46 MPH CAN MAKE A CERTAIN TRIP IN
 9 HOURS LESS THAN A TRAIN TRAVELING AT 25 MPH.
HOW LONG DOES THE TRIP TAKE BY CAR? 10.2
GOOD! ANSWER WITHIN 5 PERCENT.
CORRECT ANSWER IS 10.7143 HOURS.

ANOTHER PROBLEM (YES OR NO)? NO

OK
