                              MASTERMIND
               CREATIVE COMPUTING  MORRISTOWN, NEW JERSEY



NUMBER OF COLORS? 4
NUMBER OF POSITIONS? 4
NUMBER OF ROUNDS? 5
TOTAL POSSIBILITIES = 256 


COLOR     LETTER
=====     ======
BLACK        B
WHITE        W
RED          R
GREEN        G


ROUND NUMBER 1 ----

GUESS MY COMBINATION.

MOVE #  1  GUESS ? BBBB
YOU HAVE  1  BLACKS AND  0  WHITES.
MOVE #  2  GUESS ? WWWW
YOU HAVE  0  BLACKS AND  0  WHITES.
MOVE #  3  GUESS ? QUIT
QUITTER!  MY COMBINATION WAS: RGGB
GOOD BYE
OK

