
MICROSOFT BASIC REV. 4.0 - ALTAIR VERSION
[8K VERSION]
COPYRIGHT 1976 BY MICROSOFT
C VERSION COPYRIGHT 2025 BY TIM BUCHALKA

61501 BYTES FREE

                               BASKETBALL
               CREATIVE COMPUTING  MORRISTOWN, NEW JERSEY



THIS IS DARTMOUTH COLLEGE BASKETBALL.  YOU WILL BE DARTMOUTH
 CAPTAIN AND PLAYMAKER.  CALL SHOTS AS FOLLOWS:  1. LONG
 (30 FT.) JUMP SHOT; 2. SHORT (15 FT.) JUMP SHOT; 3. LAY
 UP; 4. SET SHOT.
BOTH TEAMS WILL USE THE SAME DEFENSE.  CALL DEFENSE AS
FOLLOWS:  6. PRESS; 6.5 MAN-TO MAN; 7. ZONE; 7.5 NONE.
TO CHANGE DEFENSE, JUST TYPE 0 AS YOUR NEXT SHOT.
YOUR STARTING DEFENSE WILL BE? 7

CHOOSE YOUR OPPONENT? PANTHERS
CENTER JUMP
PANTHERS CONTROLS THE TAP.

JUMP SHOT.
SHOT IS OFF RIM.
DARTMOUTH CONTROLS THE REBOUND.

YOUR SHOT? 3
LAY UP.
SHOT IS OFF THE RIM.
DARTMOUTH CONTROLS THE REBOUND.
BALL PASSED BACK TO YOU.YOUR SHOT? 3
LAY UP.
SHOT IS GOOD.  TWO POINTS.
SCORE:  2 TO 0 

SET SHOT.
SHOT IS GOOD.
SCORE:  2 TO 2 

YOUR SHOT? 3
LAY UP.
SHOT IS GOOD.  TWO POINTS.
SCORE:  4 TO 2 

SET SHOT.
SHOT IS MISSED.
PANTHERS CONTROLS THE REBOUND.
SET SHOT.
SHOT IS MISSED.
PANTHERS CONTROLS THE REBOUND.
SET SHOT.
SHOT IS MISSED.
PANTHERS CONTROLS THE REBOUND.
PASS BACK TO PANTHERS GUARD.

SET SHOT.
SHOT IS GOOD.
SCORE:  4 TO 4 

YOUR SHOT? 3
LAY UP.
SHOT IS OFF THE RIM.
DARTMOUTH CONTROLS THE REBOUND.
LAY UP.
SHOT IS GOOD.  TWO POINTS.
SCORE:  6 TO 4 

JUMP SHOT.
PLAYER FOULED.  TWO SHOTS.
SHOOTER MAKES BOTH SHOTS.
SCORE:  6 TO 6 

YOUR SHOT? 3
LAY UP.
SHOOTER FOULED.  TWO SHOTS.
SHOOTER MAKES ONE SHOT AND MISSES ONE.
SCORE:  7 TO 6 

JUMP SHOT.
SHOT IS OFF RIM.
PANTHERS CONTROLS THE REBOUND.
PASS BACK TO PANTHERS GUARD.

JUMP SHOT.
SHOT IS OFF RIM.
DARTMOUTH CONTROLS THE REBOUND.

YOUR SHOT? 3
LAY UP.
SHOOTER FOULED.  TWO SHOTS.
SHOOTER MAKES ONE SHOT AND MISSES ONE.
SCORE:  8 TO 6 

JUMP SHOT.
SHOT IS OFF RIM.
DARTMOUTH CONTROLS THE REBOUND.

YOUR SHOT? 3
LAY UP.
SHOT IS GOOD.  TWO POINTS.
SCORE:  10 TO 6 

LAY UP.
SHOT IS MISSED.
PANTHERS CONTROLS THE REBOUND.
PASS BACK TO PANTHERS GUARD.

JUMP SHOT.
SHOT IS GOOD.
SCORE:  10 TO 8 

YOUR SHOT? 3
LAY UP.
SHOOTER FOULED.  TWO SHOTS.
SHOOTER MAKES BOTH SHOTS.
SCORE:  12 TO 8 

SET SHOT.
SHOT IS MISSED.
PANTHERS CONTROLS THE REBOUND.
PASS BACK TO PANTHERS GUARD.

SET SHOT.
SHOT IS GOOD.
SCORE:  12 TO 10 

YOUR SHOT? 3
LAY UP.
SHOT IS OFF THE RIM.
DARTMOUTH CONTROLS THE REBOUND.
BALL PASSED BACK TO YOU.YOUR SHOT? 3
LAY UP.
SHOT IS OFF THE RIM.
PANTHERS CONTROLS THE REBOUND.

JUMP SHOT.
SHOT IS OFF RIM.
PANTHERS CONTROLS THE REBOUND.
PASS BACK TO PANTHERS GUARD.

JUMP SHOT.
PLAYER FOULED.  TWO SHOTS.
SHOOTER MAKES ONE SHOT AND MISSES ONE.
SCORE:  12 TO 11 

YOUR SHOT? 3
LAY UP.
SHOT IS GOOD.  TWO POINTS.
SCORE:  14 TO 11 

LAY UP.
SHOT IS GOOD.
SCORE:  14 TO 13 

YOUR SHOT? 3
LAY UP.
SHOT IS GOOD.  TWO POINTS.
SCORE:  16 TO 13 

LAY UP.
SHOT IS MISSED.
PANTHERS CONTROLS THE REBOUND.
PASS BACK TO PANTHERS GUARD.

SET SHOT.
SHOT IS MISSED.
DARTMOUTH CONTROLS THE REBOUND.

YOUR SHOT? 3
LAY UP.
SHOT IS GOOD.  TWO POINTS.
SCORE:  18 TO 13 

JUMP SHOT.
SHOT IS GOOD.
SCORE:  18 TO 15 

YOUR SHOT? 3
LAY UP.
SHOT IS GOOD.  TWO POINTS.
SCORE:  20 TO 15 

LAY UP.
SHOT IS MISSED.
PANTHERS CONTROLS THE REBOUND.
PASS BACK TO PANTHERS GUARD.

JUMP SHOT.
PLAYER FOULED.  TWO SHOTS.
SHOOTER MAKES BOTH SHOTS.
SCORE:  20 TO 17 

YOUR SHOT? 3
LAY UP.
SHOT IS GOOD.  TWO POINTS.
SCORE:  22 TO 17 

JUMP SHOT.
PLAYER FOULED.  TWO SHOTS.
SHOOTER MAKES BOTH SHOTS.
SCORE:  22 TO 19 

YOUR SHOT? 3
LAY UP.
SHOT IS OFF THE RIM.
PANTHERS CONTROLS THE REBOUND.

LAY UP.
SHOT IS GOOD.
SCORE:  22 TO 21 

YOUR SHOT? 3
LAY UP.
SHOT IS GOOD.  TWO POINTS.
SCORE:  24 TO 21 

JUMP SHOT.
PLAYER FOULED.  TWO SHOTS.
SHOOTER MAKES BOTH SHOTS.
SCORE:  24 TO 23 

YOUR SHOT? 3
LAY UP.
SHOT IS GOOD.  TWO POINTS.
SCORE:  26 TO 23 

JUMP SHOT.
OFFENSIVE FOUL.  DARTMOUTH'S BALL.

YOUR SHOT? 3
LAY UP.
SHOT IS OFF THE RIM.
DARTMOUTH CONTROLS THE REBOUND.
LAY UP.
SHOOTER FOULED.  TWO SHOTS.
SHOOTER MAKES ONE SHOT AND MISSES ONE.
SCORE:  27 TO 23 

JUMP SHOT.
SHOT IS GOOD.
SCORE:  27 TO 25 

YOUR SHOT? 3
LAY UP.
SHOT IS OFF THE RIM.
PANTHERS CONTROLS THE REBOUND.

LAY UP.
SHOT IS MISSED.
DARTMOUTH CONTROLS THE REBOUND.

YOUR SHOT? 3
LAY UP.
SHOT IS OFF THE RIM.
PANTHERS CONTROLS THE REBOUND.

   ***** END OF FIRST HALF *****

SCORE: DARTMOUTH: 27   PANTHERS: 25 


CENTER JUMP
DARTMOUTH CONTROLS THE TAP.

YOUR SHOT? 3
LAY UP.
SHOT IS GOOD.  TWO POINTS.
SCORE:  29 TO 25 

LAY UP.
SHOT IS MISSED.
PANTHERS CONTROLS THE REBOUND.
PASS BACK TO PANTHERS GUARD.

SET SHOT.
SHOT IS MISSED.
DARTMOUTH CONTROLS THE REBOUND.

YOUR SHOT? 3
LAY UP.
SHOT IS GOOD.  TWO POINTS.
SCORE:  31 TO 25 

SET SHOT.
SHOT IS GOOD.
SCORE:  31 TO 27 

YOUR SHOT? 3
LAY UP.
SHOT IS OFF THE RIM.
PANTHERS CONTROLS THE REBOUND.

SET SHOT.
SHOT IS MISSED.
PANTHERS CONTROLS THE REBOUND.
PASS BACK TO PANTHERS GUARD.

LAY UP.
SHOT IS MISSED.
DARTMOUTH CONTROLS THE REBOUND.

YOUR SHOT? 3
LAY UP.
SHOOTER FOULED.  TWO SHOTS.
SHOOTER MAKES ONE SHOT AND MISSES ONE.
SCORE:  32 TO 27 

JUMP SHOT.
SHOT IS GOOD.
SCORE:  32 TO 29 

YOUR SHOT? 3
LAY UP.
SHOT IS OFF THE RIM.
DARTMOUTH CONTROLS THE REBOUND.
BALL PASSED BACK TO YOU.YOUR SHOT? 3
LAY UP.
SHOT IS OFF THE RIM.
PANTHERS CONTROLS THE REBOUND.

JUMP SHOT.
SHOT IS OFF RIM.
PANTHERS CONTROLS THE REBOUND.
PASS BACK TO PANTHERS GUARD.

JUMP SHOT.
SHOT IS OFF RIM.
PANTHERS CONTROLS THE REBOUND.
PASS BACK TO PANTHERS GUARD.

JUMP SHOT.
SHOT IS OFF RIM.
DARTMOUTH CONTROLS THE REBOUND.

YOUR SHOT? 3
LAY UP.
SHOT IS GOOD.  TWO POINTS.
SCORE:  34 TO 29 

SET SHOT.
SHOT IS GOOD.
SCORE:  34 TO 31 

YOUR SHOT? 3
LAY UP.
SHOT IS OFF THE RIM.
PANTHERS CONTROLS THE REBOUND.

LAY UP.
SHOT IS MISSED.
DARTMOUTH CONTROLS THE REBOUND.

YOUR SHOT? 3
LAY UP.
SHOT IS OFF THE RIM.
DARTMOUTH CONTROLS THE REBOUND.
BALL PASSED BACK TO YOU.YOUR SHOT? 3
LAY UP.
SHOOTER FOULED.  TWO SHOTS.
SHOOTER MAKES BOTH SHOTS.
SCORE:  36 TO 31 

LAY UP.
SHOT IS MISSED.
PANTHERS CONTROLS THE REBOUND.
LAY UP.
SHOT IS GOOD.
SCORE:  36 TO 33 

YOUR SHOT? 3
LAY UP.
SHOT IS OFF THE RIM.
DARTMOUTH CONTROLS THE REBOUND.
BALL PASSED BACK TO YOU.YOUR SHOT? 3
LAY UP.
SHOT IS GOOD.  TWO POINTS.
SCORE:  38 TO 33 

LAY UP.
SHOT IS MISSED.
PANTHERS CONTROLS THE REBOUND.
LAY UP.
SHOT IS MISSED.
PANTHERS CONTROLS THE REBOUND.
PASS BACK TO PANTHERS GUARD.

JUMP SHOT.
SHOT IS GOOD.
SCORE:  38 TO 35 

YOUR SHOT? 3
LAY UP.
SHOT IS OFF THE RIM.
PANTHERS CONTROLS THE REBOUND.

JUMP SHOT.
SHOT IS OFF RIM.
PANTHERS CONTROLS THE REBOUND.
LAY UP.
SHOT IS MISSED.
PANTHERS CONTROLS THE REBOUND.
PASS BACK TO PANTHERS GUARD.

LAY UP.
SHOT IS MISSED.
PANTHERS CONTROLS THE REBOUND.
LAY UP.
SHOT IS MISSED.
PANTHERS CONTROLS THE REBOUND.
LAY UP.
SHOT IS MISSED.
DARTMOUTH CONTROLS THE REBOUND.

YOUR SHOT? 3
LAY UP.
SHOT IS GOOD.  TWO POINTS.
SCORE:  40 TO 35 

LAY UP.
SHOT IS GOOD.
SCORE:  40 TO 37 

YOUR SHOT? 3
LAY UP.
SHOT IS GOOD.  TWO POINTS.
SCORE:  42 TO 37 

SET SHOT.
SHOT IS MISSED.
DARTMOUTH CONTROLS THE REBOUND.

YOUR SHOT? 3
LAY UP.
SHOT IS OFF THE RIM.
PANTHERS CONTROLS THE REBOUND.

LAY UP.
SHOT IS GOOD.
SCORE:  42 TO 39 

YOUR SHOT? 3
LAY UP.
SHOT IS GOOD.  TWO POINTS.
SCORE:  44 TO 39 

LAY UP.
SHOT IS GOOD.
SCORE:  44 TO 41 

YOUR SHOT? 3
LAY UP.
SHOOTER FOULED.  TWO SHOTS.
SHOOTER MAKES BOTH SHOTS.
SCORE:  46 TO 41 

LAY UP.
SHOT IS GOOD.
SCORE:  46 TO 43 

YOUR SHOT? 3
LAY UP.
SHOT IS GOOD.  TWO POINTS.
SCORE:  48 TO 43 

LAY UP.
SHOT IS GOOD.
SCORE:  48 TO 45 

YOUR SHOT? 3

   *** TWO MINUTES LEFT IN THE GAME ***

LAY UP.
SHOT IS OFF THE RIM.
DARTMOUTH CONTROLS THE REBOUND.
BALL PASSED BACK TO YOU.YOUR SHOT? 3
LAY UP.
SHOT IS GOOD.  TWO POINTS.
SCORE:  50 TO 45 

SET SHOT.
SHOT IS MISSED.
DARTMOUTH CONTROLS THE REBOUND.

YOUR SHOT? 3
LAY UP.
SHOT IS OFF THE RIM.
DARTMOUTH CONTROLS THE REBOUND.
LAY UP.
SHOT IS GOOD.  TWO POINTS.
SCORE:  52 TO 45 

SET SHOT.
SHOT IS MISSED.
PANTHERS CONTROLS THE REBOUND.
SET SHOT.
SHOT IS GOOD.
SCORE:  52 TO 47 

YOUR SHOT? 3
LAY UP.
SHOT BLOCKED. PANTHERS'S BALL.

LAY UP.
SHOT IS GOOD.
SCORE:  52 TO 49 

YOUR SHOT? 3
LAY UP.
SHOT IS GOOD.  TWO POINTS.
SCORE:  54 TO 49 

LAY UP.
SHOT IS MISSED.
DARTMOUTH CONTROLS THE REBOUND.

YOUR SHOT? 3

   ***** END OF GAME *****
FINAL SCORE: DARTMOUTH: 54   PANTHERS: 49 
OK
