
MICROSOFT BASIC REV. 4.0 - ALTAIR VERSION
[8K VERSION]
COPYRIGHT 1976 BY MICROSOFT
C VERSION COPYRIGHT 2025 BY TIM BUCHALKA

61895 BYTES FREE

                                 SLALOM
               CREATIVE COMPUTING  MORRISTOWN, NEW JERSEY



HOW MANY GATES DOES THIS COURSE HAVE (1 TO 25)? 8

TYPE "INS" FOR INSTRUCTIONS
TYPE "MAX" FOR APPROXIMATE MAXIMUM SPEEDS
TYPE "RUN" FOR THE BEGINNING OF THE RACE
COMMAND--? RUN
RATE YOURSELF AS A SKIER, (1=WORST, 3=BEST)? 1
THE STARTER COUNTS DOWN...5...4...3...2...1...GO!
YOU'RE OFF!

HERE COMES GATE # 1:
 11 M.P.H.
OPTION? 4
 11 M.P.H.

HERE COMES GATE # 2:
 11 M.P.H.
OPTION? 4
 11 M.P.H.

HERE COMES GATE # 3:
 11 M.P.H.
OPTION? 4
 11 M.P.H.

HERE COMES GATE # 4:
 11 M.P.H.
OPTION? 4
 11 M.P.H.

HERE COMES GATE # 5:
 11 M.P.H.
OPTION? 4
 11 M.P.H.

HERE COMES GATE # 6:
 11 M.P.H.
OPTION? 4
 11 M.P.H.

HERE COMES GATE # 7:
 11 M.P.H.
OPTION? 4
 11 M.P.H.

HERE COMES GATE # 8:
 11 M.P.H.
OPTION? 4
 11 M.P.H.

YOU TOOK 110.305 SECONDS.

DO YOU WANT TO RACE AGAIN? NO
THANKS FOR THE RACE
OK
