
MICROSOFT BASIC REV. 4.0 - ALTAIR VERSION
[8K VERSION]
COPYRIGHT 1976 BY MICROSOFT
C VERSION COPYRIGHT 2025 BY TIM BUCHALKA

62879 BYTES FREE

                                 COMBAT
               CREATIVE COMPUTING  MORRISTOWN, NEW JERSEY



I AM AT WAR WITH YOU.
WE HAVE 72000 SOLDIERS APIECE.

DISTRIBUTE YOUR FORCES.
              ME              YOU
ARMY           30000        ? 30000
NAVY           20000        ? 22000
A. F.          22000        ? 20000
YOU ATTACK FIRST. TYPE (1) FOR ARMY; (2) FOR NAVY;
AND (3) FOR AIR FORCE.
? 1
HOW MANY MEN
? 5000
YOU LOST 5000 MEN FROM YOUR ARMY.

              YOU           ME
ARMY           25000         30000 
NAVY           22000         20000 
A. F.          20000         22000 
WHAT IS YOUR NEXT MOVE?
ARMY=1  NAVY=2  AIR FORCE=3
? 2
HOW MANY MEN
? 3000
I SUNK TWO OF YOUR BATTLESHIPS, AND MY AIR FORCE
WIPED OUT YOUR UNGAURDED CAPITOL.

FROM THE RESULTS OF BOTH OF YOUR ATTACKS,
YOU LOST-I CONQUERED YOUR COUNTRY.  IT SERVES YOU
RIGHT FOR PLAYING THIS STUPID GAME!!!
OK
