HORIZONTAL? 1
VERTICAL? 1
CENTERED? Y
CHARACTER (TYPE 'ALL' IF YOU WANT CHARACTER BEING PRINTED)? ALL
STATEMENT? TEST 123
SET PAGE? N
                                                                   T
                                                                   T
                                                                   T
                                                           TTTTTTTTT
                                                                   T
                                                                   T
                                                                   T


                                                           EEEEEEEEE
                                                           E   E   E
                                                           E   E   E
                                                           E   E   E
                                                           E   E   E
                                                           E       E
                                                           E       E


                                                             S   S
                                                            S   S S
                                                           S   S   S
                                                           S   S   S
                                                           S   S   S
                                                            S S   S
                                                             S   S


                                                                   T
                                                                   T
                                                                   T
                                                           TTTTTTTTT
                                                                   T
                                                                   T
                                                                   T









                                                                    
                                                                    
                                                           1     1
                                                           1      1
                                                           111111111
                                                           1
                                                           1


                                                           2     2
                                                           22     2
                                                           2 2     2
                                                           2  2    2
                                                           2   2   2
                                                           2    2 2
                                                           2     2


                                                             3     3
                                                            3      3
                                                           3       3
                                                           3   3   3
                                                           3    3  3
                                                            3  3 3 3
                                                             33   33













































































OK

