HORIZONTAL? 1
VERTICAL? 1
CENTERED? Y
CHARACTER (TYPE 'ALL' IF YOU WANT CHARACTER BEING PRINTED)? ALL
STATEMENT? HELLO
SET PAGE? N
                                                           HHHHHHHHH
                                                               H
                                                               H
                                                               H
                                                               H
                                                               H
                                                           HHHHHHHHH


                                                           EEEEEEEEE
                                                           E   E   E
                                                           E   E   E
                                                           E   E   E
                                                           E   E   E
                                                           E       E
                                                           E       E


                                                           LLLLLLLLL
                                                           L
                                                           L
                                                           L
                                                           L
                                                           L
                                                           L


                                                           LLLLLLLLL
                                                           L
                                                           L
                                                           L
                                                           L
                                                           L
                                                           L


                                                             OOOOO
                                                            O     O
                                                           O       O
                                                           O       O
                                                           O       O
                                                            O     O
                                                             OOOOO













































































OK

