HORIZONTAL? 1
VERTICAL? 1
CENTERED? N
CHARACTER (TYPE 'ALL' IF YOU WANT CHARACTER BEING PRINTED)? #
STATEMENT? 12345
SET PAGE? N
  
  
 #     #
 #      #
 #########
 #
 #


 #     #
 ##     #
 # #     #
 #  #    #
 #   #   #
 #    # #
 #     #


   #     #
  #      #
 #       #
 #   #   #
 #    #  #
  #  # # #
   ##   ##


    #
    ##
    # #
    #  #
    #   #
 #########
    #


  #  #####
 #   #   #
 #   #   #
 #   #   #
 #   #   #
 #   #   #
  ###    #













































































OK

