HORIZONTAL? 1
VERTICAL? 1
CENTERED? Y
CHARACTER (TYPE 'ALL' IF YOU WANT CHARACTER BEING PRINTED)? ?
STATEMENT? WHAT?
SET PAGE? N
                                                            ????????
                                                           ?
                                                            ?
                                                             ?
                                                            ?
                                                           ?
                                                            ????????


                                                           ?????????
                                                               ?
                                                               ?
                                                               ?
                                                               ?
                                                               ?
                                                           ?????????


                                                           ??????
                                                              ?  ?
                                                              ?   ?
                                                              ?    ?
                                                              ?   ?
                                                              ?  ?
                                                           ??????


                                                                   ?
                                                                   ?
                                                                   ?
                                                           ?????????
                                                                   ?
                                                                   ?
                                                                   ?


                                                                 ?
                                                                  ?
                                                                   ?
                                                           ? ??    ?
                                                               ?   ?
                                                                ? ?
                                                                 ?













































































OK

