HORIZONTAL? 2
VERTICAL? 2
CENTERED? Y
CHARACTER (TYPE 'ALL' IF YOU WANT CHARACTER BEING PRINTED)? *
STATEMENT? HI
SET PAGE? N
                                                       *****************
*
                                                       *****************
*
                                                               **
                                                               **
                                                               **
                                                               **
                                                               **
                                                               **
                                                               **
                                                               **
                                                               **
                                                               **
                                                       *****************
*
                                                       *****************
*




                                                       **              *
*
                                                       **              *
*
                                                       **              *
*
                                                       **              *
*
                                                       **              *
*
                                                       **              *
*
                                                       *****************
*
                                                       *****************
*
                                                       **              *
*
                                                       **              *
*
                                                       **              *
*
                                                       **              *
*
                                                       **              *
*
                                                       **              *
*















































































OK

