                                REVERSE
               CREATIVE COMPUTING  MORRISTOWN, NEW JERSEY



REVERSE -- A GAME OF SKILL

DO YOU WANT THE RULES? NO

HERE WE GO ... THE LIST IS:

 3  5  1  8  4  9  7  6  2 

HOW MANY SHALL I REVERSE? 7

 7  9  4  8  1  5  3  6  2 

HOW MANY SHALL I REVERSE? 6

 5  1  8  4  9  7  3  6  2 

HOW MANY SHALL I REVERSE? 5

 9  4  8  1  5  7  3  6  2 

HOW MANY SHALL I REVERSE? 4

 1  8  4  9  5  7  3  6  2 

HOW MANY SHALL I REVERSE? 3

 4  8  1  9  5  7  3  6  2 

HOW MANY SHALL I REVERSE? 9

 2  6  3  7  5  9  1  8  4 

HOW MANY SHALL I REVERSE? NO

TRY AGAIN (YES OR NO)? 

O.K. HOPE YOU HAD FUN!!
OK

