                                BULLSEYE
               CREATIVE COMPUTING  MORRISTOWN, NEW JERSEY



IN THIS GAME, UP TO 20 PLAYERS THROW DARTS AT A TARGET
WITH 10, 20, 30, AND 40 POINT ZONES.  THE OBJECTIVE IS
TO GET 200 POINTS.

THROW               DESCRIPTION              PROBABLE SCORE
 1                  FAST OVERARM             BULLSEYE OR COMPLETE MISS
 2                  CONTROLLED OVERARM       10, 20 OR 30 POINTS
 3                  UNDERARM                 ANYTHING

HOW MANY PLAYERS? 1

NAME OF PLAYER # 1 ? Joe

ROUND 1 
---------

'S THROW? 2
WHEW!  10 POINTS.
TOTAL SCORE = 10 

ROUND 2 
---------

'S THROW? 2
WHEW!  10 POINTS.
TOTAL SCORE = 20 

ROUND 3 
---------

'S THROW? 2
WHEW!  10 POINTS.
TOTAL SCORE = 30 

ROUND 4 
---------

'S THROW? 2
20-POINT ZONE
TOTAL SCORE = 50 

ROUND 5 
---------

'S THROW? 2
WHEW!  10 POINTS.
TOTAL SCORE = 60 

ROUND 6 
---------

'S THROW? 2
30-POINT ZONE!
TOTAL SCORE = 90 

ROUND 7 
---------

'S THROW? 2
20-POINT ZONE
TOTAL SCORE = 110 

ROUND 8 
---------

'S THROW? 2
WHEW!  10 POINTS.
TOTAL SCORE = 120 

ROUND 9 
---------

'S THROW? 2
30-POINT ZONE!
TOTAL SCORE = 150 

ROUND 10 
---------

'S THROW? 2
30-POINT ZONE!
TOTAL SCORE = 180 

ROUND 11 
---------

'S THROW? 2
20-POINT ZONE
TOTAL SCORE = 200 

WE HAVE A WINNER!!

 SCORED 200 POINTS.

THANKS FOR THE GAME.
OK
