                               BASKETBALL
               CREATIVE COMPUTING  MORRISTOWN, NEW JERSEY



THIS IS DARTMOUTH COLLEGE BASKETBALL.  YOU WILL BE DARTMOUTH
 CAPTAIN AND PLAYMAKER.  CALL SHOTS AS FOLLOWS:  1. LONG
 (30 FT.) JUMP SHOT; 2. SHORT (15 FT.) JUMP SHOT; 3. LAY
 UP; 4. SET SHOT.
BOTH TEAMS WILL USE THE SAME DEFENSE.  CALL DEFENSE AS
FOLLOWS:  6. PRESS; 6.5 MAN-TO MAN; 7. ZONE; 7.5 NONE.
TO CHANGE DEFENSE, JUST TYPE 0 AS YOUR NEXT SHOT.
YOUR STARTING DEFENSE WILL BE? 6

CHOOSE YOUR OPPONENT? WILDCATS
CENTER JUMP
WILDCATS CONTROLS THE TAP.

JUMP SHOT.
SHOT IS OFF RIM.
DARTMOUTH CONTROLS THE REBOUND.

YOUR SHOT? 3
LAY UP.
SHOT IS OFF THE RIM.
DARTMOUTH CONTROLS THE REBOUND.
BALL PASSED BACK TO YOU.YOUR SHOT? 3
LAY UP.
SHOT IS GOOD.  TWO POINTS.
SCORE:  2 TO 0 

SET SHOT.
SHOT IS GOOD.
SCORE:  2 TO 2 

YOUR SHOT? 3
LAY UP.
SHOT IS GOOD.  TWO POINTS.
SCORE:  4 TO 2 

SET SHOT.
SHOT IS MISSED.
WILDCATS CONTROLS THE REBOUND.
BALL STOLEN.  EASY LAY UP FOR DARTMOUTH.
SCORE:  6 TO 2 

SET SHOT.
SHOT IS MISSED.
WILDCATS CONTROLS THE REBOUND.
SET SHOT.
SHOT IS MISSED.
WILDCATS CONTROLS THE REBOUND.
SET SHOT.
SHOT IS MISSED.
DARTMOUTH CONTROLS THE REBOUND.

YOUR SHOT? 3
LAY UP.
SHOT IS GOOD.  TWO POINTS.
SCORE:  8 TO 2 

JUMP SHOT.
SHOT IS GOOD.
SCORE:  8 TO 4 

YOUR SHOT? 3
LAY UP.
SHOT IS OFF THE RIM.
WILDCATS CONTROLS THE REBOUND.

JUMP SHOT.
PLAYER FOULED.  TWO SHOTS.
SHOOTER MAKES ONE SHOT AND MISSES ONE.
SCORE:  8 TO 5 

YOUR SHOT? 3
LAY UP.
SHOT IS OFF THE RIM.
DARTMOUTH CONTROLS THE REBOUND.
BALL PASSED BACK TO YOU.YOUR SHOT? 3
LAY UP.
SHOT IS OFF THE RIM.
WILDCATS CONTROLS THE REBOUND.

JUMP SHOT.
PLAYER FOULED.  TWO SHOTS.
SHOOTER MAKES ONE SHOT AND MISSES ONE.
SCORE:  8 TO 6 

YOUR SHOT? 3
LAY UP.
SHOT IS OFF THE RIM.
WILDCATS CONTROLS THE REBOUND.

LAY UP.
SHOT IS GOOD.
SCORE:  8 TO 8 

YOUR SHOT? 3
LAY UP.
SHOOTER FOULED.  TWO SHOTS.
SHOOTER MAKES BOTH SHOTS.
SCORE:  10 TO 8 

JUMP SHOT.
SHOT IS GOOD.
SCORE:  10 TO 10 

YOUR SHOT? 3
LAY UP.
SHOT IS OFF THE RIM.
WILDCATS CONTROLS THE REBOUND.

SET SHOT.
SHOT IS MISSED.
WILDCATS CONTROLS THE REBOUND.
SET SHOT.
SHOT IS GOOD.
SCORE:  10 TO 12 

YOUR SHOT? 3
LAY UP.
SHOT IS OFF THE RIM.
DARTMOUTH CONTROLS THE REBOUND.
BALL PASSED BACK TO YOU.YOUR SHOT? 3
LAY UP.
SHOT IS OFF THE RIM.
WILDCATS CONTROLS THE REBOUND.

JUMP SHOT.
SHOT IS OFF RIM.
WILDCATS CONTROLS THE REBOUND.
PASS BACK TO WILDCATS GUARD.

LAY UP.
SHOT IS MISSED.
DARTMOUTH CONTROLS THE REBOUND.

YOUR SHOT? 3
LAY UP.
SHOT IS OFF THE RIM.
WILDCATS CONTROLS THE REBOUND.

LAY UP.
SHOT IS GOOD.
SCORE:  10 TO 14 

YOUR SHOT? 3
LAY UP.
SHOT IS GOOD.  TWO POINTS.
SCORE:  12 TO 14 

LAY UP.
SHOT IS MISSED.
WILDCATS CONTROLS THE REBOUND.
LAY UP.
SHOT IS MISSED.
DARTMOUTH CONTROLS THE REBOUND.

YOUR SHOT? 3
LAY UP.
SHOT IS GOOD.  TWO POINTS.
SCORE:  14 TO 14 

JUMP SHOT.
SHOT IS GOOD.
SCORE:  14 TO 16 

YOUR SHOT? 3
LAY UP.
SHOT IS GOOD.  TWO POINTS.
SCORE:  16 TO 16 

LAY UP.
SHOT IS MISSED.
WILDCATS CONTROLS THE REBOUND.
PASS BACK TO WILDCATS GUARD.

LAY UP.
SHOT IS MISSED.
WILDCATS CONTROLS THE REBOUND.
LAY UP.
SHOT IS GOOD.
SCORE:  16 TO 18 

YOUR SHOT? 3
LAY UP.
SHOOTER FOULED.  TWO SHOTS.
SHOOTER MAKES BOTH SHOTS.
SCORE:  18 TO 18 

JUMP SHOT.
SHOT IS OFF RIM.
DARTMOUTH CONTROLS THE REBOUND.

YOUR SHOT? 3
LAY UP.
SHOT IS GOOD.  TWO POINTS.
SCORE:  20 TO 18 

LAY UP.
SHOT IS GOOD.
SCORE:  20 TO 20 

YOUR SHOT? 3
LAY UP.
SHOOTER FOULED.  TWO SHOTS.
SHOOTER MAKES BOTH SHOTS.
SCORE:  22 TO 20 

SET SHOT.
SHOT IS MISSED.
DARTMOUTH CONTROLS THE REBOUND.

YOUR SHOT? 3
LAY UP.
CHARGING FOUL.  DARTMOUTH LOSES THE BALL.

JUMP SHOT.
SHOT IS OFF RIM.
WILDCATS CONTROLS THE REBOUND.
BALL STOLEN.  EASY LAY UP FOR DARTMOUTH.
SCORE:  24 TO 20 

JUMP SHOT.
SHOT IS OFF RIM.
DARTMOUTH CONTROLS THE REBOUND.

YOUR SHOT? 3
LAY UP.
SHOT IS GOOD.  TWO POINTS.
SCORE:  26 TO 20 

LAY UP.
SHOT IS GOOD.
SCORE:  26 TO 22 

YOUR SHOT? 3
LAY UP.
SHOOTER FOULED.  TWO SHOTS.
SHOOTER MAKES BOTH SHOTS.
SCORE:  28 TO 22 

SET SHOT.
SHOT IS GOOD.
SCORE:  28 TO 24 

YOUR SHOT? 3
LAY UP.
SHOOTER FOULED.  TWO SHOTS.
SHOOTER MAKES ONE SHOT AND MISSES ONE.
SCORE:  29 TO 24 

SET SHOT.
SHOT IS GOOD.
SCORE:  29 TO 26 

YOUR SHOT? 3
LAY UP.
SHOT IS OFF THE RIM.
WILDCATS CONTROLS THE REBOUND.

   ***** END OF FIRST HALF *****

SCORE: DARTMOUTH: 29   WILDCATS: 26 


CENTER JUMP
WILDCATS CONTROLS THE TAP.

SET SHOT.
SHOT IS GOOD.
SCORE:  29 TO 28 

YOUR SHOT? 3
LAY UP.
SHOT IS OFF THE RIM.
WILDCATS CONTROLS THE REBOUND.

SET SHOT.
SHOT IS MISSED.
WILDCATS CONTROLS THE REBOUND.
SET SHOT.
SHOT IS MISSED.
DARTMOUTH CONTROLS THE REBOUND.

YOUR SHOT? 3
LAY UP.
SHOOTER FOULED.  TWO SHOTS.
SHOOTER MAKES ONE SHOT AND MISSES ONE.
SCORE:  30 TO 28 

JUMP SHOT.
SHOT IS GOOD.
SCORE:  30 TO 30 

YOUR SHOT? 3
LAY UP.
SHOT IS OFF THE RIM.
DARTMOUTH CONTROLS THE REBOUND.
BALL PASSED BACK TO YOU.YOUR SHOT? 3
LAY UP.
SHOT IS OFF THE RIM.
WILDCATS CONTROLS THE REBOUND.

JUMP SHOT.
SHOT IS OFF RIM.
DARTMOUTH CONTROLS THE REBOUND.

YOUR SHOT? 3
LAY UP.
SHOT IS GOOD.  TWO POINTS.
SCORE:  32 TO 30 

LAY UP.
SHOT IS MISSED.
WILDCATS CONTROLS THE REBOUND.
PASS BACK TO WILDCATS GUARD.

SET SHOT.
SHOT IS GOOD.
SCORE:  32 TO 32 

YOUR SHOT? 3
LAY UP.
SHOT IS GOOD.  TWO POINTS.
SCORE:  34 TO 32 

JUMP SHOT.
SHOT IS OFF RIM.
DARTMOUTH CONTROLS THE REBOUND.

YOUR SHOT? 3
LAY UP.
SHOT IS GOOD.  TWO POINTS.
SCORE:  36 TO 32 

LAY UP.
SHOT IS MISSED.
WILDCATS CONTROLS THE REBOUND.
PASS BACK TO WILDCATS GUARD.

LAY UP.
SHOT IS MISSED.
WILDCATS CONTROLS THE REBOUND.
BALL STOLEN.  EASY LAY UP FOR DARTMOUTH.
SCORE:  38 TO 32 

LAY UP.
SHOT IS MISSED.
WILDCATS CONTROLS THE REBOUND.
PASS BACK TO WILDCATS GUARD.

LAY UP.
SHOT IS MISSED.
WILDCATS CONTROLS THE REBOUND.
PASS BACK TO WILDCATS GUARD.

LAY UP.
SHOT IS MISSED.
DARTMOUTH CONTROLS THE REBOUND.

YOUR SHOT? 3
LAY UP.
SHOT IS OFF THE RIM.
WILDCATS CONTROLS THE REBOUND.

LAY UP.
SHOT IS MISSED.
WILDCATS CONTROLS THE REBOUND.
BALL STOLEN.  EASY LAY UP FOR DARTMOUTH.
SCORE:  40 TO 32 

SET SHOT.
SHOT IS MISSED.
DARTMOUTH CONTROLS THE REBOUND.

YOUR SHOT? 3
LAY UP.
SHOT IS GOOD.  TWO POINTS.
SCORE:  42 TO 32 

SET SHOT.
SHOT IS MISSED.
DARTMOUTH CONTROLS THE REBOUND.

YOUR SHOT? 3
LAY UP.
SHOT IS GOOD.  TWO POINTS.
SCORE:  44 TO 32 

LAY UP.
SHOT IS MISSED.
DARTMOUTH CONTROLS THE REBOUND.

YOUR SHOT? 3
LAY UP.
SHOOTER FOULED.  TWO SHOTS.
SHOOTER MAKES ONE SHOT AND MISSES ONE.
SCORE:  45 TO 32 

LAY UP.
SHOT IS MISSED.
WILDCATS CONTROLS THE REBOUND.
BALL STOLEN.  EASY LAY UP FOR DARTMOUTH.
SCORE:  47 TO 32 

SET SHOT.
SHOT IS MISSED.
DARTMOUTH CONTROLS THE REBOUND.

YOUR SHOT? 3
LAY UP.
SHOT IS GOOD.  TWO POINTS.
SCORE:  49 TO 32 

LAY UP.
SHOT IS MISSED.
WILDCATS CONTROLS THE REBOUND.
LAY UP.
SHOT IS MISSED.
DARTMOUTH CONTROLS THE REBOUND.

YOUR SHOT? 3
LAY UP.
SHOOTER FOULED.  TWO SHOTS.
SHOOTER MAKES ONE SHOT AND MISSES ONE.
SCORE:  50 TO 32 

JUMP SHOT.
SHOT IS GOOD.
SCORE:  50 TO 34 

YOUR SHOT? 3
LAY UP.
SHOT IS GOOD.  TWO POINTS.
SCORE:  52 TO 34 

JUMP SHOT.
PLAYER FOULED.  TWO SHOTS.
SHOOTER MAKES BOTH SHOTS.
SCORE:  52 TO 36 

YOUR SHOT? 3
LAY UP.
SHOT IS GOOD.  TWO POINTS.
SCORE:  54 TO 36 

JUMP SHOT.
SHOT IS GOOD.
SCORE:  54 TO 38 

YOUR SHOT? 3
LAY UP.
SHOT IS OFF THE RIM.
WILDCATS CONTROLS THE REBOUND.

LAY UP.
SHOT IS MISSED.
WILDCATS CONTROLS THE REBOUND.
PASS BACK TO WILDCATS GUARD.

SET SHOT.
SHOT IS MISSED.
DARTMOUTH CONTROLS THE REBOUND.

YOUR SHOT? 3
LAY UP.
SHOT IS OFF THE RIM.
DARTMOUTH CONTROLS THE REBOUND.

   *** TWO MINUTES LEFT IN THE GAME ***

LAY UP.
SHOOTER FOULED.  TWO SHOTS.
SHOOTER MAKES ONE SHOT AND MISSES ONE.
SCORE:  55 TO 38 

JUMP SHOT.
OFFENSIVE FOUL.  DARTMOUTH'S BALL.

YOUR SHOT? 3
LAY UP.
SHOOTER FOULED.  TWO SHOTS.
SHOOTER MAKES ONE SHOT AND MISSES ONE.
SCORE:  56 TO 38 

LAY UP.
SHOT IS MISSED.
DARTMOUTH CONTROLS THE REBOUND.

YOUR SHOT? 3
LAY UP.
SHOT IS OFF THE RIM.
WILDCATS CONTROLS THE REBOUND.

SET SHOT.
SHOT IS MISSED.
WILDCATS CONTROLS THE REBOUND.
PASS BACK TO WILDCATS GUARD.

JUMP SHOT.
SHOT IS GOOD.
SCORE:  56 TO 40 

YOUR SHOT? 3
LAY UP.
SHOT IS OFF THE RIM.
DARTMOUTH CONTROLS THE REBOUND.
BALL PASSED BACK TO YOU.YOUR SHOT? 3
LAY UP.
SHOT IS GOOD.  TWO POINTS.
SCORE:  58 TO 40 

JUMP SHOT.
SHOT IS OFF RIM.
DARTMOUTH CONTROLS THE REBOUND.

YOUR SHOT? 3

   ***** END OF GAME *****
FINAL SCORE: DARTMOUTH: 58   WILDCATS: 40 
OK

