
MICROSOFT BASIC REV. 4.0 - ALTAIR VERSION
[8K VERSION]
COPYRIGHT 1976 BY MICROSOFT
C VERSION COPYRIGHT 2025 BY TIM BUCHALKA

63403 BYTES FREE

                              SLOTS
               CREATIVE COMPUTING  MORRISTOWN, NEW JERSEY



YOU ARE IN THE H&M CASINO,IN FRONT OF ONE OF OUR
ONE-ARM BANDITS. BET FROM $1 TO $100.
TO PULL THE ARM, PUNCH THE RETURN KEY AFTER MAKING YOUR BET.

YOUR BET? 5


BELL BELL BELL

**TOP DOLLAR**
YOU WON!
YOUR STANDINGS ARE $ 55 
AGAIN? Y

YOUR BET? 10


LEMON BAR PLUM

YOU LOST.
YOUR STANDINGS ARE $ 45 
AGAIN? Y

YOUR BET? 15


ORANGE ORANGE CHERRY

DOUBLE!!
YOU WON!
YOUR STANDINGS ARE $ 90 
AGAIN? N

COLLECT YOUR WINNINGS FROM THE H&M CASHIER.
OK
