                                  KING
               CREATIVE COMPUTING  MORRISTOWN, NEW JERSEY



DO YOU WANT INSTRUCTIONS? N


YOU NOW HAVE  59940  RALLODS IN THE TREASURY.
 497 COUNTRYMEN, AND 2000 SQ. MILES OF LAND.
THIS YEAR INDUSTRY WILL BUY LAND FOR 95 RALLODS PER SQUARE MILE.
LAND CURRENTLY COSTS 13 RALLODS PER SQUARE MILE TO PLANT.

HOW MANY SQUARE MILES DO YOU WISH TO SELL TO INDUSTRY? 100
HOW MANY RALLODS WILL YOU DISTRIBUTE AMONG YOUR COUNTRYMEN? 50000
HOW MANY SQUARE MILES DO YOU WISH TO PLANT? 400
HOW MANY RALLODS DO YOU WISH TO SPEND ON POLLUTION CONTROL? 5000


 103 WORKERS CAME TO THE COUNTRY AND 198 COUNTRYMEN CAME TO THE ISLAND.
OF  400 SQ. MILES PLANTED, YOU HARVESTED  280 SQ. MILES OF CROPS.
   (DUE TO AIR AND WATER POLLUTION FROM FOREIGN INDUSTRY.)
MAKING 13300 RALLODS.
 YOU MADE 9797 RALLODS FROM TOURIST TRADE.

YOU NOW HAVE  45080  RALLODS IN THE TREASURY.
 695 COUNTRYMEN,  103 FOREIGN WORKERS, AND 1900 SQ. MILES OF LAND.
THIS YEAR INDUSTRY WILL BUY LAND FOR 95 RALLODS PER SQUARE MILE.
LAND CURRENTLY COSTS 14 RALLODS PER SQUARE MILE TO PLANT.

HOW MANY SQUARE MILES DO YOU WISH TO SELL TO INDUSTRY? 100
HOW MANY RALLODS WILL YOU DISTRIBUTE AMONG YOUR COUNTRYMEN? 50000
HOW MANY SQUARE MILES DO YOU WISH TO PLANT? 400
   THINK AGAIN. YOU'VE ONLY 4580  RALLODS LEFT IN THE TREASURY.
HOW MANY SQUARE MILES DO YOU WISH TO PLANT? 5000
   SORRY, BUT EACH COUNTRYMAN CAN ONLY PLANT 2 SQ. MILES.
HOW MANY SQUARE MILES DO YOU WISH TO PLANT? 100
HOW MANY RALLODS DO YOU WISH TO SPEND ON POLLUTION CONTROL? 50000
   THINK AGAIN. YOU ONLY HAVE  3180  RALLODS REMAINING.
HOW MANY RALLODS DO YOU WISH TO SPEND ON POLLUTION CONTROL? 400


 195 COUNTRYMEN DIED OF STARVATION
   YOU WERE FORCED TO SPEND 1755 RALLODS ON FUNERAL EXPENSES
 108 WORKERS CAME TO THE COUNTRY AND 12 COUNTRYMEN CAME TO THE ISLAND.
OF  100 SQ. MILES PLANTED, YOU HARVESTED  0 SQ. MILES OF CROPS.
   (DUE TO AIR AND WATER POLLUTION FROM FOREIGN INDUSTRY.)
MAKING 0 RALLODS.
 YOU MADE 8330 RALLODS FROM TOURIST TRADE.
   DECREASE BECAUSE MINERAL BATHS ARE BEING RUINED BY WATER POLLUTION.

MONEY WAS LEFT OVER IN THE TREASURY WHICH YOU DID
NOT SPEND. AS A RESULT, SOME OF YOUR COUNTRYMEN DIED
OF STARVATION. THE PUBLIC IS ENRAGED AND YOU HAVE
BEEN FORCED TO EITHER RESIGN OR COMMIT SUICIDE.
THE CHOICE IS YOURS.
IF YOU CHOOSE THE LATTER, PLEASE TURN OFF YOUR COMPUTER
BEFORE PROCEEDING.


OK

