                                  KING
               CREATIVE COMPUTING  MORRISTOWN, NEW JERSEY



DO YOU WANT INSTRUCTIONS? N


YOU NOW HAVE  59940  RALLODS IN THE TREASURY.
 497 COUNTRYMEN, AND 2000 SQ. MILES OF LAND.
THIS YEAR INDUSTRY WILL BUY LAND FOR 95 RALLODS PER SQUARE MILE.
LAND CURRENTLY COSTS 13 RALLODS PER SQUARE MILE TO PLANT.

HOW MANY SQUARE MILES DO YOU WISH TO SELL TO INDUSTRY? 0
HOW MANY RALLODS WILL YOU DISTRIBUTE AMONG YOUR COUNTRYMEN? 49700
HOW MANY SQUARE MILES DO YOU WISH TO PLANT? 400
HOW MANY RALLODS DO YOU WISH TO SPEND ON POLLUTION CONTROL? 0


 0 COUNTRYMEN CAME TO THE ISLAND.
 YOU HARVESTED  400 SQ. MILES OF CROPS.
MAKING 19000 RALLODS.
 YOU MADE 11426 RALLODS FROM TOURIST TRADE.

YOU NOW HAVE  48080  RALLODS IN THE TREASURY.
 497 COUNTRYMEN, AND 2000 SQ. MILES OF LAND.
THIS YEAR INDUSTRY WILL BUY LAND FOR 104 RALLODS PER SQUARE MILE.
LAND CURRENTLY COSTS 13 RALLODS PER SQUARE MILE TO PLANT.

HOW MANY SQUARE MILES DO YOU WISH TO SELL TO INDUSTRY? 0
HOW MANY RALLODS WILL YOU DISTRIBUTE AMONG YOUR COUNTRYMEN? 49700
   THINK AGAIN. YOU'VE ONLY 48080  RALLODS IN THE TREASURY
HOW MANY RALLODS WILL YOU DISTRIBUTE AMONG YOUR COUNTRYMEN? 400
HOW MANY SQUARE MILES DO YOU WISH TO PLANT? 0
HOW MANY RALLODS DO YOU WISH TO SPEND ON POLLUTION CONTROL? 0




OVER ONE THIRD OF THE POPULTATION HAS DIED SINCE YOU
WERE ELECTED TO OFFICE. THE PEOPLE (REMAINING)
HATE YOUR GUTS.
YOU HAVE BEEN ASSASSINATED.


OK

