                                  NAME
               CREATIVE COMPUTING  MORRISTOWN, NEW JERSEY



HELLO.
MY NAME IS CREATIVE COMPUTER.
WHAT'S YOUR NAME (FIRST AND LAST)? BOBBY MCCALL

THANK YOU, LLACCM YBBOB.
OOPS!  I GUESS I GOT IT BACKWARDS.  A SMART
COMPUTER LIKE ME SHOULDN'T MAKE A MISTAKE LIKE THAT!

BUT I JUST NOTICED YOUR LETTERS ARE OUT OF ORDER.
LET'S PUT THEM IN ORDER LIKE THIS:  ABBBCCLLMOY

DON'T YOU LIKE THAT BETTER? NO

I'M SORRY YOU DON'T LIKE IT THAT WAY.

I REALLY ENJOYED MEETING YOU BOBBY MCCALL.
HAVE A NICE DAY!
OK

