                                    ,------*------,
                    ,-------------   '---  ------'
                     '-------- --'      / /
                         ,---' '-------/ /--,
                          '----------------'

                    THE USS ENTERPRISE --- NCC-1701





YOUR ORDERS ARE AS FOLLOWS:
     DESTROY THE 19 KLINGON WARSHIPS WHICH HAVE INVADED
   THE GALAXY BEFORE THEY CAN ATTACK FEDERATION HEADQUARTERS
   ON STARDATE 2428   THIS GIVES YOU 28 DAYS.  THERE ARE 
   5 STARBASES IN THE GALAXY FOR RESUPPLYING YOUR SHIP


YOUR MISSION BEGINS WITH YOUR STARSHIP LOCATED
IN THE GALACTIC QUADRANT, 'CAPELLA I'.

---------------------------------
                         <*>            STARDATE           2400 
                      *                 CONDITION          GREEN
  *                                     QUADRANT           3 , 5 
                          *             SECTOR             1 , 7 
          *                             PHOTON TORPEDOES   10 
  *                       *             TOTAL ENERGY       3000 
                          *             SHIELDS            0 
                      *                 KLINGONS REMAINING 19 
---------------------------------
COMMAND? XXX
THERE WERE 19 KLINGON BATTLE CRUISERS LEFT AT
THE END OF YOUR MISSION.


THE FEDERATION IS IN NEED OF A NEW STARSHIP COMMANDER
FOR A SIMILAR MISSION -- IF THERE IS A VOLUNTEER,
LET HIM STEP FORWARD AND ENTER 'AYE'? 
OK
