YOU ARE A PILOT IN A WORLD WAR II BOMBER.
WHAT SIDE -- ITALY(1), ALLIES(2), JAPAN(3), GERMANY(4)? 2
AIRCRAFT -- LIBERATOR(1), B-29(2), B-17(3), LANCASTER(4)? 1

YOU'VE GOT 2 TONS OF BOMBS FLYING FOR PLOESTI.

HOW MANY MISSIONS HAVE YOU FLOWN? 5

FRESH OUT OF TRAINING, EH?

MISSED TARGET BY 11 MILES!
NOW YOU'RE REALLY IN FOR IT !!

DOES THE ENEMY HAVE GUNS(1), MISSILES(2), OR BOTH(3)? 1

WHAT'S THE PERCENT HIT RATE OF ENEMY GUNNERS (10 TO 50)? 20


YOU MADE IT THROUGH TREMENDOUS FLAK!!



ANOTHER MISSION (Y OR N)? N
CHICKEN !!!

OK
