YOU ARE A PILOT IN A WORLD WAR II BOMBER.
WHAT SIDE -- ITALY(1), ALLIES(2), JAPAN(3), GERMANY(4)? 3
YOU'RE FLYING A KAMIKAZE MISSION OVER THE USS LEXINGTON.
YOUR FIRST KAMIKAZE MISSION(Y OR N)? Y

* * * * BOOM * * * *
YOU HAVE BEEN SHOT DOWN.....
DEARLY BELOVED, WE ARE GATHERED HERE TODAY TO PAY OUR
LAST TRIBUTE...



ANOTHER MISSION (Y OR N)? 
CHICKEN !!!

OK
