YOU ARE A PILOT IN A WORLD WAR II BOMBER.
WHAT SIDE -- ITALY(1), ALLIES(2), JAPAN(3), GERMANY(4)? 1
YOUR TARGET -- ALBANIA(1), GREECE(2), NORTH AFRICA(3)? 1

SHOULD BE EASY -- YOU'RE FLYING A NAZI-MADE PLANE.

HOW MANY MISSIONS HAVE YOU FLOWN? 10

FRESH OUT OF TRAINING, EH?

MISSED TARGET BY 11 MILES!
NOW YOU'RE REALLY IN FOR IT !!

DOES THE ENEMY HAVE GUNS(1), MISSILES(2), OR BOTH(3)? 1

WHAT'S THE PERCENT HIT RATE OF ENEMY GUNNERS (10 TO 50)? 20


YOU MADE IT THROUGH TREMENDOUS FLAK!!



ANOTHER MISSION (Y OR N)? N
CHICKEN !!!

OK
