                                  HI LO
               CREATIVE COMPUTING  MORRISTOWN, NEW JERSEY



THIS IS THE GAME OF HI LO.

YOU WILL HAVE 6 TRIES TO GUESS THE AMOUNT OF MONEY IN THE
HI LO JACKPOT, WHICH IS BETWEEN 1 AND 100 DOLLARS.  IF YOU
GUESS THE AMOUNT, YOU WIN ALL THE MONEY IN THE JACKPOT!
THEN YOU GET ANOTHER CHANCE TO WIN MORE MONEY.  HOWEVER,
IF YOU DO NOT GUESS THE AMOUNT, THE GAME ENDS.


YOUR GUESS? 50
YOUR GUESS IS TOO HIGH.

YOUR GUESS? 75
YOUR GUESS IS TOO HIGH.

YOUR GUESS? 88
YOUR GUESS IS TOO HIGH.

YOUR GUESS? N
YOUR GUESS IS TOO LOW.

YOUR GUESS? 
YOUR GUESS IS TOO LOW.

YOUR GUESS? 
YOUR GUESS IS TOO LOW.

YOU BLEW IT...TOO BAD...THE NUMBER WAS 24 

PLAY AGAIN (YES OR NO)? 

SO LONG.  HOPE YOU ENJOYED YOURSELF!!!
OK
