
MICROSOFT BASIC REV. 4.0 - ALTAIR VERSION
[8K VERSION]
COPYRIGHT 1976 BY MICROSOFT
C VERSION COPYRIGHT 2025 BY TIM BUCHALKA

60849 BYTES FREE

                                ROULETTE
               CREATIVE COMPUTING  MORRISTOWN, NEW JERSEY



ENTER THE CURRENT DATE (AS IN 'JANUARY 23, 1979') -? March 3, 1978
WELCOME TO THE ROULETTE TABLE

DO YOU WANT INSTRUCTIONS? NO
HOW MANY BETS? 4
NUMBER 1 ? 40,100
NUMBER 2 ? 41,100
NUMBER 3 ? 42,100
NUMBER 4 ? 37,50
SPINNING


 24 BLACK

YOU LOSE 100 DOLLARS ON BET 1 
YOU LOSE 100 DOLLARS ON BET 2 
YOU WIN 200 DOLLARS ON BET 3 
YOU LOSE 50 DOLLARS ON BET 4 

TOTALS:       ME            YOU
               100050        950 
AGAIN? NO
TO WHOM SHALL I MAKE THE CHECK? Winner

------------------------------------------------------------------------
                                                  CHECK NO.  30 

                                        March 3,  1978


PAY TO THE ORDER OF-----Winner-----$  950 


              THE MEMORY BANK OF NEW YORK

                                          THE COMPUTER
                                        ----------X-----

--------------------------------------------------------------COME BACK 
SOON!

OK
