
MICROSOFT BASIC REV. 4.0 - ALTAIR VERSION
[8K VERSION]
COPYRIGHT 1976 BY MICROSOFT
C VERSION COPYRIGHT 2025 BY TIM BUCHALKA

60849 BYTES FREE

                                ROULETTE
               CREATIVE COMPUTING  MORRISTOWN, NEW JERSEY



ENTER THE CURRENT DATE (AS IN 'JANUARY 23, 1979') -? January 1, 1979
WELCOME TO THE ROULETTE TABLE

DO YOU WANT INSTRUCTIONS? NO
HOW MANY BETS? 1
NUMBER 1 ? 1,10
SPINNING


 24 BLACK

YOU LOSE 10 DOLLARS ON BET 1 

TOTALS:       ME            YOU
               100010        990 
AGAIN? NO
TO WHOM SHALL I MAKE THE CHECK? TestPlayer

------------------------------------------------------------------------
                                                  CHECK NO.  30 

                                        January 1,  1979


PAY TO THE ORDER OF-----TestPlayer-----$  990 


              THE MEMORY BANK OF NEW YORK

                                          THE COMPUTER
                                        ----------X-----

--------------------------------------------------------------COME BACK 
SOON!

OK
