                              SLOTS
               CREATIVE COMPUTING  MORRISTOWN, NEW JERSEY



YOU ARE IN THE H&M CASINO,IN FRONT OF ONE OF OUR
ONE-ARM BANDITS. BET FROM $1 TO $100.
TO PULL THE ARM, PUNCH THE RETURN KEY AFTER MAKING YOUR BET.

YOUR BET? 1


BELL BELL BELL

**TOP DOLLAR**
YOU WON!
YOUR STANDINGS ARE $ 11 
AGAIN? Y

YOUR BET? 5


LEMON BAR PLUM

YOU LOST.
YOUR STANDINGS ARE $ 6 
AGAIN? Y

YOUR BET? 10


ORANGE ORANGE CHERRY

DOUBLE!!
YOU WON!
YOUR STANDINGS ARE $ 36 
AGAIN? Y

YOUR BET? 20


CHERRY PLUM BAR

YOU LOST.
YOUR STANDINGS ARE $ 16 
AGAIN? Y

YOUR BET? 50


CHERRY BAR CHERRY

YOU LOST.
YOUR STANDINGS ARE $-34 
AGAIN? N

PAY UP!  PLEASE LEAVE YOUR MONEY ON THE TERMINAL.
OK

