
MICROSOFT BASIC REV. 4.0 - ALTAIR VERSION
[8K VERSION]
COPYRIGHT 1976 BY MICROSOFT
C VERSION COPYRIGHT 2025 BY TIM BUCHALKA

62966 BYTES FREE

                                 BOXING
               CREATIVE COMPUTING  MORRISTOWN, NEW JERSEY



BOXING OLYMPIC STYLE (3 ROUNDS -- 2 OUT OF 3 WINS)

WHAT IS YOUR OPPONENT'S NAME? ALI
INPUT YOUR MAN'S NAME? FRAZIER
DIFFERENT PUNCHES ARE: (1) FULL SWING; (2) HOOK; (3) UPPERCUT; (4) JAB.
WHAT IS YOUR MANS BEST? 4
WHAT IS HIS VULNERABILITY? 2
ALI'S ADVANTAGE IS 1 AND VULNERABILITY IS SECRET.

ROUND 1 BEGINS...
FRAZIER'S PUNCH? 4
FRAZIER JABS AT ALI'S HEAD FRAZIER'S PUNCH? 4
FRAZIER JABS AT ALI'S HEAD FRAZIER'S PUNCH? 4
FRAZIER JABS AT ALI'S HEAD IT'S BLOCKED.
ALI JABS AND  BLOOD SPILLS !!!
FRAZIER'S PUNCH? 4
FRAZIER JABS AT ALI'S HEAD FRAZIER'S PUNCH? 4
FRAZIER JABS AT ALI'S HEAD FRAZIER'S PUNCH? 4
FRAZIER JABS AT ALI'S HEAD 
FRAZIER WINS ROUND 1 
ROUND 2 BEGINS...
FRAZIER IS ATTACKED BY AN UPPERCUT (OH,OH)...
 BLOCKS AND HITS ALI WITH A HOOK.
ALI JABS AND  BLOOD SPILLS !!!
FRAZIER IS ATTACKED BY AN UPPERCUT (OH,OH)...
 BLOCKS AND HITS ALI WITH A HOOK.
ALI TAKES A FULL SWING AND IT'S BLOCKED!
ALI GETS FRAZIER IN THE JAW (OUCH!)
....AND AGAIN!

FRAZIER IS ATTACKED BY AN UPPERCUT (OH,OH)...
 BLOCKS AND HITS ALI WITH A HOOK.
FRAZIER'S PUNCH? 4
FRAZIER JABS AT ALI'S HEAD IT'S BLOCKED.
FRAZIER'S PUNCH? 4
FRAZIER JABS AT ALI'S HEAD 
FRAZIER WINS ROUND 2 
FRAZIER AMAZINGLY WINS!!


AND NOW GOODBYE FROM THE OLYMPIC ARENA.

OK
