                                  HI LO
               CREATIVE COMPUTING  MORRISTOWN, NEW JERSEY



THIS IS THE GAME OF HI LO.

YOU WILL HAVE 6 TRIES TO GUESS THE AMOUNT OF MONEY IN THE
JACKPOT, WHICH IS BETWEEN 1 AND 100 DOLLARS.  IF YOU GUESS
THE AMOUNT, YOU WIN ALL THE MONEY IN THE JACKPOT!
THEN YOU GET ANOTHER CHANCE TO WIN MORE MONEY.
HOWEVER, IF YOU DO NOT GUESS THE AMOUNT, THE GAME ENDS.

I'M THINKING OF A NUMBER BETWEEN 1 AND 100.
YOUR GUESS? 50
YOUR GUESS IS TOO HIGH.
YOUR GUESS? 25
GOT IT!!!!!!!!
YOU WIN 25 DOLLARS.
YOUR TOTAL WINNINGS ARE NOW 25 DOLLARS.

PLAY AGAIN (YES OR NO)? N

SO LONG.  HOPE YOU ENJOYED YOURSELF!!!
OK

