
MICROSOFT BASIC REV. 4.0 - ALTAIR VERSION
[8K VERSION]
COPYRIGHT 1976 BY MICROSOFT
C VERSION COPYRIGHT 2025 BY TIM BUCHALKA

63895 BYTES FREE

                                 WAR
               CREATIVE COMPUTING  MORRISTOWN, NEW JERSEY



THIS IS THE CARD GAME OF WAR.  EACH CARD IS GIVEN BY SUIT-#
AS S-7 FOR SPADE 7.  DO YOU WANT DIRECTIONS? NO



YOU: S-5      COMPUTER: D-5
TIE.  NO SCORE CHANGE.
DO YOU WANT TO CONTINUE? YES

YOU: S-6      COMPUTER: C-8
THE COMPUTER WINS!!! YOU HAVE 0 AND THE COMPUTER HAS 1 
DO YOU WANT TO CONTINUE? YES

YOU: D-2      COMPUTER: H-Q
THE COMPUTER WINS!!! YOU HAVE 0 AND THE COMPUTER HAS 2 
DO YOU WANT TO CONTINUE? YES

YOU: H-8      COMPUTER: C-6
YOU WIN. YOU HAVE 1 AND THE COMPUTER HAS 2 
DO YOU WANT TO CONTINUE? YES

YOU: D-A      COMPUTER: C-K
YOU WIN. YOU HAVE 2 AND THE COMPUTER HAS 2 
DO YOU WANT TO CONTINUE? YES

YOU: H-J      COMPUTER: S-2
YOU WIN. YOU HAVE 3 AND THE COMPUTER HAS 2 
DO YOU WANT TO CONTINUE? YES

YOU: C-A      COMPUTER: H-A
TIE.  NO SCORE CHANGE.
DO YOU WANT TO CONTINUE? YES

YOU: C-2      COMPUTER: C-10
THE COMPUTER WINS!!! YOU HAVE 3 AND THE COMPUTER HAS 3 
DO YOU WANT TO CONTINUE? YES

YOU: S-9      COMPUTER: C-Q
THE COMPUTER WINS!!! YOU HAVE 3 AND THE COMPUTER HAS 4 
DO YOU WANT TO CONTINUE? YES

YOU: D-K      COMPUTER: S-K
TIE.  NO SCORE CHANGE.
DO YOU WANT TO CONTINUE? YES

YOU: H-K      COMPUTER: C-9
YOU WIN. YOU HAVE 4 AND THE COMPUTER HAS 4 
DO YOU WANT TO CONTINUE? YES

YOU: D-7      COMPUTER: H-2
YOU WIN. YOU HAVE 5 AND THE COMPUTER HAS 4 
DO YOU WANT TO CONTINUE? YES

YOU: D-9      COMPUTER: S-Q
THE COMPUTER WINS!!! YOU HAVE 5 AND THE COMPUTER HAS 5 
DO YOU WANT TO CONTINUE? YES

YOU: C-5      COMPUTER: D-3
YOU WIN. YOU HAVE 6 AND THE COMPUTER HAS 5 
DO YOU WANT TO CONTINUE? YES

YOU: D-4      COMPUTER: H-9
THE COMPUTER WINS!!! YOU HAVE 6 AND THE COMPUTER HAS 6 
DO YOU WANT TO CONTINUE? YES

YOU: D-J      COMPUTER: C-4
YOU WIN. YOU HAVE 7 AND THE COMPUTER HAS 6 
DO YOU WANT TO CONTINUE? YES

YOU: D-6      COMPUTER: C-J
THE COMPUTER WINS!!! YOU HAVE 7 AND THE COMPUTER HAS 7 
DO YOU WANT TO CONTINUE? YES

YOU: H-5      COMPUTER: S-A
THE COMPUTER WINS!!! YOU HAVE 7 AND THE COMPUTER HAS 8 
DO YOU WANT TO CONTINUE? YES

YOU: C-3      COMPUTER: S-J
THE COMPUTER WINS!!! YOU HAVE 7 AND THE COMPUTER HAS 9 
DO YOU WANT TO CONTINUE? YES

YOU: H-3      COMPUTER: C-7
THE COMPUTER WINS!!! YOU HAVE 7 AND THE COMPUTER HAS 10 
DO YOU WANT TO CONTINUE? YES

YOU: S-4      COMPUTER: S-10
THE COMPUTER WINS!!! YOU HAVE 7 AND THE COMPUTER HAS 11 
DO YOU WANT TO CONTINUE? YES

YOU: H-6      COMPUTER: S-8
THE COMPUTER WINS!!! YOU HAVE 7 AND THE COMPUTER HAS 12 
DO YOU WANT TO CONTINUE? YES

YOU: D-10     COMPUTER: H-10
TIE.  NO SCORE CHANGE.
DO YOU WANT TO CONTINUE? YES

YOU: H-7      COMPUTER: S-3
YOU WIN. YOU HAVE 8 AND THE COMPUTER HAS 12 
DO YOU WANT TO CONTINUE? YES

YOU: D-8      COMPUTER: S-7
YOU WIN. YOU HAVE 9 AND THE COMPUTER HAS 12 
DO YOU WANT TO CONTINUE? YES

YOU: D-Q      COMPUTER: H-4
YOU WIN. YOU HAVE 10 AND THE COMPUTER HAS 12 


WE HAVE RUN OUT OF CARDS.  FINAL SCORE:  YOU:  10   THE COMPUTER:  12 

THANKS FOR PLAYING.  IT WAS FUN.

OK
