
MICROSOFT BASIC REV. 4.0 - ALTAIR VERSION
[8K VERSION]
COPYRIGHT 1976 BY MICROSOFT
C VERSION COPYRIGHT 2025 BY TIM BUCHALKA

62525 BYTES FREE

                                WEEKDAY
               CREATIVE COMPUTING  MORRISTOWN, NEW JERSEY



WEEKDAY IS A COMPUTER DEMONSTRATION THAT
GIVES FACTS ABOUT A DATE OF INTEREST TO YOU.

ENTER TODAY'S DATE IN THE FORM: 3,24,1979  ? 12,31,2020
ENTER DAY OF BIRTH (OR OTHER DAY OF INTEREST)? 2,29,2020

 2 / 29 / 2020  WAS A SATURDAY.

                            YEARS         MONTHS        DAYS
                            -----         ------        ----
YOUR AGE (IF BIRTHDATE)      0             10            2 
YOU HAVE SLEPT               0             3             17 
YOU HAVE EATEN               0             1             22 
YOU HAVE PLAYED              0             2             10 
YOU HAVE RELAXED             0             2             13 

                ***  YOU MAY RETIRE IN 2085  ***






OK
