                                3D PLOT
               CREATIVE COMPUTING  MORRISTOWN, NEW JERSEY




                         *
                     *   *  *
                  *  *   *  *   *
              *   *  *   *  *   *  *
              *   *  *   *  *   *  *
              *   *  *   *  *   *  *
           *  *   *  *   *  *   *  *   *
           *  *   *   *  *   *  *  *   *
           *  *   *   *   *  *  *  *   *
       *   *  *   *    *  *   * *  *   *  *
       *   *  *    *   *    * *  * *   *  *
       *   *   *   *     *   *  **  *  *  *
       *   *   *    *      *    * * *  *  *
       *   *   *     *       *    * *  *  *
       *   *   *      *        *      **  *
       *   *    *       *         *       *
       *   *    *        *           *       *
       *   *     *         *            *        *
       *   *     *          *             *         *
       *   *     *          *               *         *
    *  *   *     *           *              *          *
       *   *     *          *               *         *
       *   *     *          *             *         *
       *   *     *         *            *        *
       *   *    *        *           *       *
       *   *    *       *         *       *
       *   *   *      *        *      **  *
       *   *   *     *       *    * *  *  *
       *   *   *    *      *    * * *  *  *
       *   *   *   *     *   *  **  *  *  *
       *   *  *    *   *    * *  * *   *  *
       *   *  *   *    *  *   * *  *   *  *
           *  *   *   *   *  *  *  *   *
           *  *   *   *  *   *  *  *   *
           *  *   *  *   *  *   *  *   *
              *   *  *   *  *   *  *
              *   *  *   *  *   *  *
              *   *  *   *  *   *  *
                  *  *   *  *   *
                     *   *  *
                         *
OK
