                                  LIFE
               CREATIVE COMPUTING  MORRISTOWN, NEW JERSEY



ENTER YOUR PATTERN:
?  *
?   *
? ***
? DONE
? 
? 
? 
? 
? 
? 
? 
? 
? 
? 
? 
? 
? 
? 
? 
? 
? 
? 
? 
? 
? 
? 
? 
? 
? 
? 
? 
? 
? 
? 
? 
? 
? 
? 
? 
? 
? 
? 
? 
? 
? 
? 
? 
? 
? 
? 
? 
? 
? 
? 
? 
? 
? 
? 
? 
? 
? 
? 
? 
? 
? 
? 
? 
? 
? 
? 
? 
? 
? 
? 
? 
? 
? 
? 
? 
? 
? 
? 
? 
? 
? 
? 
? 
? 
? 
? 
? 
? 
? 
? 
? 
? 
? 
? 
? 
? 
? 
? 
? 
? 
? 
? 
? 
? 
? 
? 
? 
? 
? 
? 
? 
? 
? 
? 
? 
? 
? 
? 
? 
? 
? 
? 
? 
? 
? 
? 
? 
? 
? 
? 
? 
? 
? 
? 
? 
? 
? 
? 
? 
? 
? 
? 
? 
? 
? 
? 
? 
? 
? 
? 
? 
? 
? 
? 
? 
? 
? 
? 
? 
? 
? 
? 
? 
? 
? 
? 
? 
? 
? 
? 
? 
? 
? 
? 
? 
? 
? 
? 
? 
? 
? 
? 
? 
? 
? 
? 
? 
? 
? 
? 
? 
? 
? 
? 
? 
? 
? 
? 
? 
? 
? 
? 
? 
? 
? 
? 
? 
? 
? 
? 
? 
? 
? 
? 
? 
? 
? 
? 
? 
? 
? 
? 
? 
? 
? 
? 
? 
? 
? 
? 
? 
? 
? 
? 
? 
? 
? 
? 
? 
? 
? 
? 
? 
? 
? 
? 
? 
? 
? 
? 
? 
? 
? 
? 
? 
? 
? 
? 
? 
? 
? 
? 
? 
? 
? 
? 
? 
? 
? 
? 
? 
? 
? 
? 
? 
? 
? 
? 
? 
? 
? 
? 
? 
? 
? 
? 
? 
? 
? 
? 
? 
? 
? 
? 
? 
? 
? 
? 
? 
? 
? 
? 
? 
? 
? 
? 
? 
? 
? 
? 
? 
? 
? 
? 
? 
? 
? 
? 
? 
? 
? 
? 
? 
? 
? 
? 
? 
? 
? 
? 
? 
? 
? 
? 
? 
? 
? 
? 
? 
? 
? 
? 
? 
? 
? 
? 
? 
? 
? 
? 
? 
? 
? 
? 
? 
? 
? 
? 
? 
? 
? 
? 
? 
? 
? 
? 
? 
? 
? 
? 
? 
? 
? 
? 
? 
? 
? 
? 
? 
? 
? 
? 
? 
? 
? 
? 
? 
? 
? 
? 
? 
? 
? 
? 
? 
? 
? 
? 
? 
? 
? 
? 
? 
? 
? 
? 
? 
? 
? 
? 
? 
? 
? 
? 
? 
? 
? 
? 
? 
? 
? 
? 
? 
? 
? 
? 
? 
? 
? 
? 
? 
? 
? 
? 
? 
? 
? 
? 
? 
? 
? 
? 
? 
? 
? 
? 
? 
? 
? 
? 
? 
? 
? 
? 
? 
? 
? 
? 
? 
? 
? 
? 
? 
? 
? 
? 
? 
? 
? 
? 
? 
? 
? 
? 
? 
? 
? 
? 
? 
? 
? 
? 
? 
? 
? 
? 
? 
? 
? 
? 
? 
? 
? 
? 
? 
? 
? 
? 
? 
? 
? 
? 
? 
? 
? 
? 
? 
? 
? 
? 
? 
? 
? 
? 
? 
? 
? 
? 
? 
? 
? 
? 
? 
? 
? 
? 
? 
? 
? 
? 
? 
? 
? 
? 
? 
? 
? 
? 
? 
? 
? 
? 
? 
? 
? 
? 
? 
? 
? 
? 
? 
? 
? 
? 
? 
? 
? 
? 
? 
? 
? 
? 
? 
? 
? 
? 
? 
? 
? 
? 
? 
? 
? 
? 
? 
? 
? 
? 
? 
? 
? 
? 
? 
? 
? 
? 
? 
? 
? 
? 
? 
? 
? 
? 
? 
? 
? 
? 
? 
? 
? 
? 
? 
? 
? 
? 
? 
? 
? 
? 
? 
? 
? 
? 
? 
? 
? 
? 
? 
? 
? 
? 
? 
? 
? 
? 
? 
? 
? 
? 
? 
? 
? 
? 
? 
? 
? 
? 
? 
? 
? 
? 
? 
? 
? 
? 
? 
? 
? 
? 
? 
? 
? 
? 
? 
? 
? 
? 
? 
? 
? 
? 
? 
? 
? 
? 
? 
? 
? 
? 
? 
? 
? 
? 
? 
? 
? 
? 
? 
? 
? 
? 
? 
? 
? 
? 
? 
? 
? 
? 
? 
? 
? 
? 
? 
? 
? 
? 
? 
? 
? 
? 
? 
? 
? 
? 
? 
? 
? 
? 
? 
? 
? 
? 
? 
? 
? 
? 
? 
? 
? 
? 
? 
? 
? 
? 
? 
? 
? 
? 
? 
? 
? 
? 
? 
? 
? 
? 
? 
? 
? 
? 
? 
? 
? 
? 
? 
? 
? 
? 
? 
? 
? 
? 
? 
? 
? 
? 
? 
? 
? 
? 
? 
? 
? 
? 
? 
? 
? 
? 
? 
? 
? 
? 
? 
? 
? 
? 
? 
? 
? 
? 
? 
? 
? 
? 
? 
? 
? 
? 
? 
? 
? 
? 
? 
? 
? 
? 
? 
? 
? 
? 
? 
? 
? 
? 
? 
? 
? 
? 
? 
? 
? 
? 
? 
? 
? 
? 
? 
? 
? 
? 
? 
? 
? 
? 
? 
? 
? 
? 
? 
? 
? 
? 
? 
? 
? 
? 
? 
? 
? 
? 
? 
? 
? 
? 
? 
? 
? 
? 
? 
? 
? 
? 
? 
? 
? 
? 
? 
? 
? 
? 
? 
? 
? 
? 
? 
? 
? 
? 
? 
? 
? 
? 
? 
? 
? 
? 
? 
? 
? 
? 
? 
? 
? 
? 
? 
? 
? 
? 
? 
? 
? 
? 
? 
? 
? 
? 
? 
? 
? 
? 
? 
? 
? 
? 
? 
? 
? 
? 
? 
? 
? 
? 
? 
? 
? 
? 
? 
? 
? 
? 
? 
? 
? 
? 
? 
? 
? 
? 
? 
? 
? 
? 
? 
? 
? 
? 
? 
? 
? 
? 
? 
? 
? 
? 
? 
? 
? 
? 
? 
? 
? 
? 
? 
? 
? 
? 
? 
? 
? 
? 
? 
? 
? 
? 
? 
? 
? 
? 
? 
? 
? 
? 
? 
? 
? 
? 
? 
? 
? 
? 
? 
? 
? 
? 
? 
? 
? 
? 
? 
? 
? 
? 
? 
? 
? 
? 
? 
? 
? 
? 
? 
? 
? 
? 
? 
? 
? 
? 
? 
? 
? 
? 
? 
? 
? 
? 
? 
? 
? 
? 
? 
? 
? 
? 
? 
? 
? 
? 
? 
? 
? 
? 
? 
? 
? 
? 
? 
? 
? 
? 
? 
? 
? 
? 
? 
? 
? 
? 
? 
? 
? 
? 
? 
? 
? 
? 
? 
? 
? 
? 
? 
? 
? 
? 
? 
? 
? 
? 
? 
? 
? 
? 
? 
? 
? 
? 
? 
? 
? 
? 
? 
? 
? 
? 
? 
? 
? 
? 
? 
? 
? 
? 
? 
? 
? 
? 
? 
? 
? 
? 
? 
? 
? 
? 
? 
? 
? 
? 
? 
? 
? 
? 
? 
? 
? 
? 
? 
? 
? 
? 
? 
? 
? 
? 
? 
? 
? 
? 
? 
? 
? 
? 
? 
? 
? 
? 
? 
? 
? 
? 
? 
? 
? 
? 
? 
? 
? 
? 
? 
? 
? 
? 
? 
? 
? 
? 
? 
? 
? 
? 
? 
? 
? 
? 
? 
? 
? 
? 
? 
? 
? 
? 
? 
? 
? 
? 
? 
? 
? 
? 
? 
? 
? 
? 
? 
? 
? 
? 
? 
? 
? 
? 
? 
? 
? 
? 
? 
? 
? 
? 
? 
? 
? 
? 
? 
? 
? 
? 
? 
? 
? 
? 
? 
? 
? 
? 
? 
? 
? 
? 
? 
? 
? 
? 
? 
? 
? 
? 
? 
? 
? 
? 
? 
? 
? 
? 
? 
? 
? 
? 
? 
? 
? 
? 
? 
? 
? 
? 
? 
? 
? 
? 
? 
? 
? 
? 
? 
? 
? 
? 
? 
? 
? 
? 
? 
? 
? 
? 
? 
? 
? 
? 
? 
? 
? 
? 
? 
? 
? 
? 
? 
? 
? 
? 
? 
? 
? 
? 
? 
? 
? 
? 
? 
? 
? 
? 
? 
? 
? 
? 
? 
? 
? 
? 
? 
? 
? 
? 
? 
? 
? 
? 
? 
? 
? 
? 
? 
? 
? 
? 
? 
? 
? 
? 
? 
? 
? 
? 
? 
? 
? 
? 
? 
? 
? 
? 
? 
? 
? 
? 
? 
? 
? 
? 
? 
? 
? 
? 
? 
? 
? 
? 
? 
? 
? 
? 
? 
? 
? 
? 
? 
? 
? 
? 
? 
? 
? 
? 
? 
? 
? 
? 
? 
? 
? 
? 
? 
? 
? 
? 
? 
? 
? 
? 
? 
? 
? 
? 
? 
? 
? 
? 
? 
? 
? 
? 
? 
? 
? 
? 
? 
? 
? 
? 
? 
? 
? 
? 
? 
? 
? 
? 
? 
? 
? 
? 
? 
? 
? 
? 
? 
? 
? 
? 
? 
? 
? 
? 
? 
? 
? 
? 
? 
? 
? 
? 
? 
? 
? 
? 
? 
? 
? 
? 
? 
? 
? 
? 
? 
? 
? 
? 
? 
? 
? 
? 
? 
? 
? 
? 
? 
? 
? 
? 
? 
? 
? 
? 
? 
? 
? 
? 
? 
? 
? 
? 
? 
? 
? 
? 
? 
? 
? 
? 
? 
? 
? 
? 
? 
? 
? 
? 
? 
? 
? 
? 
? 
? 
? 
? 
? 
? 
? 
? 
? 
? 
? 
? 
? 
? 
? 
? 
? 
? 
? 
? 
? 
? 
? 
? 
? 
? 
? 
? 
? 
? 
? 
? 
? 
? 
? 
? 
? 
? 
? 
? 
? 
? 
? 
? 
? 
? 
? 
? 
? 
? 
? 
? 
? 
? 
? 
? 
? 
? 
? 
? 
? 
? 
? 
? 
? 
? 
? 
? 
? 
? 
? 
? 
? 
? 
? 
? 
? 
? 
? 
? 
? 
? 
? 
? 
? 
? 
? 
? 
? 
? 
? 
? 
? 
? 
? 
? 
? 
? 
? 
? 
? 
? 
? 
? 
? 
? 
? 
? 
? 
? 
? 
? 
? 
? 
? 
? 
? 
? 
? 
? 
? 
? 
? 
? 
? 
? 
? 
? 
? 
? 
? 
? 
? 
? 
? 
? 
? 
? 
? 
? 
? 
? 
? 
? 
? 
? 
? 
? 
? 
? 
? 
? 
? 
? 
? 
? 
? 
? 
? 
? 
? 
? 
? 
? 
? 
? 
? 
? 
? 
? 
? 
? 
? 
? 
? 
? 
? 
? 
? 
? 
? 
? 
? 
? 
? 
? 
? 
? 
? 
? 
? 
? 
? 
? 
? 
? 
? 
? 
? 
? 
? 
? 
? 
? 
? 
? 
? 
? 
? 
? 
? 
? 
? 
? 
? 
? 
? 
? 
? 
? 
? 
? 
? 
? 
? 
? 
? 
? 
? 
? 
? 
? 
? 
? 
? 
? 
? 
? 
? 
? 
? 
? 
? 
? 
? 
? 
? 
? 
? 
? 
? 
? 
? 
? 
? 
? 
? 
? 
? 
? 
? 
? 
? 
? 
? 
? 
? 
? 
? 
? 
? 
? 
? 
? 
? 
? 
? 
? 
? 
? 
? 
? 
? 
? 
? 
? 
? 
? 
? 
? 
? 
? 
? 
? 
? 
? 
? 
? 
? 
? 
? 
? 
? 
? 
? 
? 
? 
? 
? 
? 
? 
? 
? 
? 
? 
? 
? 
? 
? 
? 
? 
? 
? 
? 
? 
? 
? 
? 
? 
? 
? 
? 
? 
? 
? 
? 
? 
? 
? 
? 
? 
? 
? 
? 
? 
? 
? 
? 
? 
? 
? 
? 
? 
? 
? 
? 
? 
? 
? 
? 
? 
? 
? 
? 
? 
? 
? 
? 
? 
? 
? 
? 
? 
? 
? 
? 
? 
? 
? 
? 
? 
? 
? 
? 
? 
? 
? 
? 
? 
? 
? 
? 
? 
? 
? 
? 
? 
? 
? 
? 
? 
? 
? 
? 
? 
? 
? 
? 
? 
? 
? 
? 
? 
? 
? 
? 
? 
? 
? 
? 
? 
? 
? 
? 
? 
? 
? 
? 
? 
? 
? 
? 
? 
? 
? 
? 
? 
? 
? 
? 
? 
? 
? 
? 
? 
? 
? 
? 
? 
? 
? 
? 
? 
? 
? 
? 
? 
? 
? 
? 
? 
? 
? 
? 
? 
? 
? 
? 
? 
? 
? 
? 
? 
? 
? 
? 
? 
? 
? 
? 
? 
? 
? 
? 
? 
? 
? 
? 
? 
? 
? 
? 
? 
? 
? 
? 
? 
? 
? 
? 
? 
? 
? 
? 
? 
? 
? 
? 
? 
? 
? 
? 
? 
? 
? 
? 
? 
? 
? 
? 
? 
? 
? 
? 
? 
? 
? 
? 
? 
? 
? 
? 
? 
? 
? 
? 
? 
? 
? 
? 
? 
? 
? 
? 
? 
? 
? 
? 
? 
? 
? 
? 
? 
? 
? 
? 
? 
? 
? 
? 
? 
? 
? 
? 
? 
? 
? 
? 
? 
? 
? 
? 
? 
? 
? 
? 
? 
? 
? 
? 
? 
? 
? 
? 
? 
? 
? 
? 
? 
? 
? 
? 
? 
? 
? 
? 
? 
? 
? 
? 
? 
? 
? 
? 
? 
? 
? 
? 
? 
? 
? 
? 
? 
? 
? 
? 
? 
? 
? 
? 
? 
? 
? 
? 
? 
? 
? 
? 
? 
? 
? 
? 
? 
? 
? 
? 
? 
? 
? 
? 
? 
? 
? 
? 
? 
? 
? 
? 
? 
? 
? 
? 
? 
? 
? 
? 
? 
? 
? 
? 
? 
? 
? 
? 
? 
? 
? 
? 
? 
? 
? 
? 
? 
? 
? 
? 
? 
? 
? 
? 
? 
? 
? 
? 
? 
? 
? 
? 
? 
? 
? 
? 
? 
? 
? 
? 
? 
? 
? 
? 
? 
? 
? 
? 
? 
? 
? 
? 
? 
? 
? 
? 
? 
? 
? 
? 
? 
? 
? 
? 
? 
? 
? 
? 
? 
? 
? 
? 
? 
? 
? 
? 
? 
? 
? 
? 
? 
? 
? 
? 
? 
? 
? 
? 
? 
? 
? 
? 
? 
? 
? 
? 
? 
? 
? 
? 
? 
? 
? 
? 
? 
? 
? 
? 
? 
? 
? 
? 
? 
? 
? 
? 
? 
? 
? 
? 
? 
? 
? 
? 
? 
? 
? 
? 
? 
? 
? 
? 
? 
? 
? 
? 
? 
? 
? 
? 
? 
? 
? 
? 
? 
? 
? 
? 
? 
? 
? 
? 
? 
? 
? 
? 
? 
? 
? 
? 
? 
? 
? 
? 
? 
? 
? 
? 
? 
? 
? 
? 
? 
? 
? 
? 
? 
? 
? 
? 
? 
? 
? 
? 
? 
? 
? 
? 
? 
? 
? 
? 
? 
? 
? 
? 
? 
? 
? 
? 
? 
? 
? 
? 
? 
? 
? 
? 
? 
? 
? 
? 
? 
? 
? 
? 
? 
? 
? 
? 
? 
? 
? 
? 
? 
? 
? 
? 
? 
? 
? 
? 
? 
? 
? 
? 
? 
? 
? 
? 
? 
? 
? 
? 
? 
? 
? 
? 
? 
? 
? 
? 
? 
? 
? 
? 
? 
? 
? 
? 
? 
? 
? 
? 
? 
? 
? 
? 
? 
? 
? 
? 
? 
? 
? 
? 
? 
? 
? 
? 
? 
? 
? 
? 
? 
? 
? 
? 
? 
? 
? 
? 
? 
? 
? 
? 
? 
? 
? 
? 
? 
? 
? 
? 
? 
? 
? 
? 
? 
? 
? 
? 
? 
? 
? 
? 
? 
? 
? 
? 
? 
? 
? 
? 
? 
? 
? 
? 
? 
? 
? 
? 
? 
? 
? 
? 
? 
? 
? 
? 
? 
? 
? 
? 
? 
? 
? 
? 
? 
? 
? 
? 
? 
? 
? 
? 
? 
? 
? 
? 
? 
? 
? 
? 
? 
? 
? 
? 
? 
? 
? 
? 
? 
? 
? 
? 
? 
? 
? 
? 
? 
? 
? 
? 
? 
? 
? 
? 
? 
? 
? 
? 
? 
? 
? 
? 
? 
? 
? 
? 
? 
? 
? 
? 
? 
? 
? 
? 
? 
? 
? 
? 
? 
? 
? 
? 
? 
? 
? 
? 
? 
? 
? 
? 
? 
? 
? 
? 
? 
? 
? 
? 
? 
? 
? 
? 
? 
? 
? 
? 
? 
? 
? 
? 
? 
? 
? 
? 
? 
? 
? 
? 
? 
? 
? 
? 
? 
? 
? 
? 
? 
? 
? 
? 
? 
? 
? 
? 
? 
? 
? 
? 
? 
? 
? 
? 
? 
? 
? 
? 
? 
? 
? 
? 
? 
? 
? 
? 
? 
? 
? 
? 
? 
? 
? 
? 
? 
? 
? 
? 
? 
? 
? 
? 
? 
? 
? 
? 
? 
? 
? 
? 
? 
? 
? 
? 
? 
? 
? 
? 
? 
? 
? 
? 
? 
? 
? 
? 
? 
? 
? 
? 
? 
? 
? 
? 
? 
? 
? 
? 
? 
? 
? 
? 
? 
? 
? 
? 
? 
? 
? 
? 
? 
? 
? 
? 
? 
? 
? 
? 
? 
? 
? 
? 
? 
? 
? 
? 
? 
? 
? 
? 
? 
? 
? 
? 
? 
? 
? 
? 
? 
? 
? 
? 
? 
? 
? 
? 
? 
? 
? 
? 
? 
? 
? 
? 
? 
? 
? 
? 
? 
? 
? 
? 
? 
? 
? 
? 
? 
? 
? 
? 
? 
? 
? 
? 
? 
? 
? 
? 
? 
? 
? 
? 
? 
? 
? 
? 
? 
? 
? 
? 
? 
? 
? 
? 
? 
? 
? 
? 
? 
? 
? 
? 
? 
? 
? 
? 
? 
? 
? 
? 
? 
? 
? 
? 
? 
? 
? 
? 
? 
? 
? 
? 
? 
? 
? 
? 
? 
? 
? 
? 
? 
? 
? 
? 
? 
? 
? 
? 
? 
? 
? 
? 
? 
? 
? 
? 
? 
? 
? 
? 
? 
? 
? 
? 
? 
? 
? 
? 
? 
? 
? 
? 
? 
? 
? 
? 
? 
? 
? 
? 
? 
? 
? 
? 
? 
? 
? 
? 
? 
? 
? 
? 
? 
? 
? 
? 
? 
? 
? 
? 
? 
? 
? 
? 
? 
? 
? 
? 
? 
? 
? 
? 
? 
? 
? 
? 
? 
? 
? 
? 
? 
? 
? 
? 
? 
? 
? 
? 
? 
? 
? 
? 
? 
? 
? 
? 
? 
? 
? 
? 
? 
? 
? 
? 
? 
? 
? 
? 
? 
? 
? 
? 
? 
? 
? 
? 
? 
? 
? 
? 
? 
? 
? 
? 
? 
? 
? 
? 
? 
? 
? 
? 
? 
? 
? 
? 
? 
? 
? 
? 
? 
? 
? 
? 
? 
? 
? 
? 
? 
? 
? 
? 
? 
? 
? 
? 
? 
? 
? 
? 
? 
? 
? 
? 
? 
? 
? 
? 
? 
? 
? 
? 
? 
? 
? 
? 
? 
? 
? 
? 
? 
? 
? 
? 
? 
? 
? 
? 
? 
? 
? 
? 
? 
? 
? 
? 
? 
? 
? 
? 
? 
? 
? 
? 
? 
? 
? 
? 
? 
? 
? 
? 
? 
? 
? 
? 
? 
? 
? 
? 
? 
? 
? 
? 
? 
? 
? 
? 
? 
? 
? 
? 
? 
? 
? 
? 
? 
? 
? 
? 
? 
? 
? 
? 
? 
? 
? 
? 
? 
? 
? 
? 
? 
? 
? 
? 
? 
? 
? 
? 
? 
? 
? 
? 
? 
? 
? 
? 
? 
? 
? 
? 
? 
? 
? 
? 
? 
? 
? 
? 
? 
? 
? 
? 
? 
? 
? 
? 
? 
? 
? 
? 
? 
? 
? 
? 
? 
? 
? 
? 
? 
? 
? 
? 
? 
? 
? 
? 
? 
? 
? 
? 
? 
? 
? 
? 
? 
? 
? 
? 
? 
? 
? 
? 
? 
? 
? 
? 
? 
? 
? 
? 
? 
? 
? 
? 
? 
? 
? 
? 
? 
? 
? 
? 
? 
? 
? 
? 
? 
? 
? 
? 
? 
? 
? 
? 
? 
? 
? 
? 
? 
? 
? 
? 
? 
? 
? 
? 
? 
? 
? 
? 
? 
? 
? 
? 
? 
? 
? 
? 
? 
? 
? 
? 
? 
? 
? 
? 
? 
? 
? 
? 
? 
? 
? 
? 
? 
? 
? 
? 
? 
? 
? 
? 
? 
? 
? 
? 
? 
? 
? 
? 
? 
? 
? 
? 
? 
? 
? 
? 
? 
? 
? 
? 
? 
? 
? 
? 
? 
? 
? 
? 
? 
? 
? 
? 
? 
? 
? 
? 
? 
? 
? 
? 
? 
? 
? 
? 
? 
? 
? 
? 
? 
? 
? 
? 
? 
? 
? 
? 
? 
? 
? 
? 
? 
? 
? 
? 
? 
? 
? 
? 
? 
? 
? 
? 
? 
? 
? 
? 
? 
? 
? 
? 
? 
? 
? 
? 
? 
? 
? 
? 
? 
? 
? 
? 
? 
? 
? 
? 
? 
? 
? 
? 
? 
? 
? 
? 
? 
? 
? 
? 
? 
? 
? 
? 
? 
? 
? 
? 
? 
? 
? 
? 
? 
? 
? 
? 
? 
? 
? 
? 
? 
? 
? 
? 
? 
? 
? 
? 
? 
? 
? 
? 
? 
? 
? 
? 
? 
? 
? 
? 
? 
? 
? 
? 
? 
? 
? 
? 
? 
? 
? 
? 
? 
? 
? 
? 
? 
? 
? 
? 
? 
? 
? 
? 
? 
? 
? 
? 
? 
? 
? 
? 
? 
? 
? 
? 
? 
? 
? 
? 
? 
? 
? 
? 
? 
? 
? 
? 
? 
? 
? 
? 
? 
? 
? 
? 
? 
? 
? 
? 
? 
? 
? 
? 
? 
? 
? 
? 
? 
? 
? 
? 
? 
? 
? 
? 
? 
? 
? 
? 
? 
? 
? 
? 
? 
? 
? 
? 
? 
? 
? 
? 
? 
? 
? 
? 
? 
? 
? 
? 
? 
? 
? 
? 
? 
? 
? 
? 
? 
? 
? 
? 
? 
? 
? 
? 
? 
? 
? 
? 
? 
? 
? 
? 
? 
? 
? 
? 
? 
? 
? 
? 
? 
? 
? 
? 
? 
? 
? 
? 
? 
? 
? 
? 
? 
? 
? 
? 
? 
? 
? 
? 
? 
? 
? 
? 
? 
? 
? 
? 
? 
? 
? 
? 
? 
? 
? 
? 
? 
? 
? 
? 
? 
? 
? 
? 
? 
? 
? 
? 
? 
? 
? 
? 
? 
? 
? 
? 
? 
? 
? 
? 
? 
? 
? 
? 
? 
? 
? 
? 
? 
? 
? 
? 
? 
? 
? 
? 
? 
? 
? 
? 
? 
? 
? 
? 
? 
? 
? 
? 
? 
? 
? 
? 
? 
? 
? 
? 
? 
? 
? 
? 
? 
? 
? 
? 
? 
? 
? 
? 
? 
? 
? 
? 
? 
? 
? 
? 
? 
? 
? 
? 
? 
? 
? 
? 
? 
? 
? 
? 
? 
? 
? 
? 
? 
? 
? 
? 
? 
? 
? 
? 
? 
? 
? 
? 
? 
? 
? 
? 
? 
? 
? 
? 
? 
? 
? 
? 
? 
? 
? 
? 
? 
? 
? 
? 
? 
? 
? 
? 
? 
? 
? 
? 
? 
? 
? 
? 
? 
? 
? 
? 
? 
? 
? 
? 
? 
? 
? 
? 
? 
? 
? 
? 
? 
? 
? 
? 
? 
? 
? 
? 
? 
? 
? 
? 
? 
? 
? 
? 
? 
? 
? 
? 
? 
? 
? 
? 
? 
? 
? 
? 
? 
? 
? 
? 
? 
? 
? 
? 
? 
? 
? 
? 
? 
? 
? 
? 
? 
? 
? 
? 
? 
? 
? 
? 
? 
? 
? 
? 
? 
? 
? 
? 
? 
? 
? 
? 
? 
? 
? 
? 
? 
? 
? 
? 
? 
? 
? 
? 
? 
? 
? 
? 
? 
? 
? 
? 
? 
? 
? 
? 
? 
? 
? 
? 
? 
? 
? 
? 
? 
? 
? 
? 
? 
? 
? 
? 
? 
? 
? 
? 
? 
? 
? 
? 
? 
? 
? 
? 
? 
? 
? 
? 
? 
? 
? 
? 
? 
? 
? 
? 
? 
? 
? 
? 
? 
? 
? 
? 
? 
? 
? 
? 
? 
? 
? 
? 
? 
? 
? 
? 
? 
? 
? 
? 
? 
? 
? 
? 
? 
? 
? 
? 
? 
? 
? 
? 
? 
? 
? 
? 
? 
? 
? 
? 
? 
? 
? 
? 
? 
? 
? 
? 
? 
? 
? 
? 
? 
? 
? 
? 
? 
? 
? 
? 
? 
? 
? 
? 
? 
? 
? 
? 
? 
? 
? 
? 
? 
? 
? 
? 
? 
? 
? 
? 
? 
? 
? 
? 
? 
? 
? 
? 
? 
? 
? 
? 
? 
? 
? 
? 
? 
? 
? 
? 
? 
? 
? 
? 
? 
? 
? 
? 
? 
? 
? 
? 
? 
? 
? 
? 
? 
? 
? 
? 
? 
? 
? 
? 
? 
? 
? 
? 
? 
? 
? 
? 
? 
? 
? 
? 
? 
? 
? 
? 
? 
? 
? 
? 
? 
? 
? 
? 
? 
? 
? 
? 
? 
? 
? 
? 
? 
? 
? 
? 
? 
? 
? 
? 
? 
? 
? 
? 
? 
? 
? 
? 
? 
? 
? 
? 
? 
? 
? 
? 
? 
? 
? 
? 
? 
? 
? 
? 
? 
? 
? 
? 
? 
? 
? 
? 
? 
? 
? 
? 
? 
? 
? 
? 
? 
? 
? 
? 
? 
? 
? 
? 
? 
? 
? 
? 
? 
? 
? 
? 
? 
? 
? 
? 
? 
? 
? 
? 
? 
? 
? 
? 
? 
? 
? 
? 
? 
? 
? 
? 
? 
? 
? 
? 
? 
? 
? 
? 
? 
? 
? 
? 
? 
? 
? 
? 
? 
? 
? 
? 
? 
? 
? 
? 
? 
? 
? 
? 
? 
? 
? 
? 
? 
? 
? 
? 
? 
? 
? 
? 
? 
? 
? 
? 
? 
? 
? 
? 
? 
? 
? 
? 
? 
? 
? 
? 
? 
? 
? 
? 
? 
? 
? 
? 
? 
? 
? 
? 
? 
? 
? 
? 
? 
? 
? 
? 
? 
? 
? 
? 
? 
? 
? 
? 
? 
? 
? 
? 
? 
? 
? 
? 
? 
? 
? 
? 
? 
? 
? 
? 
? 
? 
? 
? 
? 
? 
? 
? 
? 
? 
? 
? 
? 
? 
? 
? 
? 
? 
? 
? 
? 
? 
? 
? 
? 
? 
? 
? 
? 
? 
? 
? 
? 
? 
? 
? 
? 
? 
? 
? 
? 
? 
? 
? 
? 
? 
? 
? 
? 
? 
? 
? 
? 
? 
? 
? 
? 
? 
? 
? 
? 
? 
? 
? 
? 
? 
? 
? 
? 
? 
? 
? 
? 
? 
? 
? 
? 
? 
? 
? 
? 
? 
? 
? 
? 
? 
? 
? 
? 
? 
? 
? 
? 
? 
? 
? 
? 
? 
? 
? 
? 
? 
? 
? 
? 
? 
? 
? 
? 
? 
? 
? 
? 
? 
? 
? 
? 
? 
? 
? 
? 
? 
? 
? 
? 
? 
? 
? 
? 
? 
? 
? 
? 
? 
? 
? 
? 
? 
? 
? 
? 
? 
? 
? 
? 
? 
? 
? 
? 
? 
? 
? 
? 
? 
? 
? 
? 
? 
? 
? 
? 
? 
? 
? 
? 
? 
? 
? 
? 
? 
? 
? 
? 
? 
? 
? 
? 
? 
? 
? 
? 
? 
? 
? 
? 
? 
? 
? 
? 
? 
? 
? 
? 
? 
? 
? 
? 
? 
? 
? 
? 
? 
? 
? 
? 
? 
? 
? 
? 
? 
? 
? 
? 
? 
? 
? 
? 
? 
? 
? 
? 
? 
? 
? 
? 
? 
? 
? 
? 
? 
? 
? 
? 
? 
? 
? 
? 
? 
? 
? 
? 
? 
? 
? 
? 
? 
? 
? 
? 
? 
? 
? 
? 
? 
? 
? 
? 
? 
? 
? 
? 
? 
? 
? 
? 
? 
? 
? 
? 
? 
? 
? 
? 
? 
? 
? 
? 
? 
? 
? 
? 
? 
? 
? 
? 
? 
? 
? 
? 
? 
? 
? 
? 
? 
? 
? 
? 
? 
? 
? 
? 
? 
? 
? 
? 
? 
? 
? 
? 
? 
? 
? 
? 
? 
? 
? 
? 
? 
? 
? 
? 
? 
? 
? 
? 
? 
? 
? 
? 
? 
? 
? 
? 
? 
? 
? 
? 
? 
? 
? 
? 
? 
? 
? 
? 
? 
? 
? 
? 
? 
? 
? 
? 
? 
? 
? 
? 
? 
? 
? 
? 
? 
? 
? 
? 
? 
? 
? 
? 
? 
? 
? 
? 
? 
? 
? 
? 
? 
? 
? 
? 
? 
? 
? 
? 
? 
? 
? 
? 
? 
? 
? 
? 
? 
? 
? 
? 
? 
? 
? 
? 
? 
? 
? 
? 
? 
? 
? 
? 
? 
? 
? 
? 
? 
? 
? 
? 
? 
? 
? 
? 
? 
? 
? 
? 
? 
? 
? 
? 
? 
? 
? 
? 
? 
? 
? 
? 
? 
? 
? 
? 
? 
? 
? 
? 
? 
? 
? 
? 
? 
? 
? 
? 
? 
? 
? 
? 
? 
? 
? 
? 
? 
? 
? 
? 
? 
? 
? 
? 
? 
? 
? 
? 
? 
? 
? 
? 
? 
? 
? 
? 
? 
? 
? 
? 
? 
? 
? 
? 
? 
? 
? 
? 
? 
? 
? 
? 
? 
? 
? 
? 
? 
? 
? 
? 
? 
? 
? 
? 
? 
? 
? 
? 
? 
? 
? 
? 
? 
? 
? 
? 
? 
? 
? 
? 
? 
? 
? 
? 
? 
? 
? 
? 
? 
? 
? 
? 
? 
? 
? 
? 
? 
? 
? 
? 
? 
? 
? 
? 
? 
? 
? 
? 
? 
? 
? 
? 
? 
? 
? 
? 
? 
? 
? 
? 
? 
? 
? 
? 
? 
? 
? 
? 
? 
? 
? 
? 
? 
? 
? 
? 
? 
? 
? 
? 
? 
? 
? 
? 
? 
? 
? 
? 
? 
? 
? 
? 
? 
? 
? 
? 
? 
? 
? 
? 
? 
? 
? 
? 
? 
? 
? 
? 
? 
? 
? 
? 
? 
? 
? 
? 
? 
? 
? 
? 
? 
? 
? 
? 
? 
? 
? 
? 
? 
? 
? 
? 
? 
? 
? 
? 
? 
? 
? 
? 
? 
? 
? 
? 
? 
? 
? 
? 
? 
? 
? 
? 
? 
? 
? 
? 
? 
? 
? 
? 
? 
? 
? 
? 
? 
? 
? 
? 
? 
? 
? 
? 
? 
? 
? 
? 
? 
? 
? 
? 
? 
? 
? 
? 
? 
? 
? 
? 
? 
? 
? 
? 
? 
? 
? 
? 
? 
? 
? 
? 
? 
? 
? 
? 
? 
? 
? 
? 
? 
? 
? 
? 
? 
? 
? 
? 
? 
? 
? 
? 
? 
? 
? 
? 
? 
? 
? 
? 
? 
? 
? 
? 
? 
? 
? 
? 
? 
? 
? 
? 
? 
? 
? 
? 
? 
? 
? 
? 
? 
? 
? 
? 
? 
? 
? 
? 
? 
? 
? 
? 
? 
? 
? 
? 
? 
? 
? 
? 
? 
? 
? 
? 
? 
? 
? 
? 
? 
? 
? 
? 
? 
? 
? 
? 
? 
? 
? 
? 
? 
? 
? 
? 
? 
? 
? 
? 
? 
? 
? 
? 
? 
? 
? 
? 
? 
? 
? 
? 
? 
? 
? 
? 
? 
? 
? 
? 
? 
? 
? 
? 
? 
? 
? 
? 
? 
? 
? 
? 
? 
? 
? 
? 
? 
? 
? 
? 
? 
? 
? 
? 
? 
? 
? 
? 
? 
? 
? 
? 
? 
? 
? 
? 
? 
? 
? 
? 
? 
? 
? 
? 
? 
? 
? 
? 
? 
? 
? 
? 
? 
? 
? 
? 
? 
? 
? 
? 
? 
? 
? 
? 
? 
? 
? 
? 
? 
? 
? 
? 
? 
? 
? 
? 
? 
? 
? 
? 
? 
? 
? 
? 
? 
? 
? 
? 
? 
? 
? 
? 
? 
? 
? 
? 
? 
? 
? 
? 
? 
? 
? 
? 
? 
? 
? 
? 
? 
? 
? 
? 
? 
? 
? 
? 
? 
? 
? 
? 
? 
? 
? 
? 
? 
? 
? 
? 
? 
? 
? 
? 
? 
? 
? 
? 
? 
? 
? 
? 
? 
? 
? 
? 
? 
? 
? 
? 
? 
? 
? 
? 
? 
? 
? 
? 
? 
? 
? 
? 
? 
? 
? 
? 
? 
? 
? 
? 
? 
? 
? 
? 
? 
? 
? 
? 
? 
? 
? 
? 
? 
? 
? 
? 
? 
? 
? 
? 
? 
? 
? 
? 
? 
? 
? 
? 
? 
? 
? 
? 
? 
? 
? 
? 
? 
? 
? 
? 
? 
? 
? 
? 
? 
? 
? 
? 
? 
? 
? 
? 
? 
? 
? 
? 
? 
? 
? 
? 
? 
? 
? 
? 
? 
? 
? 
? 
? 
? 
? 
? 
? 
? 
? 
? 
? 
? 
? 
? 
? 
? 
? 
? 
? 
? 
? 
? 
? 
? 
? 
? 
? 
? 
? 
? 
? 
? 
? 
? 
? 
? 
? 
? 
? 
? 
? 
? 
? 
? 
? 
? 
? 
? 
? 
? 
? 
? 
? 
? 
? 
? 
? 
? 
? 
? 
? 
? 
? 
? 
? 
? 
? 
? 
? 
? 
? 
? 
? 
? 
? 
? 
? 
? 
? 
? 
? 
? 
? 
? 
? 
? 
? 
? 
? 
? 
? 
? 
? 
? 
? 
? 
? 
? 
? 
? 
? 
? 
? 
? 
? 
? 
? 
? 
? 
? 
? 
? 
? 
? 
? 
? 
? 
? 
? 
? 
? 
? 
? 
? 
? 
? 
? 
? 
? 
? 
? 
? 
? 
? 
? 
? 
? 
? 
? 
? 
? 
? 
? 
? 
? 
? 
? 
? 
? 
? 
? 
? 
? 
? 
? 
? 
? 
? 
? 
? 
? 
? 
? 
? 
? 
? 
? 
? 
? 
? 
? 
? 
? 
? 
? 
? 
? 
? 
? 
? 
? 
? 
? 
? 
? 
? 
? 
? 
? 
? 
? 
? 
? 
? 
? 
? 
? 
? 
? 
? 
? 
? 
? 
? 
? 
? 
? 
? 
? 
? 
? 
? 
? 
? 
? 
? 
? 
? 
? 
? 
? 
? 
? 
? 
? 
? 
? 
? 
? 
? 
? 
? 
? 
? 
? 
? 
? 
? 
? 
? 
? 
? 
? 
? 
? 
? 
? 
? 
? 
? 
? 
? 
? 
? 
? 
? 
? 
? 
? 
? 
? 
? 
? 
? 
? 
? 
? 
? 
? 
? 
? 
? 
? 
? 
? 
? 
? 
? 
? 
? 
? 
? 
? 
? 
? 
? 
? 
? 
? 
? 
? 
? 
? 
? 
? 
? 
? 
? 
? 
? 
? 
? 
? 
? 
? 
? 
? 
? 
? 
? 
? 
? 
? 
? 
? 
? 
? 
? 
? 
? 
? 
? 
? 
? 
? 
? 
? 
? 
? 
? 
? 
? 
? 
? 
? 
? 
? 
? 
? 
? 
? 
? 
? 
? 
? 
? 
? 
? 
? 
? 
? 
? 
? 
? 
? 
? 
? 
? 
? 
? 
? 
? 
? 
? 
? 
? 
? 
? 
? 
? 
? 
? 
? 
? 
? 
? 
? 
? 
? 
? 
? 
? 
? 
? 
? 
? 
? 
? 
? 
? 
? 
? 
? 
? 
? 
? 
? 
? 
? 
? 
? 
? 
? 
? 
? 
? 
? 
? 
? 
? 
? 
? 
? 
? 
? 
? 
? 
? 
? 
? 
? 
? 
? 
? 
? 
? 
? 
? 
? 
? 
? 
? 
? 
? 
? 
? 
? 
? 
? 
? 
? 
? 
? 
? 
? 
? 
? 
? 
? 
? 
? 
? 
? 
? 
? 
? 
? 
? 
? 
? 
? 
? 
? 
? 
? 
? 
? 
? 
? 
? 
? 
? 
? 
? 
? 
? 
? 
? 
? 
? 
? 
? 
? 
? 
? 
? 
? 
? 
? 
? 
? 
? 
? 
? 
? 
? 
? 
? 
? 
? 
? 
? 
? 
? 
? 
? 
? 
? 
? 
? 
? 
? 
? 
? 
? 
? 
? 
? 
? 
? 
? 
? 
? 
? 
? 
? 
? 
? 
? 
? 
? 
? 
? 
? 
? 
? 
? 
? 
? 
? 
? 
? 
? 
? 
? 
? 
? 
? 
? 
? 
? 
? 
? 
? 
? 
? 
? 
? 
? 
? 
? 
? 
? 
? 
? 
? 
? 
? 
? 
? 
? 
? 
? 
? 
? 
? 
? 
? 
? 
? 
? 
? 
? 
? 
? 
? 
? 
? 
? 
? 
? 
? 
? 
? 
? 
? 
? 
? 
? 
? 
? 
? 
? 
? 
? 
? 
? 
? 
? 
? 
? 
? 
? 
? 
? 
? 
? 
? 
? 
? 
? 
? 
? 
? 
? 
? 
? 
? 
? 
? 
? 
? 
? 
? 
? 
? 
? 
? 
? 
? 
? 
? 
? 
? 
? 
? 
? 
? 
? 
? 
? 
? 
? 
? 
? 
? 
? 
? 
? 
? 
? 
? 
? 
? 
? 
? 
? 
? 
? 
? 
? 
? 
? 
? 
? 
? 
? 
? 
? 
? 
? 
? 
? 
? 
? 
? 
? 
? 
? 
? 
? 
? 
? 
? 
? 
? 
? 
? 
? 
? 
? 
? 
? 
? 
? 
? 
? 
? 
? 
? 
? 
? 
? 
? 
? 
? 
? 
? 
? 
? 
? 
? 
? 
? 
? 
? 
? 
? 
? 
? 
? 
? 
? 
? 
? 
? 
? 
? 
? 
? 
? 
? 
? 
? 
? 
? 
? 
? 
? 
? 
? 
? 
? 
? 
? 
? 
? 
? 
? 
? 
? 
? 
? 
? 
? 
? 
? 
? 
? 
? 
? 
? 
? 
? 
? 
? 
? 
? 
? 
? 
? 
? 
? 
? 
? 
? 
? 
? 
? 
? 
? 
? 
? 
? 
? 
? 
? 
? 
? 
? 
? 
? 
? 
? 
? 
? 
? 
? 
? 
? 
? 
? 
? 
? 
? 
? 
? 
? 
? 
? 
? 
? 
? 
? 
? 
? 
? 
? 
? 
? 
? 
? 
? 
? 
? 
? 
? 
? 
? 
? 
? 
? 
? 
? 
? 
? 
? 
? 
? 
? 
? 
? 
? 
? 
? 
? 
? 
? 
? 
? 
? 
? 
? 
? 
? 
? 
? 
? 
? 
? 
? 
? 
? 
? 
? 
? 
? 
? 
? 
? 
? 
? 
? 
? 
? 
? 
? 
? 
? 
? 
? 
? 
? 
? 
? 
? 
? 
? 
? 
? 
? 
? 
? 
? 
? 
? 
? 
? 
? 
? 
? 
? 
? 
? 
? 
? 
? 
? 
? 
? 
? 
? 
? 
? 
? 
? 
? 
? 
? 
? 
? 
? 
? 
? 
? 
? 
? 
? 
? 
? 
? 
? 
? 
? 
? 
? 
? 
? 
? 
? 
? 
? 
? 
? 
? 
? 
? 
? 
? 
? 
? 
? 
? 
? 
? 
? 
? 
? 
? 
? 
? 
? 
? 
? 
? 
? 
? 
? 
? 
? 
? 
? 
? 
? 
? 
? 
? 
? 
? 
? 
? 
? 
? 
? 
? 
? 
? 
? 
? 
? 
? 
? 
? 
? 
? 
? 
? 
? 
? 
? 
? 
? 
? 
? 
? 
? 
? 
? 
? 
? 
? 
? 
? 
? 
? 
? 
? 
? 
? 
? 
? 
? 
? 
? 
? 
? 
? 
? 
? 
? 
? 
? 
? 
? 
? 
? 
? 
? 
? 
? 
? 
? 
? 
? 
? 
? 
? 
? 
? 
? 
? 
? 
? 
? 
? 
? 
? 
? 
? 
? 
? 
? 
? 
? 
? 
? 
? 
? 
? 
? 
? 
? 
? 
? 
? 
? 
? 
? 
? 
? 
? 
? 
? 
? 
? 
? 
? 
? 
? 
? 
? 
? 
? 
? 
? 
? 
? 
? 
? 
? 
? 
? 
? 
? 
? 
? 
? 
? 
? 
? 
? 
? 
? 
? 
? 
? 
? 
? 
? 
? 
? 
? 
? 
? 
? 
? 
? 
? 
? 
? 
? 
? 
? 
? 
? 
? 
? 
? 
? 
? 
? 
? 
? 
? 
? 
? 
? 
? 
? 
? 
? 
? 
? 
? 
? 
? 
? 
? 
? 
? 
? 
? 
? 
? 
? 
? 
? 
? 
? 
? 
? 
? 
? 
? 
? 
? 
? 
? 
? 
? 
? 
? 
? 
? 
? 
? 
? 
? 
? 
? 
? 
? 
? 
? 
? 
? 
? 
? 
? 
? 
? 
? 
? 
? 
? 
? 
? 
? 
? 
? 
? 
? 
? 
? 
? 
? 
? 
? 
? 
? 
? 
? 
? 
? 
? 
? 
? 
? 
? 
? 
? 
? 
? 
? 
? 
? 
? 
? 
? 
? 
? 
? 
? 
? 
? 
? 
? 
? 
? 
? 
? 
? 
? 
? 
? 
? 
? 
? 
? 
? 
? 
? 
? 
? 
? 
? 
? 
? 
? 
? 
? 
? 
? 
? 
? 
? 
? 
? 
? 
? 
? 
? 
? 
? 
? 
? 
? 
? 
? 
? 
? 
? 
? 
? 
? 
? 
? 
? 
? 
? 
? 
? 
? 
? 
? 
? 
? 
? 
? 
? 
? 
? 
? 
? 
? 
? 
? 
? 
? 
? 
? 
? 
? 
? 
? 
? 
? 
? 
? 
? 
? 
? 
? 
? 
? 
? 
? 
? 
? 
? 
? 
? 
? 
? 
? 
? 
? 
? 
? 
? 
? 
? 
? 
? 
? 
? 
? 
? 
? 
? 
? 
? 
? 
? 
? 
? 
? 
? 
? 
? 
? 
? 
? 
? 
? 
? 
? 
? 
? 
? 
? 
? 
? 
? 
? 
? 
? 
? 
? 
? 
? 
? 
? 
? 
? 
? 
? 
? 
? 
? 
? 
? 
? 
? 
? 
? 
? 
? 
? 
? 
? 
? 
? 
? 
? 
? 
? 
? 
? 
? 
? 
? 
? 
? 
? 
? 
? 
? 
? 
? 
? 
? 
? 
? 
? 
? 
? 
? 
? 
? 
? 
? 
? 
? 
? 
? 
? 
? 
? 
? 
? 
? 
? 
? 
? 
? 
? 
? 
? 
? 
? 
? 
? 
? 
? 
? 
? 
? 
? 
? 
? 
? 
? 
? 
? 
? 
? 
? 
? 
? 
? 
? 
? 
? 
? 
? 
? 
? 
? 
? 
? 
? 
? 
? 
? 
? 
? 
? 
? 
? 
? 
? 
? 
? 
? 
? 
? 
? 
? 
? 
? 
? 
? 
? 
? 
? 
? 
? 
? 
? 
? 
? 
? 
? 
? 
? 
? 
? 
? 
? 
? 
? 
? 
? 
? 
? 
? 
? 
? 
? 
? 
? 
? 
? 
? 
? 
? 
? 
? 
? 
? 
? 
? 
? 
? 
? 
? 
? 
? 
? 
? 
? 
? 
? 
? 
? 
? 
? 
? 
? 
? 
? 
? 
? 
? 
? 
? 
? 
? 
? 
? 
? 
? 
? 
? 
? 
? 
? 
? 
? 
? 
? 
? 
? 
? 
? 
? 
? 
? 
? 
? 
? 
? 
? 
? 
? 
? 
? 
? 
? 
? 
? 
? 
? 
? 
? 
? 
? 
? 
? 
? 
? 
? 
? 
? 
? 
? 
? 
? 
? 
? 
? 
? 
? 
? 
? 
? 
? 
? 
? 
? 
? 
? 
? 
? 
? 
? 
? 
? 
? 
? 
? 
? 
? 
? 
? 
? 
? 
? 
? 
? 
? 
? 
? 
? 
? 
? 
? 
? 
? 
? 
? 
? 
? 
? 
? 
? 
? 
? 
? 
? 
? 
? 
? 
? 
? 
? 
? 
? 
? 
? 
? 
? 
? 
? 
? 
? 
? 
? 
? 
? 
? 
? 
? 
? 
? 
? 
? 
? 
? 
? 
? 
? 
? 
? 
? 
? 
? 
? 
? 
? 
? 
? 
? 
? 
? 
? 
? 
? 
? 
? 
? 
? 
? 
? 
? 
? 
? 
? 
? 
? 
? 
? 
? 
? 
? 
? 
? 
? 
? 
? 
? 
? 
? 
? 
? 
? 
? 
? 
? 
? 
? 
? 
? 
? 
? 
? 
? 
? 
? 
? 
? 
? 
? 
? 
? 
? 
? 
? 
? 
? 
? 
? 
? 
? 
? 
? 
? 
? 
? 
? 
? 
? 
? 
? 
? 
? 
? 
? 
? 
? 
? 
? 
? 
? 
? 
? 
? 
? 
? 
? 
? 
? 
? 
? 
? 
? 
? 
? 
? 
? 
? 
? 
? 
? 
? 
? 
? 
? 
? 
? 
? 
? 
? 
? 
? 
? 
? 
? 
? 
? 
? 
? 
? 
? 
? 
? 
? 
? 
? 
? 
? 
? 
? 
? 
? 
? 
? 
? 
? 
? 
? 
? 
? 
? 
? 
? 
? 
? 
? 
? 
? 
? 
? 
? 
? 
? 
? 
? 
? 
? 
? 
? 
? 
? 
? 
? 
? 
? 
? 
? 
? 
? 
? 
? 
? 
? 
? 
? 
? 
? 
? 
? 
? 
? 
? 
? 
? 
? 
? 
? 
? 
? 
? 
? 
? 
? 
? 
? 
? 
? 
? 
? 
? 
? 
? 
? 
? 
? 
? 
? 
? 
? 
? 
? 
? 
? 
? 
? 
? 
? 
? 
? 
? 
? 
? 
? 
? 
? 
? 
? 
? 
? 
? 
? 
? 
? 
? 
? 
? 
? 
? 
? 
? 
? 
? 
? 
? 
? 
? 
? 
? 
? 
? 
? 
? 
? 
? 
? 
? 
? 
? 
? 
? 
? 
? 
? 
? 
? 
? 
? 
? 
? 
? 
? 
? 
? 
? 
? 
? 
? 
? 
? 
? 
? 
? 
? 
? 
? 
? 
? 
? 
? 
? 
? 
? 
? 
? 
? 
? 
? 
? 
? 
? 
? 
? 
? 
? 
? 
? 
? 
? 
? 
? 
? 
? 
? 
? 
? 
? 
? 
? 
? 
? 
? 
? 
? 
? 
? 
? 
? 
? 
? 
? 
? 
? 
? 
? 
? 
? 
? 
? 
? 
? 
? 
? 
? 
? 
? 
? 
? 
? 
? 
? 
? 
? 
? 
? 
? 
? 
? 
? 
? 
? 
? 
? 
? 
? 
? 
? 
? 
? 
? 
? 
? 
? 
? 
? 
? 
? 
? 
? 
? 
? 
? 
? 
? 
? 
? 
? 
? 
? 
? 
? 
? 
? 
? 
? 
? 
? 
? 
? 
? 
? 
? 
? 
? 
? 
? 
? 
? 
? 
? 
? 
? 
? 
? 
? 
? 
? 
? 
? 
? 
? 
? 
? 
? 
? 
? 
? 
? 
? 
? 
? 
? 
? 
? 
? 
? 
? 
? 
? 
? 
? 
? 
? 
? 
? 
? 
? 
? 
? 
? 
? 
? 
? 
? 
? 
? 
? 
? 
? 
? 
? 
? 
? 
? 
? 
? 
? 
? 
? 
? 
? 
? 
? 
? 
? 
? 
? 
? 
? 
? 
? 
? 
? 
? 
? 
? 
? 
? 
? 
? 
? 
? 
? 
? 
? 
? 
? 
? 
? 
? 
? 
? 
? 
? 
? 
? 
? 
? 
? 
? 
? 
? 
? 
? 
? 
? 
? 
? 
? 
? 
? 
? 
? 
? 
? 
? 
? 
? 
? 
? 
? 
? 
? 
? 
? 
? 
? 
? 
? 
? 
? 
? 
? 
? 
? 
? 
? 
? 
? 
? 
? 
? 
? 
? 
? 
? 
? 
? 
? 
? 
? 
? 
? 
? 
? 
? 
? 
? 
? 
? 
? 
? 
? 
? 
? 
? 
? 
? 
? 
? 
? 
? 
? 
? 
? 
? 
? 
? 
? 
? 
? 
? 
? 
? 
? 
? 
? 
? 
? 
? 
? 
? 
? 
? 
? 
? 
? 
? 
? 
? 
? 
? 
? 
? 
? 
? 
? 
? 
? 
? 
? 
? 
? 
? 
? 
? 
? 
? 
? 
? 
? 
? 
? 
? 
? 
? 
? 
? 
? 
? 
? 
? 
? 
? 
? 
? 
? 
? 
? 
? 
? 
? 
? 
? 
? 
? 
? 
? 
? 
? 
? 
? 
? 
? 
? 
? 
? 
? 
? 
? 
? 
? 
? 
? 
? 
? 
? 
? 
? 
? 
? 
? 
? 
? 
? 
? 
? 
? 
? 
? 
? 
? 
? 
? 
? 
? 
? 
? 
? 
? 
? 
? 
? 
? 
? 
? 
? 
? 
? 
? 
? 
? 
? 
? 
? 
? 
? 
? 
? 
? 
? 
? 
? 
? 
? 
? 
? 
? 
? 
? 
? 
? 
? 
? 
? 
? 
? 
? 
? 
? 
? 
? 
? 
? 
? 
? 
? 
? 
? 
? 
? 
? 
? 
? 
? 
? 
? 
? 
? 
? 
? 
? 
? 
? 
? 
? 
? 
? 
? 
? 
? 
? 
? 
? 
? 
? 
? 
? 
? 
? 
? 
? 
? 
? 
? 
? 
? 
? 
? 
? 
? 
? 
? 
? 
? 
? 
? 
? 
? 
? 
? 
? 
? 
? 
? 
? 
? 
? 
? 
? 
? 
? 
? 
? 
? 
? 
? 
? 
? 
? 
? 
? 
? 
? 
? 
? 
? 
? 
? 
? 
? 
? 
? 
? 
? 
? 
? 
? 
? 
? 
? 
? 
? 
? 
? 
? 
? 
? 
? 
? 
? 
? 
? 
? 
? 
? 
? 
? 
? 
? 
? 
? 
? 
? 
? 
? 
? 
? 
? 
? 
? 
? 
? 
? 
? 
? 
? 
? 
? 
? 
? 
? 
? 
? 
? 
? 
? 
? 
? 
? 
? 
? 
? 
? 
? 
? 
? 
? 
? 
? 
? 
? 
? 
? 
? 
? 
? 
? 
? 
? 
? 
? 
? 
? 
? 
? 
? 
? 
? 
? 
? 
? 
? 
? 
? 
? 
? 
? 
? 
? 
? 
? 
? 
? 
? 
? 
? 
? 
? 
? 
? 
? 
? 
? 
? 
? 
? 
? 
? 
? 
? 
? 
? 
? 
? 
? 
? 
? 
? 
? 
? 
? 
? 
? 
? 
? 
? 
? 
? 
? 
? 
? 
? 
? 
? 
? 
? 
? 
? 
? 
? 
? 
? 
? 
? 
? 
? 
? 
? 
? 
? 
? 
? 
? 
? 
? 
? 
? 
? 
? 
? 
? 
? 
? 
? 
? 
? 
? 
? 
? 
? 
? 
? 
? 
? 
? 
? 
? 
? 
? 
? 
? 
? 
? 
? 
? 
? 
? 
? 
? 
? 
? 
? 
? 
? 
? 
? 
? 
? 
? 
? 
? 
? 
? 
? 
? 
? 
? 
? 
? 
? 
? 
? 
? 
? 
? 
? 
? 
? 
? 
? 
? 
? 
? 
? 
? 
? 
? 
? 
? 
? 
? 
? 
? 
? 
? 
? 
? 
? 
? 
? 
? 
? 
? 
? 
? 
? 
? 
? 
? 
? 
? 
? 
? 
? 
? 
? 
? 
? 
? 
? 
? 
? 
? 
? 
? 
? 
? 
? 
? 
? 
? 
? 
? 
? 
? 
? 
? 
? 
? 
? 
? 
? 
? 
? 
? 
? 
? 
? 
? 
? 
? 
? 
? 
? 
? 
? 
? 
? 
? 
? 
? 
? 
? 
? 
? 
? 
? 
? 
? 
? 
? 
? 
? 
? 
? 
? 
? 
? 
? 
? 
? 
? 
? 
? 
? 
? 
? 
? 
? 
? 
? 
? 
? 
? 
? 
? 
? 
? 
? 
? 
? 
? 
? 
? 
? 
? 
? 
? 
? 
? 
? 
? 
? 
? 
? 
? 
? 
? 
? 
? 
? 
? 
? 
? 
? 
? 
? 
? 
? 
? 
? 
? 
? 
? 
? 
? 
? 
? 
? 
? 
? 
? 
? 
? 
? 
? 
? 
? 
? 
? 
? 
? 
? 
? 
? 
? 
? 
? 
? 
? 
? 
? 
? 
? 
? 
? 
? 
? 
? 
? 
? 
? 
? 
? 
? 
? 
? 
? 
? 
? 
? 
? 
? 
? 
? 
? 
? 
? 
? 
? 
? 
? 
? 
? 
? 
? 
? 
? 
? 
? 
? 
? 
? 
? 
? 
? 
? 
? 
? 
? 
? 
? 
? 
? 
? 
? 
? 
? 
? 
? 
? 
? 
? 
? 
? 
? 
? 
? 
? 
? 
? 
? 
? 
? 
? 
? 
? 
? 
? 
? 
? 
? 
? 
? 
? 
? 
? 
? 
? 
? 
? 
? 
? 
? 
? 
? 
? 
? 
? 
? 
? 
? 
? 
? 
? 
? 
? 
? 
? 
? 
? 
? 
? 
? 
? 
? 
? 
? 
? 
? 
? 
? 
? 
? 
? 
? 
? 
? 
? 
? 
? 
? 
? 
? 
? 
? 
? 
? 
? 
? 
? 
? 
? 
? 
? 
? 
? 
? 
? 
? 
? 
? 
? 
? 
? 
? 
? 
? 
? 
? 
? 
? 
? 
? 
? 
? 
? 
? 
? 
? 
? 
? 
? 
? 
? 
? 
? 
? 
? 
? 
? 
? 
? 
? 
? 
? 
? 
? 
? 
? 
? 
? 
? 
? 
? 
? 
? 
? 
? 
? 
? 
? 
? 
? 
? 
? 
? 
? 
? 
? 
? 
? 
? 
? 
? 
? 
? 
? 
? 
? 
? 
? 
? 
? 
? 
? 
? 
? 
? 
? 
? 
? 
? 
? 
? 
? 
? 
? 
? 
? 
? 
? 
? 
? 
? 
? 
? 
? 
? 
? 
? 
? 
? 
? 
? 
? 
? 
? 
? 
? 
? 
? 
? 
? 
? 
? 
? 
? 
? 
? 
? 
? 
? 
? 
? 
? 
? 
? 
? 
? 
? 
? 
? 
? 
? 
? 
? 
? 
? 
? 
? 
? 
? 
? 
? 
? 
? 
? 
? 
? 
? 
? 
? 
? 
? 
? 
? 
? 
? 
? 
? 
? 
? 
? 
? 
? 
? 
? 
? 
? 
? 
? 
? 
? 
? 
? 
? 
? 
? 
? 
? 
? 
? 
? 
? 
? 
? 
? 
? 
? 
? 
? 
? 
? 
? 
? 
? 
? 
? 
? 
? 
? 
? 
? 
? 
? 
? 
? 
? 
? 
? 
? 
? 
? 
? 
? 
? 
? 
? 
? 
? 
? 
? 
? 
? 
? 
? 
? 
? 
? 
? 
? 
? 
? 
? 
? 
? 
? 
? 
? 
? 
? 
? 
? 
? 
? 
? 
? 
? 
? 
? 
? 
? 
? 
? 
? 
? 
? 
? 
? 
? 
? 
? 
? 
? 
? 
? 
? 
? 
? 
? 
? 
? 
? 
? 
? 
? 
? 
? 
? 
? 
? 
? 
? 
? 
? 
? 
? 
? 
? 
? 
? 
? 
? 
? 
? 
? 
? 
? 
? 
? 
? 
? 
? 
? 
? 
? 
? 
? 
? 
? 
? 
? 
? 
? 
? 
? 
? 
? 
? 
? 
? 
? 
? 
? 
? 
? 
? 
? 
? 
? 
? 
? 
? 
? 
? 
? 
? 
? 
? 
? 
? 
? 
? 
? 
? 
? 
? 
? 
? 
? 
? 
? 
? 
? 
? 
? 
? 
? 
? 
? 
? 
? 
? 
? 
? 
? 
? 
? 
? 
? 
? 
? 
? 
? 
? 
? 
? 
? 
? 
? 
? 
? 
? 
? 
? 
? 
? 
? 
? 
? 
? 
? 
? 
? 
? 
? 
? 
? 
? 
? 
? 
? 
? 
? 
? 
? 
? 
? 
? 
? 
? 
? 
? 
? 
? 
? 
? 
? 
? 
? 
? 
? 
? 
? 
? 
? 
? 
? 
? 
? 
? 
? 
? 
? 
? 
? 
? 
? 
? 
? 
? 
? 
? 
? 
? 
? 
? 
? 
? 
? 
? 
? 
? 
? 
? 
? 
? 
? 
? 
? 
? 
? 
? 
? 
? 
? 
? 
? 
? 
? 
? 
? 
? 
? 
? 
? 
? 
? 
? 
? 
? 
? 
? 
? 
? 
? 
? 
? 
? 
? 
? 
? 
? 
? 
? 
? 
? 
? 
? 
? 
? 
? 
? 
? 
? 
? 
? 
? 
? 
? 
? 
? 
? 
? 
? 
? 
? 
? 
? 
? 
? 
? 
? 
? 
? 
? 
? 
? 
? 
? 
? 
? 
? 
? 
? 
? 
? 
? 
? 
? 
? 
? 
? 
? 
? 
? 
? 
? 
? 
? 
? 
? 
? 
? 
? 
? 
? 
? 
? 
? 
? 
? 
? 
? 
? 
? 
? 
? 
? 
? 
? 
? 
? 
? 
? 
? 
? 
? 
? 
? 
? 
? 
? 
? 
? 
? 
? 
? 
? 
? 
? 
? 
? 
? 
? 
? 
? 
? 
? 
? 
? 
? 
? 
? 
? 
? 
? 
? 
? 
? 
? 
? 
? 
? 
? 
? 
? 
? 
? 
? 
? 
? 
? 
? 
? 
? 
? 
? 
? 
? 
? 
? 
? 
? 
? 
? 
? 
? 
? 
? 
? 
? 
? 
? 
? 
? 
? 
? 
? 
? 
? 
? 
? 
? 
? 
? 
? 
? 
? 
? 
? 
? 
? 
? 
? 
? 
? 
? 
? 
? 
? 
? 
? 
? 
? 
? 
? 
? 
? 
? 
? 
? 
? 
? 
? 
? 
? 
? 
? 
? 
? 
? 
? 
? 
? 
? 
? 
? 
? 
? 
? 
? 
? 
? 
? 
? 
? 
? 
? 
? 
? 
? 
? 
? 
? 
? 
? 
? 
? 
? 
? 
? 
? 
? 
? 
? 
? 
? 
? 
? 
? 
? 
? 
? 
? 
? 
? 
? 
? 
? 
? 
? 
? 
? 
? 
? 
? 
? 
? 
? 
? 
? 
? 
? 
? 
? 
? 
? 
? 
? 
? 
? 
? 
? 
? 
? 
? 
? 
? 
? 
? 
? 
? 
? 
? 
? 
? 
? 
? 
? 
? 
? 
? 
? 
? 
? 
? 
? 
? 
? 
? 
? 
? 
? 
? 
? 
? 
? 
? 
? 
? 
? 
? 
? 
? 
? 
? 
? 
? 
? 
? 
? 
? 
? 
? 
? 
? 
? 
? 
? 
? 
? 
? 
? 
? 
? 
? 
? 
? 
? 
? 
? 
? 
? 
? 
? 
? 
? 
? 
? 
? 
? 
? 
? 
? 
? 
? 
? 
? 
? 
? 
? 
? 
? 
? 
? 
? 
? 
? 
? 
? 
? 
? 
? 
? 
? 
? 
? 
? 
? 
? 
? 
? 
? 
? 
? 
? 
? 
? 
? 
? 
? 
? 
? 
? 
? 
? 
? 
? 
? 
? 
? 
? 
? 
? 
? 
? 
? 
? 
? 
? 
? 
? 
? 
? 
? 
? 
? 
? 
? 
? 
? 
? 
? 
? 
? 
? 
? 
? 
? 
? 
? 
? 
? 
? 
? 
? 
? 
? 
? 
? 
? 
? 
? 
? 
? 
? 
? 
? 
? 
? 
? 
? 
? 
? 
? 
? 
? 
? 
? 
? 
? 
? 
? 
? 
? 
? 
? 
? 
? 
? 
? 
? 
? 
? 
? 
? 
? 
? 
? 
? 
? 
? 
? 
? 
? 
? 
? 
? 
? 
? 
? 
? 
? 
? 
? 
? 
? 
? 
? 
? 
? 
? 
? 
? 
? 
? 
? 
? 
? 
? 
? 
? 
? 
? 
? 
? 
? 
? 
? 
? 
? 
? 
? 
? 
? 
? 
? 
? 
? 
? 
? 
? 
? 
? 
? 
? 
? 
? 
? 
? 
? 
? 
? 
? 
? 
? 
? 
? 
? 
? 
? 
? 
? 
? 
? 
? 
? 
? 
? 
? 
? 
? 
? 
? 
? 
? 
? 
? 
? 
? 
? 
? 
? 
? 
? 
? 
? 
? 
? 
? 
? 
? 
? 
? 
? 
? 
? 
? 
? 
? 
? 
? 
? 
? 
? 
? 
? 
? 
? 
? 
? 
? 
? 
? 
? 
? 
? 
? 
? 
? 
? 
? 
? 
? 
? 
? 
? 
? 
? 
? 
? 
? 
? 
? 
? 
? 
? 
? 
? 
? 
? 
? 
? 
? 
? 
? 
? 
? 
? 
? 
? 
? 
? 
? 
? 
? 
? 
? 
? 
? 
? 
? 
? 
? 
? 
? 
? 
? 
? 
? 
? 
? 
? 
? 
? 
? 
? 
? 
? 
? 
? 
? 
? 
? 
? 
? 
? 
? 
? 
? 
? 
? 
? 
? 
? 
? 
? 
? 
? 
? 
? 
? 
? 
? 
? 
? 
? 
? 
? 
? 
? 
? 
? 
? 
? 
? 
? 
? 
? 
? 
? 
? 
? 
? 
? 
? 
? 
? 
? 
? 
? 
? 
? 
? 
? 
? 
? 
? 
? 
? 
? 
? 
? 
? 
? 
? 
? 
? 
? 
? 
? 
? 
? 
? 
? 
? 
? 
? 
? 
? 
? 
? 
? 
? 
? 
? 
? 
? 
? 
? 
? 
? 
? 
? 
? 
? 
? 
? 
? 
? 
? 
? 
? 
? 
? 
? 
? 
? 
? 
? 
? 
? 
? 
? 
? 
? 
? 
? 
? 
? 
? 
? 
? 
? 
? 
? 
? 
? 
? 
? 
? 
? 
? 
? 
? 
? 
? 
? 
? 
? 
? 
? 
? 
? 
? 
? 
? 
? 
? 
? 
? 
? 
? 
? 
? 
? 
? 
? 
? 
? 
? 
? 
? 
? 
? 
? 
? 
? 
? 
? 
? 
? 
? 
? 
? 
? 
? 
? 
? 
? 
? 
? 
? 
? 
? 
? 
? 
? 
? 
? 
? 
? 
? 
? 
? 
? 
? 
? 
? 
? 
? 
? 
? 
? 
? 
? 
? 
? 
? 
? 
? 
? 
? 
? 
? 
? 
? 
? 
? 
? 
? 
? 
? 
? 
? 
? 
? 
? 
? 
? 
? 
? 
? 
? 
? 
? 
? 
? 
? 
? 
? 
? 
? 
? 
? 
? 
? 
? 
? 
? 
? 
? 
? 
? 
? 
? 
? 
? 
? 
? 
? 
? 
? 
? 
? 
? 
? 
? 
? 
? 
? 
? 
? 
? 
? 
? 
? 
? 
? 
? 
? 
? 
? 
? 
? 
? 
? 
? 
? 
? 
? 
? 
? 
? 
? 
? 
? 
? 
? 
? 
? 
? 
? 
? 
? 
? 
? 
? 
? 
? 
? 
? 
? 
? 
? 
? 
? 
? 
? 
? 
? 
? 
? 
? 
? 
? 
? 
? 
? 
? 
? 
? 
? 
? 
? 
? 
? 
? 
? 
? 
? 
? 
? 
? 
? 
? 
? 
? 
? 
? 
? 
? 
? 
? 
? 
? 
? 
? 
? 
? 
? 
? 
? 
? 
? 
? 
? 
? 
? 
? 
? 
? 
? 
? 
? 
? 
? 
? 
? 
? 
? 
? 
? 
? 
? 
? 
? 
? 
? 
? 
? 
? 
? 
? 
? 
? 
? 
? 
? 
? 
? 
? 
? 
? 
? 
? 
? 
? 
? 
? 
? 
? 
? 
? 
? 
? 
? 
? 
? 
? 
? 
? 
? 
? 
? 
? 
? 
? 
? 
? 
? 
? 
? 
? 
? 
? 
? 
? 
? 
? 
? 
? 
? 
? 
? 
? 
? 
? 
? 
? 
? 
? 
? 
? 
? 
? 
? 
? 
? 
? 
? 
? 
? 
? 
? 
? 
? 
? 
? 
? 
? 
? 
? 
? 
? 
? 
? 
? 
? 
? 
? 
? 
? 
? 
? 
? 
? 
? 
? 
? 
? 
? 
? 
? 
? 
? 
? 
? 
? 
? 
? 
? 
? 
? 
? 
? 
? 
? 
? 
? 
? 
? 
? 
? 
? 
? 
? 
? 
? 
? 
? 
? 
? 
? 
? 
? 
? 
? 
? 
? 
? 
? 
? 
? 
? 
? 
? 
? 
? 
? 
? 
? 
? 
? 
? 
? 
? 
? 
? 
? 
? 
? 
? 
? 
? 
? 
? 
? 
? 
? 
? 
? 
? 
? 
? 
? 
? 
? 
? 
? 
? 
? 
? 
? 
? 
? 
? 
? 
? 
? 
? 
? 
? 
? 
? 
? 
? 
? 
? 
? 
? 
? 
? 
? 
? 
? 
? 
? 
? 
? 
? 
? 
? 
? 
? 
? 
? 
? 
? 
? 
? 
? 
? 
? 
? 
? 
? 
? 
? 
? 
? 
? 
? 
? 
? 
? 
? 
? 
? 
? 
? 
? 
? 
? 
? 
? 
? 
? 
? 
? 
? 
? 
? 
? 
? 
? 
? 
? 
? 
? 
? 
? 
? 
? 
? 
? 
? 
? 
? 
? 
? 
? 
? 
? 
? 
? 
? 
? 
? 
? 
? 
? 
? 
? 
? 
? 
? 
? 
? 
? 
? 
? 
? 
? 
? 
? 
? 
? 
? 
? 
? 
? 
? 
? 
? 
? 
? 
? 
? 
? 
? 
? 
? 
? 
? 
? 
? 
? 
? 
? 
? 
? 
? 
? 
? 
? 
? 
? 
? 
? 
? 
? 
? 
? 
? 
? 
? 
? 
? 
? 
? 
? 
? 
? 
? 
? 
? 
? 
? 
? 
? 
? 
? 
? 
? 
? 
? 
? 
? 
? 
? 
? 
? 
? 
? 
? 
? 
? 
? 
? 
? 
? 
? 
? 
? 
? 
? 
? 
? 
? 
? 
? 
? 
? 
? 
? 
? 
? 
? 
? 
? 
? 
? 
? 
? 
? 
? 
? 
? 
? 
? 
? 
? 
? 
? 
? 
? 
? 
? 
? 
? 
? 
? 
? 
? 
? 
? 
? 
? 
? 
? 
? 
? 
? 
? 
? 
? 
? 
? 
? 
? 
? 
? 
? 
? 
? 
? 
? 
? 
? 
? 
? 
? 
? 
? 
? 
? 
? 
? 
? 
? 
? 
? 
? 
? 
? 
? 
? 
? 
? 
? 
? 
? 
? 
? 
? 
? 
? 
? 
? 
? 
? 
? 
? 
? 
? 
? 
? 
? 
? 
? 
? 
? 
? 
? 
? 
? 
? 
? 
? 
? 
? 
? 
? 
? 
? 
? 
? 
? 
? 
? 
? 
? 
? 
? 
? 
? 
? 
? 
? 
? 
? 
? 
? 
? 
? 
? 
? 
? 
? 
? 
? 
? 
? 
? 
? 
? 
? 
? 
? 
? 
? 
? 
? 
? 
? 
? 
? 
? 
? 
? 
? 
? 
? 
? 
? 
? 
? 
? 
? 
? 
? 
? 
? 
? 
? 
? 
? 
? 
? 
? 
? 
? 
? 
? 
? 
? 
? 
? 
? 
? 
? 
? 
? 
? 
? 
? 
? 
? 
? 
? 
? 
? 
? 
? 
? 
? 
? 
? 
? 
? 
? 
? 
? 
? 
? 
? 
? 
? 
? 
? 
? 
? 
? 
? 
? 
? 
? 
? 
? 
? 
? 
? 
? 
? 
? 
? 
? 
? 
? 
? 
? 
? 
? 
? 
? 
? 
? 
? 
? 
? 
? 
? 
? 
? 
? 
? 
? 
? 
? 
? 
? 
? 
? 
? 
? 
? 
? 
? 
? 
? 
? 
? 
? 
? 
? 
? 
? 
? 
? 
? 
? 
? 
? 
? 
? 
? 
? 
? 
? 
? 
? 
? 
? 
? 
? 
? 
? 
? 
? 
? 
? 
? 
? 
? 
? 
? 
? 
? 
? 
? 
? 
? 
? 
? 
? 
? 
? 
? 
? 
? 
? 
? 
? 
? 
? 
? 
? 
? 
? 
? 
? 
? 
? 
? 
? 
? 
? 
? 
? 
? 
? 
? 
? 
? 
? 
? 
? 
? 
? 
? 
? 
? 
? 
? 
? 
? 
? 
? 
? 
? 
? 
? 
? 
? 
? 
? 
? 
? 
? 
? 
? 
? 
? 
? 
? 
? 
? 
? 
? 
? 
? 
? 
? 
? 
? 
? 
? 
? 
? 
? 
? 
? 
? 
? 
? 
? 
? 
? 
? 
? 
? 
? 
? 
? 
? 
? 
? 
? 
? 
? 
? 
? 
? 
? 
? 
? 
? 
? 
? 
? 
? 
? 
? 
? 
? 
? 
? 
? 
? 
? 
? 
? 
? 
? 
? 
? 
? 
? 
? 
? 
? 
? 
? 
? 
? 
? 
? 
? 
? 
? 
? 
? 
? 
? 
? 
? 
? 
? 
? 
? 
? 
? 
? 
? 
? 
? 
? 
? 
? 
? 
? 
? 
? 
? 
? 
? 
? 
? 
? 
? 
? 
? 
? 
? 
? 
? 
? 
? 
? 
? 
? 
? 
? 
? 
? 
? 
? 
? 
? 
? 
? 
? 
? 
? 
? 
? 
? 
? 
? 
? 
? 
? 
? 
? 
? 
? 
? 
? 
? 
? 
? 
? 
? 
? 
? 
? 
? 
? 
? 
? 
? 
? 
? 
? 
? 
? 
? 
? 
? 
? 
? 
? 
? 
? 
? 
? 
? 
? 
? 
? 
? 
? 
? 
? 
? 
? 
? 
? 
? 
? 
? 
? 
? 
? 
? 
? 
? 
? 
? 
? 
? 
? 
? 
? 
? 
? 
? 
? 
? 
? 
? 
? 
? 
? 
? 
? 
? 
? 
? 
? 
? 
? 
? 
? 
? 
? 
? 
? 
? 
? 
? 
? 
? 
? 
? 
? 
? 
? 
? 
? 
? 
? 
? 
? 
? 
? 
? 
? 
? 
? 
? 
? 
? 
? 
? 
? 
? 
? 
? 
? 
? 
? 
? 
? 
? 
? 
? 
? 
? 
? 
? 
? 
? 
? 
? 
? 
? 
? 
? 
? 
? 
? 
? 
? 
? 
? 
? 
? 
? 
? 
? 
? 
? 
? 
? 
? 
? 
? 
? 
? 
? 
? 
? 
? 
? 
? 
? 
? 
? 
? 
? 
? 
? 
? 
? 
? 
? 
? 
? 
? 
? 
? 
? 
? 
? 
? 
? 
? 
? 
? 
? 
? 
? 
? 
? 
? 
? 
? 
? 
? 
? 
? 
? 
? 
? 
? 
? 
? 
? 
? 
? 
? 
? 
? 
? 
? 
? 
? 
? 
? 
? 
? 
? 
? 
? 
? 
? 
? 
? 
? 
? 
? 
? 
? 
? 
? 
? 
? 
? 
? 
? 
? 
? 
? 
? 
? 
? 
? 
? 
? 
? 
? 
? 
? 
? 
? 
? 
? 
? 
? 
? 
? 
? 
? 
? 
? 
? 
? 
? 
? 
? 
? 
? 
? 
? 
? 
? 
? 
? 
? 
? 
? 
? 
? 
? 
? 
? 
? 
? 
? 
? 
? 
? 
? 
? 
? 
? 
? 
? 
? 
? 
? 
? 
? 
? 
? 
? 
? 
? 
? 
? 
? 
? 
? 
? 
? 
? 
? 
? 
? 
? 
? 
? 
? 
? 
? 
? 
? 
? 
? 
? 
? 
? 
? 
? 
? 
? 
? 
? 
? 
? 
? 
? 
? 
? 
? 
? 
? 
? 
? 
? 
? 
? 
? 
? 
? 
? 
? 
? 
? 
? 
? 
? 
? 
? 
? 
? 
? 
? 
? 
? 
? 
? 
? 
? 
? 
? 
? 
? 
? 
? 
? 
? 
? 
? 
? 
? 
? 
? 
? 
? 
? 
? 
? 
? 
? 
? 
? 
? 
? 
? 
? 
? 
? 
? 
? 
? 
? 
? 
? 
? 
? 
? 
? 
? 
? 
? 
? 
? 
? 
? 
? 
? 
? 
? 
? 
? 
? 
? 
? 
? 
? 
? 
? 
? 
? 
? 
? 
? 
? 
? 
? 
? 
? 
? 
? 
? 
? 
? 
? 
? 
? 
? 
? 
? 
? 
? 
? 
? 
? 
? 
? 
? 
? 
? 
? 
? 
? 
? 
? 
? 
? 
? 
? 
? 
? 
? 
? 
? 
? 
? 
? 
? 
? 
? 
? 
? 
? 
? 
? 
? 
? 
? 
? 
? 
? 
? 
? 
? 
? 
? 
? 
? 
? 
? 
? 
? 
? 
? 
? 
? 
? 
? 
? 
? 
? 
? 
? 
? 
? 
? 
? 
? 
? 
? 
? 
? 
? 
? 
? 
? 
? 
? 
? 
? 
? 
? 
? 
? 
? 
? 
? 
? 
? 
? 
? 
? 
? 
? 
? 
? 
? 
? 
? 
? 
? 
? 
? 
? 
? 
? 
? 
? 
? 
? 
? 
? 
? 
? 
? 
? 
? 
? 
? 
? 
? 
? 
? 
? 
? 
? 
? 
? 
? 
? 
? 
? 
? 
? 
? 
? 
? 
? 
? 
? 
? 
? 
? 
? 
? 
? 
? 
? 
? 
? 
? 
? 
? 
? 
? 
? 
? 
? 
? 
? 
? 
? 
? 
? 
? 
? 
? 
? 
? 
? 
? 
? 
? 
? 
? 
? 
? 
? 
? 
? 
? 
? 
? 
? 
? 
? 
? 
? 
? 
? 
? 
? 
? 
? 
? 
? 
? 
? 
? 
? 
? 
? 
? 
? 
? 
? 
? 
? 
? 
? 
? 
? 
? 
? 
? 
? 
? 
? 
? 
? 
? 
? 
? 
? 
? 
? 
? 
? 
? 
? 
? 
? 
? 
? 
? 
? 
? 
? 
? 
? 
? 
? 
? 
? 
? 
? 
? 
? 
? 
? 
? 
? 
? 
? 
? 
? 
? 
? 
? 
? 
? 
? 
? 
? 
? 
? 
? 
? 
? 
? 
? 
? 
? 
? 
? 
? 
? 
? 
? 
? 
? 
? 
? 
? 
? 
? 
? 
? 
? 
? 
? 
? 
? 
? 
? 
? 
? 
? 
? 
? 
? 
? 
? 
? 
? 
? 
? 
? 
? 
? 
? 
? 
? 
? 
? 
? 
? 
? 
? 
? 
? 
? 
? 
? 
? 
? 
? 
? 
? 
? 
? 
? 
? 
? 
? 
? 
? 
? 
? 
? 
? 
? 
? 
? 
? 
? 
? 
? 
? 
? 
? 
? 
? 
? 
? 
? 
? 
? 
? 
? 
? 
? 
? 
? 
? 
? 
? 
? 
? 
? 
? 
? 
? 
? 
? 
? 
? 
? 
? 
? 
? 
? 
? 
? 
? 
? 
? 
? 
? 
? 
? 
? 
? 
? 
? 
? 
? 
? 
? 
? 
? 
? 
? 
? 
? 
? 
? 
? 
? 
? 
? 
? 
? 
? 
? 
? 
? 
? 
? 
? 
? 
? 
? 
? 
? 
? 
? 
? 
? 
? 
? 
? 
? 
? 
? 
? 
? 
? 
? 
? 
? 
? 
? 
? 
? 
? 
? 
? 
? 
? 
? 
? 
? 
? 
? 
? 
? 
? 
? 
? 
? 
? 
? 
? 
? 
? 
? 
? 
? 
? 
? 
? 
? 
? 
? 
? 
? 
? 
? 
? 
? 
? 
? 
? 
? 
? 
? 
? 
? 
? 
? 
? 
? 
? 
? 
? 
? 
? 
? 
? 
? 
? 
? 
? 
? 
? 
? 
? 
? 
? 
? 
? 
? 
? 
? 
? 
? 
? 
? 
? 
? 
? 
? 
? 
? 
? 
? 
? 
? 
? 
? 
? 
? 
? 
? 
? 
? 
? 
? 
? 
? 
? 
? 
? 
? 
? 
? 
? 
? 
? 
? 
? 
? 
? 
? 
? 
? 
? 
? 
? 
? 
? 
? 
? 
? 
? 
? 
? 
? 
? 
? 
? 
? 
? 
? 
? 
? 
? 
? 
? 
? 
? 
? 
? 
? 
? 
? 
? 
? 
? 
? 
? 
? 
? 
? 
? 
? 
? 
? 
? 
? 
? 
? 
? 
? 
? 
? 
? 
? 
? 
? 
? 
? 
? 
? 
? 
? 
? 
? 
? 
? 
? 
? 
? 
? 
? 
? 
? 
? 
? 
? 
? 
? 
? 
? 
? 
? 
? 
? 
? 
? 
? 
? 
? 
? 
? 
? 
? 
? 
? 
? 
? 
? 
? 
? 
? 
? 
? 
? 
? 
? 
? 
? 
? 
? 
? 
? 
? 
? 
? 
? 
? 
? 
? 
? 
? 
? 
? 
? 
? 
? 
? 
? 
? 
? 
? 
? 
? 
? 
? 
? 
? 
? 
? 
? 
? 
? 
? 
? 
? 
? 
? 
? 
? 
? 
? 
? 
? 
? 
? 
? 
? 
? 
? 
? 
? 
? 
? 
? 
? 
? 
? 
? 
? 
? 
? 
? 
? 
? 
? 
? 
? 
? 
? 
? 
? 
? 
? 
? 
? 
? 
? 
? 
? 
? 
? 
? 
? 
? 
? 
? 
? 
? 
? 
? 
? 
? 
? 
? 
? 
? 
? 
? 
? 
? 
? 
? 
? 
? 
? 
? 
? 
? 
? 
? 
? 
? 
? 
? 
? 
? 
? 
? 
? 
? 
? 
? 
? 
? 
? 
? 
? 
? 
? 
? 
? 
? 
? 
? 
? 
? 
? 
? 
? 
? 
? 
? 
? 
? 
? 
? 
? 
? 
? 
? 
? 
? 
? 
? 
? 
? 
? 
? 
? 
? 
? 
? 
? 
? 
? 
? 
? 
? 
? 
? 
? 
? 
? 
? 
? 
? 
? 
? 
? 
? 
? 
? 
? 
? 
? 
? 
? 
? 
? 
? 
? 
? 
? 
? 
? 
? 
? 
? 
? 
? 
? 
? 
? 
? 
? 
? 
? 
? 
? 
? 
? 
? 
? 
? 
? 
? 
? 
? 
? 
? 
? 
? 
? 
? 
? 
? 
? 
? 
? 
? 
? 
? 
? 
? 
? 
? 
? 
? 
? 
? 
? 
? 
? 
? 
? 
? 
? 
? 
? 
? 
? 
? 
? 
? 
? 
? 
? 
? 
? 
? 
? 
? 
? 
? 
? 
? 
? 
? 
? 
? 
? 
? 
? 
? 
? 
? 
? 
? 
? 
? 
? 
? 
? 
? 
? 
? 
? 
? 
? 
? 
? 
? 
? 
? 
? 
? 
? 
? 
? 
? 
? 
? 
? 
? 
? 
? 
? 
? 
? 
? 
? 
? 
? 
? 
? 
? 
? 
? 
? 
? 
? 
? 
? 
? 
? 
? 
? 
? 
? 
? 
? 
? 
? 
? 
? 
? 
? 
? 
? 
? 
? 
? 
? 
? 
? 
? 
? 
? 
? 
? 
? 
? 
? 
? 
? 
? 
? 
? 
? 
? 
? 
? 
? 
? 
? 
? 
? 
? 
? 
? 
? 
? 
? 
? 
? 
? 
? 
? 
? 
? 
? 
? 
? 
? 
? 
? 
? 
? 
? 
? 
? 
? 
? 
? 
? 
? 
? 
? 
? 
? 
? 
? 
? 
? 
? 
? 
? 
? 
? 
? 
? 
? 
? 
? 
? 
? 
? 
? 
? 
? 
? 
? 
? 
? 
? 
? 
? 
? 
? 
? 
? 
? 
? 
? 
? 
? 
? 
? 
? 
? 
? 
? 
? 
? 
? 
? 
? 
? 
? 
? 
? 
? 
? 
? 
? 
? 
? 
? 
? 
? 
? 
? 
? 
? 
? 
? 
? 
? 
? 
? 
? 
? 
? 
? 
? 
? 
? 
? 
? 
? 
? 
? 
? 
? 
? 
? 
? 
? 
? 
? 
? 
? 
? 
? 
? 
? 
? 
? 
? 
? 
? 
? 
? 
? 
? 
? 
? 
? 
? 
? 
? 
? 
? 
? 
? 
? 
? 
? 
? 
? 
? 
? 
? 
? 
? 
? 
? 
? 
? 
? 
? 
? 
? 
? 
? 
? 
? 
? 
? 
? 
? 
? 
? 
? 
? 
? 
? 
? 
? 
? 
? 
? 
? 
? 
? 
? 
? 
? 
? 
? 
? 
? 
? 
? 
? 
? 
? 
? 
? 
? 
? 
? 
? 
? 
? 
? 
? 
? 
? 
? 
? 
? 
? 
? 
? 
? 
? 
? 
? 
? 
? 
? 
? 
? 
? 
? 
? 
? 
? 
? 
? 
? 
? 
? 
? 
? 
? 
? 
? 
? 
? 
? 
? 
? 
? 
? 
? 
? 
? 
? 
? 
? 
? 
? 
? 
? 
? 
? 
? 
? 
? 
? 
? 
? 
? 
? 
? 
? 
? 
? 
? 
? 
? 
? 
? 
? 
? 
? 
? 
? 
? 
? 
? 
? 
? 
? 
? 
? 
? 
? 
? 
? 
? 
? 
? 
? 
? 
? 
? 
? 
? 
? 
? 
? 
? 
? 
? 
? 
? 
? 
? 
? 
? 
? 
? 
? 
? 
? 
? 
? 
? 
? 
? 
? 
? 
? 
? 
? 
? 
? 
? 
? 
? 
? 
? 
? 
? 
? 
? 
? 
? 
? 
? 
? 
? 
? 
? 
? 
? 
? 
? 
? 
? 
? 
? 
? 
? 
? 
? 
? 
? 
? 
? 
? 
? 
? 
? 
? 
? 
? 
? 
? 
? 
? 
? 
? 
? 
? 
? 
? 
? 
? 
? 
? 
? 
? 
? 
? 
? 
? 
? 
? 
? 
? 
? 
? 
? 
? 
? 
? 
? 
? 
? 
? 
? 
? 
? 
? 
? 
? 
? 
? 
? 
? 
? 
? 
? 
? 
? 
? 
? 
? 
? 
? 
? 
? 
? 
? 
? 
? 
? 
? 
? 
? 
? 
? 
? 
? 
? 
? 
? 
? 
? 
? 
? 
? 
? 
? 
? 
? 
? 
? 
? 
? 
? 
? 
? 
? 
? 
? 
? 
? 
? 
? 
? 
? 
? 
? 
? 
? 
? 
? 
? 
? 
? 
? 
? 
? 
? 
? 
? 
? 
? 
? 
? 
? 
? 
? 
? 
? 
? 
? 
? 
? 
? 
? 
? 
? 
? 
? 
? 
? 
? 
? 
? 
? 
? 
? 
? 
? 
? 
? 
? 
? 
? 
? 
? 
? 
? 
? 
? 
? 
? 
? 
? 
? 
? 
? 
? 
? 
? 
? 
? 
? 
? 
? 
? 
? 
? 
? 
? 
? 
? 
? 
? 
? 
? 
? 
? 
? 
? 
? 
? 
? 
? 
? 
? 
? 
? 
? 
? 
? 
? 
? 
? 
? 
? 
? 
? 
? 
? 
? 
? 
? 
? 
? 
? 
? 
? 
? 
? 
? 
? 
? 
? 
? 
? 
? 
? 
? 
? 
? 
? 
? 
? 
? 
? 
? 
? 
? 
? 
? 
? 
? 
? 
? 
? 
? 
? 
? 
? 
? 
? 
? 
? 
? 
? 
? 
? 
? 
? 
? 
? 
? 
? 
? 
? 
? 
? 
? 
? 
? 
? 
? 
? 
? 
? 
? 
? 
? 
? 
? 
? 
? 
? 
? 
? 
? 
? 
? 
? 
? 
? 
? 
? 
? 
? 
? 
? 
? 
? 
? 
? 
? 
? 
? 
? 
? 
? 
? 
? 
? 
? 
? 
? 
? 
? 
? 
? 
? 
? 
? 
? 
? 
? 
? 
? 
? 
? 
? 
? 
? 
? 
? 
? 
? 
? 
? 
? 
? 
? 
? 
? 
? 
? 
? 
? 
? 
? 
? 
? 
? 
? 
? 
? 
? 
? 
? 
? 
? 
? 
? 
? 
? 
? 
? 
? 
? 
? 
? 
? 
? 
? 
? 
? 
? 
? 
? 
? 
? 
? 
? 
? 
? 
? 
? 
? 
? 
? 
? 
? 
? 
? 
? 
? 
? 
? 
? 
? 
? 
? 
? 
? 
? 
? 
? 
? 
? 
? 
? 
? 
? 
? 
? 
? 
? 
? 
? 
? 
? 
? 
? 
? 
? 
? 
? 
? 
? 
? 
? 
? 
? 
? 
? 
? 
? 
? 
? 
? 
? 
? 
? 
? 
? 
? 
? 
? 
? 
? 
? 
? 
? 
? 
? 
? 
? 
? 
? 
? 
? 
? 
? 
? 
? 
? 
? 
? 
? 
? 
? 
? 
? 
? 
? 
? 
? 
? 
? 
? 
? 
? 
? 
? 
? 
? 
? 
? 
? 
? 
? 
? 
? 
? 
? 
? 
? 
? 
? 
? 
? 
? 
? 
? 
? 
? 
? 
? 
? 
? 
? 
? 
? 
? 
? 
? 
? 
? 
? 
? 
? 
? 
? 
? 
? 
? 
? 
? 
? 
? 
? 
? 
? 
? 
? 
? 
? 
? 
? 
? 
? 
? 
? 
? 
? 
? 
? 
? 
? 
? 
? 
? 
? 
? 
? 
? 
? 
? 
? 
? 
? 
? 
? 
? 
? 
? 
? 
? 
? 
? 
? 
? 
? 
? 
? 
? 
? 
? 
? 
? 
? 
? 
? 
? 
? 
? 
? 
? 
? 
? 
? 
? 
? 
? 
? 
? 
? 
? 
? 
? 
? 
? 
? 
? 
? 
? 
? 
? 
? 
? 
? 
? 
? 
? 
? 
? 
? 
? 
? 
? 
? 
? 
? 
? 
? 
? 
? 
? 
? 
? 
? 
? 
? 
? 
? 
? 
? 
? 
? 
? 
? 
? 
? 
? 
? 
? 
? 
? 
? 
? 
? 
? 
? 
? 
? 
? 
? 
? 
? 
? 
? 
? 
? 
? 
? 
? 
? 
? 
? 
? 
? 
? 
? 
? 
? 
? 
? 
? 
? 
? 
? 
? 
? 
? 
? 
? 
? 
? 
? 
? 
? 
? 
? 
? 
? 
? 
? 
? 
? 
? 
? 
? 
? 
? 
? 
? 
? 
? 
? 
? 
? 
? 
? 
? 
? 
? 
? 
? 
? 
? 
? 
? 
? 
? 
? 
? 
? 
? 
? 
? 
? 
? 
? 
? 
? 
? 
? 
? 
? 
? 
? 
? 
? 
? 
? 
? 
? 
? 
? 
? 
? 
? 
? 
? 
? 
? 
? 
? 
? 
? 
? 
? 
? 
? 
? 
? 
? 
? 
? 
? 
? 
? 
? 
? 
? 
? 
? 
? 
? 
? 
? 
? 
? 
? 
? 
? 
? 
? 
? 
? 
? 
? 
? 
? 
? 
? 
? 
? 
? 
? 
? 
? 
? 
? 
? 
? 
? 
? 
? 
? 
? 
? 
? 
? 
? 
? 
? 
? 
? 
? 
? 
? 
? 
? 
? 
? 
? 
? 
? 
? 
? 
? 
? 
? 
? 
? 
? 
? 
? 
? 
? 
? 
? 
? 
? 
? 
? 
? 
? 
? 
? 
? 
? 
? 
? 
? 
? 
? 
? 
? 
? 
? 
? 
? 
? 
? 
? 
? 
? 
? 
? 
? 
? 
? 
? 
? 
? 
? 
? 
? 
? 
? 
? 
? 
? 
? 
? 
? 
? 
? 
? 
? 
? 
? 
? 
? 
? 
? 
? 
? 
? 
? 
? 
? 
? 
? 
? 
? 
? 
? 
? 
? 
? 
? 
? 
? 
? 
? 
? 
? 
? 
? 
? 
? 
? 
? 
? 
? 
? 
? 
? 
? 
? 
? 
? 
? 
? 
? 
? 
? 
? 
? 
? 
? 
? 
? 
? 
? 
? 
? 
? 
? 
? 
? 
? 
? 
? 
? 
? 
? 
? 
? 
? 
? 
? 
? 
? 
? 
? 
? 
? 
? 
? 
? 
? 
? 
? 
? 
? 
? 
? 
? 
? 
? 
? 
? 
? 
? 
? 
? 
? 
? 
? 
? 
? 
? 
? 
? 
? 
? 
? 
? 
? 
? 
? 
? 
? 
? 
? 
? 
? 
? 
? 
? 
? 
? 
? 
? 
? 
? 
? 
? 
? 
? 
? 
? 
? 
? 
? 
? 
? 
? 
? 
? 
? 
? 
? 
? 
? 
? 
? 
? 
? 
? 
? 
? 
? 
? 
? 
? 
? 
? 
? 
? 
? 
? 
? 
? 
? 
? 
? 
? 
? 
? 
? 
? 
? 
? 
? 
? 
? 
? 
? 
? 
? 
? 
? 
? 
? 
? 
? 
? 
? 
? 
? 
? 
? 
? 
? 
? 
? 
? 
? 
? 
? 
? 
? 
? 
? 
? 
? 
? 
? 
? 
? 
? 
? 
? 
? 
? 
? 
? 
? 
? 
? 
? 
? 
? 
? 
? 
? 
? 
? 
? 
? 
? 
? 
? 
? 
? 
? 
? 
? 
? 
? 
? 
? 
? 
? 
? 
? 
? 
? 
? 
? 
? 
? 
? 
? 
? 
? 
? 
? 
? 
? 
? 
? 
? 
? 
? 
? 
? 
? 
? 
? 
? 
? 
? 
? 
? 
? 
? 
? 
? 
? 
? 
? 
? 
? 
? 
? 
? 
? 
? 
? 
? 
? 
? 
? 
? 
? 
? 
? 
? 
? 
? 
? 
? 
? 
? 
? 
? 
? 
? 
? 
? 
? 
? 
? 
? 
? 
? 
? 
? 
? 
? 
? 
? 
? 
? 
? 
? 
? 
? 
? 
? 
? 
? 
? 
? 
? 
? 
? 
? 
? 
? 
? 
? 
? 
? 
? 
? 
? 
? 
? 
? 
? 
? 
? 
? 
? 
? 
? 
? 
? 
? 
? 
? 
? 
? 
? 
? 
? 
? 
? 
? 
? 
? 
? 
? 
? 
? 
? 
? 
? 
? 
? 
? 
? 
? 
? 
? 
? 
? 
? 
? 
? 
? 
? 
? 
? 
? 
? 
? 
? 
? 
? 
? 
? 
? 
? 
? 
? 
? 
? 
? 
? 
? 
? 
? 
? 
? 
? 
? 
? 
? 
? 
? 
? 
? 
? 
? 
? 
? 
? 
? 
? 
? 
? 
? 
? 
? 
? 
? 
? 
? 
? 
? 
? 
? 
? 
? 
? 
? 
? 
? 
? 
? 
? 
? 
? 
? 
? 
? 
? 
? 
? 
? 
? 
? 
? 
? 
? 
? 
? 
? 
? 
? 
? 
? 
? 
? 
? 
? 
? 
? 
? 
? 
? 
? 
? 
? 
? 
? 
? 
? 
? 
? 
? 
? 
? 
? 
? 
? 
? 
? 
? 
? 
? 
? 
? 
? 
? 
? 
? 
? 
? 
? 
? 
? 
? 
? 
? 
? 
? 
? 
? 
? 
? 
? 
? 
? 
? 
? 
? 
? 
? 
? 
? 
? 
? 
? 
? 
? 
? 
? 
? 
? 
? 
? 
? 
? 
? 
? 
? 
? 
? 
? 
? 
? 
? 
? 
? 
? 
? 
? 
? 
? 
? 
? 
? 
? 
? 
? 
? 
? 
? 
? 
? 
? 
? 
? 
? 
? 
? 
? 
? 
? 
? 
? 
? 
? 
? 
? 
? 
? 
? 
? 
? 
? 
? 
? 
? 
? 
? 
? 
? 
? 
? 
? 
? 
? 
? 
? 
? 
? 
? 
? 
? 
? 
? 
? 
? 
? 
? 
? 
? 
? 
? 
? 
? 
? 
? 
? 
? 
? 
? 
? 
? 
? 
? 
? 
? 
? 
? 
? 
? 
? 
? 
? 
? 
? 
? 
? 
? 
? 
? 
? 
? 
? 
? 
? 
? 
? 
? 
? 
? 
? 
? 
? 
? 
? 
? 
? 
? 
? 
? 
? 
? 
? 
? 
? 
? 
? 
? 
? 
? 
? 
? 
? 
? 
? 
? 
? 
? 
? 
? 
? 
? 
? 
? 
? 
? 
? 
? 
? 
? 
? 
? 
? 
? 
? 
? 
? 
? 
? 
? 
? 
? 
? 
? 
? 
? 
? 
? 
? 
? 
? 
? 
? 
? 
? 
? 
? 
? 
? 
? 
? 
? 
? 
? 
? 
? 
? 
? 
? 
? 
? 
? 
? 
? 
? 
? 
? 
? 
? 
? 
? 
? 
? 
? 
? 
? 
? 
? 
? 
? 
? 
? 
? 
? 
? 
? 
? 
? 
? 
? 
? 
? 
? 
? 
? 
? 
? 
? 
? 
? 
? 
? 
? 
? 
? 
? 
? 
? 
? 
? 
? 
? 
? 
? 
? 
? 
? 
? 
? 
? 
? 
? 
? 
? 
? 
? 
? 
? 
? 
? 
? 
? 
? 
? 
? 
? 
? 
? 
? 
? 
? 
? 
? 
? 
? 
? 
? 
? 
? 
? 
? 
? 
? 
? 
? 
? 
? 
? 
? 
? 
? 
? 
? 
? 
? 
? 
? 
? 
? 
? 
? 
? 
? 
? 
? 
? 
? 
? 
? 
? 
? 
? 
? 
? 
? 
? 
? 
? 
? 
? 
? 
? 
? 
? 
? 
? 
? 
? 
? 
? 
? 
? 
? 
? 
? 
? 
? 
? 
? 
? 
? 
? 
? 
? 
? 
? 
? 
? 
? 
? 
? 
? 
? 
? 
? 
? 
? 
? 
? 
? 
? 
? 
? 
? 
? 
? 
? 
? 
? 
? 
? 
? 
? 
? 
? 
? 
? 
? 
? 
? 
? 
? 
? 
? 
? 
? 
? 
? 
? 
? 
? 
? 
? 
? 
? 
? 
? 
? 
? 
? 
? 
? 
? 
? 
? 
? 
? 
? 
? 
? 
? 
? 
? 
? 
? 
? 
? 
? 
? 
? 
? 
? 
? 
? 
? 
? 
? 
? 
? 
? 
? 
? 
? 
? 
? 
? 
? 
? 
? 
? 
? 
? 
? 
? 
? 
? 
? 
? 
? 
? 
? 
? 
? 
? 
? 
? 
? 
? 
? 
? 
? 
? 
? 
? 
? 
? 
? 
? 
? 
? 
? 
? 
? 
? 
? 
? 
? 
? 
? 
? 
? 
? 
? 
? 
? 
? 
? 
? 
? 
? 
? 
? 
? 
? 
? 
? 
? 
? 
? 
? 
? 
? 
? 
? 
? 
? 
? 
? 
? 
? 
? 
? 
? 
? 
? 
? 
? 
? 
? 
? 
? 
? 
? 
? 
? 
? 
? 
? 
? 
? 
? 
? 
? 
? 
? 
? 
? 
? 
? 
? 
? 
? 
? 
? 
? 
? 
? 
? 
? 
? 
? 
? 
? 
? 
? 
? 
? 
? 
? 
? 
? 
? 
? 
? 
? 
? 
? 
? 
? 
? 
? 
? 
? 
? 
? 
? 
? 
? 
? 
? 
? 
? 
? 
? 
? 
? 
? 
? 
? 
? 
? 
? 
? 
? 
? 
? 
? 
? 
? 
? 
? 
? 
? 
? 
? 
? 
? 
? 
? 
? 
? 
? 
? 
? 
? 
? 
? 
? 
? 
? 
? 
? 
? 
? 
? 
? 
? 
? 
? 
? 
? 
? 
? 
? 
? 
? 
? 
? 
? 
? 
? 
? 
? 
? 
? 
? 
? 
? 
? 
? 
? 
? 
? 
? 
? 
? 
? 
? 
? 
? 
? 
? 
? 
? 
? 
? 
? 
? 
? 
? 
? 
? 
? 
? 
? 
? 
? 
? 
? 
? 
? 
? 
? 
? 
? 
? 
? 
? 
? 
? 
? 
? 
? 
? 
? 
? 
? 
? 
? 
? 
? 
? 
? 
? 
? 
? 
? 
? 
? 
? 
? 
? 
? 
? 
? 
? 
? 
? 
? 
? 
? 
? 
? 
? 
? 
? 
? 
? 
? 
? 
? 
? 
? 
? 
? 
? 
? 
? 
? 
? 
? 
? 
? 
? 
? 
? 
? 
? 
? 
? 
? 
? 
? 
? 
? 
? 
? 
? 
? 
? 
? 
? 
? 
? 
? 
? 
? 
? 
? 
? 
? 
? 
? 
? 
? 
? 
? 
? 
? 
? 
? 
? 
? 
? 
? 
? 
? 
? 
? 
? 
? 
? 
? 
? 
? 
? 
? 
? 
? 
? 
? 
? 
? 
? 
? 
? 
? 
? 
? 
? 
? 
? 
? 
? 
? 
? 
? 
? 
? 
? 
? 
? 
? 
? 
? 
? 
? 
? 
? 
? 
? 
? 
? 
? 
? 
? 
? 
? 
? 
? 
? 
? 
? 
? 
? 
? 
? 
? 
? 
? 
? 
? 
? 
? 
? 
? 
? 
? 
? 
? 
? 
? 
? 
? 
? 
? 
? 
? 
? 
? 
? 
? 
? 
? 
? 
? 
? 
? 
? 
? 
? 
? 
? 
? 
? 
? 
? 
? 
? 
? 
? 
? 
? 
? 
? 
? 
? 
? 
? 
? 
? 
? 
? 
? 
? 
? 
? 
? 
? 
? 
? 
? 
? 
? 
? 
? 
? 
? 
? 
? 
? 
? 
? 
? 
? 
? 
? 
? 
? 
? 
? 
? 
? 
? 
? 
? 
? 
? 
? 
? 
? 
? 
? 
? 
? 
? 
? 
? 
? 
? 
? 
? 
? 
? 
? 
? 
? 
? 
? 
? 
? 
? 
? 
? 
? 
? 
? 
? 
? 
? 
? 
? 
? 
? 
? 
? 
? 
? 
? 
? 
? 
? 
? 
? 
? 
? 
? 
? 
? 
? 
? 
? 
? 
? 
? 
? 
? 
? 
? 
? 
? 
? 
? 
? 
? 
? 
? 
? 
? 
? 
? 
? 
? 
? 
? 
? 
? 
? 
? 
? 
? 
? 
? 
? 
? 
? 
? 
? 
? 
? 
? 
? 
? 
? 
? 
? 
? 
? 
? 
? 
? 
? 
? 
? 
? 
? 
? 
? 
? 
? 
? 
? 
? 
? 
? 
? 
? 
? 
? 
? 
? 
? 
? 
? 
? 
? 
? 
? 
? 
? 
? 
? 
? 
? 
? 
? 
? 
? 
? 
? 
? 
? 
? 
? 
? 
? 
? 
? 
? 
? 
? 
? 
? 
? 
? 
? 
? 
? 
? 
? 
? 
? 
? 
? 
? 
? 
? 
? 
? 
? 
? 
? 
? 
? 
? 
? 
? 
? 
? 
? 
? 
? 
? 
? 
? 
? 
? 
? 
? 
? 
? 
? 
? 
? 
? 
? 
? 
? 
? 
? 
? 
? 
? 
? 
? 
? 
? 
? 
? 
? 
? 
? 
? 
? 
? 
? 
? 
? 
? 
? 
? 
? 
? 
? 
? 
? 
? 
? 
? 
? 
? 
? 
? 
? 
? 
? 
? 
? 
? 
? 
? 
? 
? 
? 
? 
? 
? 
? 
? 
? 
? 
? 
? 
? 
? 
? 
? 
? 
? 
? 
? 
? 
? 
? 
? 
? 
? 
? 
? 
? 
? 
? 
? 
? 
? 
? 
? 
? 
? 
? 
? 
? 
? 
? 
? 
? 
? 
? 
? 
? 
? 
? 
? 
? 
? 
? 
? 
? 
? 
? 
? 
? 
? 
? 
? 
? 
? 
? 
? 
? 
? 
? 
? 
? 
? 
? 
? 
? 
? 
? 
? 
? 
? 
? 
? 
? 
? 
? 
? 
? 
? 
? 
? 
? 
? 
? 
? 
? 
? 
? 
? 
? 
? 
? 
? 
? 
? 
? 
? 
? 
? 
? 
? 
? 
? 
? 
? 
? 
? 
? 
? 
? 
? 
? 
? 
? 
? 
? 
? 
? 
? 
? 
? 
? 
? 
? 
? 
? 
? 
? 
? 
? 
? 
? 
? 
? 
? 
? 
? 
? 
? 
? 
? 
? 
? 
? 
? 
? 
? 
? 
? 
? 
? 
? 
? 
? 
? 
? 
? 
? 
? 
? 
? 
? 
? 
? 
? 
? 
? 
? 
? 
? 
? 
? 
? 
? 
? 
? 
? 
? 
? 
? 
? 
? 
? 
? 
? 
? 
? 
? 
? 
? 
? 
? 
? 
? 
? 
? 
? 
? 
? 
? 
? 
? 
? 
? 
? 
? 
? 
? 
? 
? 
? 
? 
? 
? 
? 
? 
? 
? 
? 
? 
? 
? 
? 
? 
? 
? 
? 
? 
? 
? 
? 
? 
? 
? 
? 
? 
? 
? 
? 
? 
? 
? 
? 
? 
? 
? 
? 
? 
? 
? 
? 
? 
? 
? 
? 
? 
? 
? 
? 
? 
? 
? 
? 
? 
? 
? 
? 
? 
? 
? 
? 
? 
? 
? 
? 
? 
? 
? 
? 
? 
? 
? 
? 
? 
? 
? 
? 
? 
? 
? 
? 
? 
? 
? 
? 
? 
? 
? 
? 
? 
? 
? 
? 
? 
? 
? 
? 
? 
? 
? 
? 
? 
? 
? 
? 
? 
? 
? 
? 
? 
? 
? 
? 
? 
? 
? 
? 
? 
? 
? 
? 
? 
? 
? 
? 
? 
? 
? 
? 
? 
? 
? 
? 
? 
? 
? 
? 
? 
? 
? 
? 
? 
? 
? 
? 
? 
? 
? 
? 
? 
? 
? 
? 
? 
? 
? 
? 
? 
? 
? 
? 
? 
? 
? 
? 
? 
? 
? 
? 
? 
? 
? 
? 
? 
? 
? 
? 
? 
? 
? 
? 
? 
? 
? 
? 
? 
? 
? 
? 
? 
? 
? 
? 
? 
? 
? 
? 
? 
? 
? 
? 
? 
? 
? 
? 
? 
? 
? 
? 
? 
? 
? 
? 
? 
? 
? 
? 
? 
? 
? 
? 
? 
? 
? 
? 
? 
? 
? 
? 
? 
? 
? 
? 
? 
? 
? 
? 
? 
? 
? 
? 
? 
? 
? 
? 
? 
? 
? 
? 
? 
? 
? 
? 
? 
? 
? 
? 
? 
? 
? 
? 
? 
? 
? 
? 
? 
? 
? 
? 
? 
? 
? 
? 
? 
? 
? 
? 
? 
? 
? 
? 
? 
? 
? 
? 
? 
? 
? 
? 
? 
? 
? 
? 
? 
? 
? 
? 
? 
? 
? 
? 
? 
? 
? 
? 
? 
? 
? 
? 
? 
? 
? 
? 
? 
? 
? 
? 
? 
? 
? 
? 
? 
? 
? 
? 
? 
? 
? 
? 
? 
? 
? 
? 
? 
? 
? 
? 
? 
? 
? 
? 
? 
? 
? 
? 
? 
? 
? 
? 
? 
? 
? 
? 
? 
? 
? 
? 
? 
? 
? 
? 
? 
? 
? 
? 
? 
? 
? 
? 
? 
? 
? 
? 
? 
? 
? 
? 
? 
? 
? 
? 
? 
? 
? 
? 
? 
? 
? 
? 
? 
? 
? 
? 
? 
? 
? 
? 
? 
? 
? 
? 
? 
? 
? 
? 
? 
? 
? 
? 
? 
? 
? 
? 
? 
? 
? 
? 
? 
? 
? 
? 
? 
? 
? 
? 
? 
? 
? 
? 
? 
? 
? 
? 
? 
? 
? 
? 
? 
? 
? 
? 
? 
? 
? 
? 
? 
? 
? 
? 
? 
? 
? 
? 
? 
? 
? 
? 
? 
? 
? 
? 
? 
? 
? 
? 
? 
? 
? 
? 
? 
? 
? 
? 
? 
? 
? 
? 
? 
? 
? 
? 
? 
? 
? 
? 
? 
? 
? 
? 
? 
? 
? 
? 
? 
? 
? 
? 
? 
? 
? 
? 
? 
? 
? 
? 
? 
? 
? 
? 
? 
? 
? 
? 
? 
? 
? 
? 
? 
? 
? 
? 
? 
? 
? 
? 
? 
? 
? 
? 
? 
? 
? 
? 
? 
? 
? 
? 
? 
? 
? 
? 
? 
? 
? 
? 
? 
? 
? 
? 
? 
? 
? 
? 
? 
? 
? 
? 
? 
? 
? 
? 
? 
? 
? 
? 
? 
? 
? 
? 
? 
? 
? 
? 
? 
? 
? 
? 
? 
? 
? 
? 
? 
? 
? 
? 
? 
? 
? 
? 
? 
? 
? 
? 
? 
? 
? 
? 
? 
? 
? 
? 
? 
? 
? 
? 
? 
? 
? 
? 
? 
? 
? 
? 
? 
? 
? 
? 
? 
? 
? 
? 
? 
? 
? 
? 
? 
? 
? 
? 
? 
? 
? 
? 
? 
? 
? 
? 
? 
? 
? 
? 
? 
? 
? 
? 
? 
? 
? 
? 
? 
? 
? 
? 
? 
? 
? 
? 
? 
? 
? 
? 
? 
? 
? 
? 
? 
? 
? 
? 
? 
? 
? 
? 
? 
? 
? 
? 
? 
? 
? 
? 
? 
? 
? 
? 
? 
? 
? 
? 
? 
? 
? 
? 
? 
? 
? 
? 
? 
? 
? 
? 
? 
? 
? 
? 
? 
? 
? 
? 
? 
? 
? 
? 
? 
? 
? 
? 
? 
? 
? 
? 
? 
? 
? 
? 
? 
? 
? 
? 
? 
? 
? 
? 
? 
? 
? 
? 
? 
? 
? 
? 
? 
? 
? 
? 
? 
? 
? 
? 
? 
? 
? 
? 
? 
? 
? 
? 
? 
? 
? 
? 
? 
? 
? 
? 
? 
? 
? 
? 
? 
? 
? 
? 
? 
? 
? 
? 
? 
? 
? 
? 
? 
? 
? 
? 
? 
? 
? 
? 
? 
? 
? 
? 
? 
? 
? 
? 
? 
? 
? 
? 
? 
? 
? 
? 
? 
? 
? 
? 
? 
? 
? 
? 
? 
? 
? 
? 
? 
? 
? 
? 
? 
? 
? 
? 
? 
? 
? 
? 
? 
? 
? 
? 
? 
? 
? 
? 
? 
? 
? 
? 
? 
? 
? 
? 
? 
? 
? 
? 
? 
? 
? 
? 
? 
? 
? 
? 
? 
? 
? 
? 
? 
? 
? 
? 
? 
? 
? 
? 
? 
? 
? 
? 
? 
? 
? 
? 
? 
? 
? 
? 
? 
? 
? 
? 
? 
? 
? 
? 
? 
? 
? 
? 
? 
? 
? 
? 
? 
? 
? 
? 
? 
? 
? 
? 
? 
? 
? 
? 
? 
? 
? 
? 
? 
? 
? 
? 
? 
? 
? 
? 
? 
? 
? 
? 
? 
? 
? 
? 
? 
? 
? 
? 
? 
? 
? 
? 
? 
? 
? 
? 
? 
? 
? 
? 
? 
? 
? 
? 
? 
? 
? 
? 
? 
? 
? 
? 
? 
? 
? 
? 
? 
? 
? 
? 
? 
? 
? 
? 
? 
? 
? 
? 
? 
? 
? 
? 
? 
? 
? 
? 
? 
? 
? 
? 
? 
? 
? 
? 
? 
? 
? 
? 
? 
? 
? 
? 
? 
? 
? 
? 
? 
? 
? 
? 
? 
? 
? 
? 
? 
? 
? 
? 
? 
? 
? 
? 
? 
? 
? 
? 
? 
? 
? 
? 
? 
? 
? 
? 
? 
? 
? 
? 
? 
? 
? 
? 
? 
? 
? 
? 
? 
? 
? 
? 
? 
? 
? 
? 
? 
? 
? 
? 
? 
? 
? 
? 
? 
? 
? 
? 
? 
? 
? 
? 
? 
? 
? 
? 
? 
? 
? 
? 
? 
? 
? 
? 
? 
? 
? 
? 
? 
? 
? 
? 
? 
? 
? 
? 
? 
? 
? 
? 
? 
? 
? 
? 
? 
? 
? 
? 
? 
? 
? 
? 
? 
? 
? 
? 
? 
? 
? 
? 
? 
? 
? 
? 
? 
? 
? 
? 
? 
? 
? 
? 
? 
? 
? 
? 
? 
? 
? 
? 
? 
? 
? 
? 
? 
? 
? 
? 
? 
? 
? 
? 
? 
? 
? 
? 
? 
? 
? 
? 
? 
? 
? 
? 
? 
? 
? 
? 
? 
? 
? 
? 
? 
? 
? 
? 
? 
? 
? 
? 
? 
? 
? 
? 
? 
? 
? 
? 
? 
? 
? 
? 
? 
? 
? 
? 
? 
? 
? 
? 
? 
? 
? 
? 
? 
? 
? 
? 
? 
? 
? 
? 
? 
? 
? 
? 
? 
? 
? 
? 
? 
? 
? 
? 
? 
? 
? 
? 
? 
? 
? 
? 
? 
? 
? 
? 
? 
? 
? 
? 
? 
? 
? 
? 
? 
? 
? 
? 
? 
? 
? 
? 
? 
? 
? 
? 
? 
? 
? 
? 
? 
? 
? 
? 
? 
? 
? 
? 
? 
? 
? 
? 
? 
? 
? 
? 
? 
? 
? 
? 
? 
? 
? 
? 
? 
? 
? 
? 
? 
? 
? 
? 
? 
? 
? 
? 
? 
? 
? 
? 
? 
? 
? 
? 
? 
? 
? 
? 
? 
? 
? 
? 
? 
? 
? 
? 
? 
? 
? 
? 
? 
? 
? 
? 
? 
? 
? 
? 
? 
? 
? 
? 
? 
? 
? 
? 
? 
? 
? 
? 
? 
? 
? 
? 
? 
? 
? 
? 
? 
? 
? 
? 
? 
? 
? 
? 
? 
? 
? 
? 
? 
? 
? 
? 
? 
? 
? 
? 
? 
? 
? 
? 
? 
? 
? 
? 
? 
? 
? 
? 
? 
? 
? 
? 
? 
? 
? 
? 
? 
? 
? 
? 
? 
? 
? 
? 
? 
? 
? 
? 
? 
? 
? 
? 
? 
? 
? 
? 
? 
? 
? 
? 
? 
? 
? 
? 
? 
? 
? 
? 
? 
? 
? 
? 
? 
? 
? 
? 
? 
? 
? 
? 
? 
? 
? 
? 
? 
? 
? 
? 
? 
? 
? 
? 
? 
? 
? 
? 
? 
? 
? 
? 
? 
? 
? 
? 
? 
? 
? 
? 
? 
? 
? 
? 
? 
? 
? 
? 
? 
? 
? 
? 
? 
? 
? 
? 
? 
? 
? 
? 
? 
? 
? 
? 
? 
? 
? 
? 
? 
? 
? 
? 
? 
? 
? 
? 
? 
? 
? 
? 
? 
? 
? 
? 
? 
? 
? 
? 
? 
? 
? 
? 
? 
? 
? 
? 
? 
? 
? 
? 
? 
? 
? 
? 
? 
? 
? 
? 
? 
? 
? 
? 
? 
? 
? 
? 
? 
? 
? 
? 
? 
? 
? 
? 
? 
? 
? 
? 
? 
? 
? 
? 
? 
? 
? 
? 
? 
? 
? 
? 
? 
? 
? 
? 
? 
? 
? 
? 
? 
? 
? 
? 
? 
? 
? 
? 
? 
? 
? 
? 
? 
? 
? 
? 
? 
? 
? 
? 
? 
? 
? 
? 
? 
? 
? 
? 
? 
? 
? 
? 
? 
? 
? 
? 
? 
? 
? 
? 
? 
? 
? 
? 
? 
? 
? 
? 
? 
? 
? 
? 
? 
? 
? 
? 
? 
? 
? 
? 
? 
? 
? 
? 
? 
? 
? 
? 
? 
? 
? 
? 
? 
? 
? 
? 
? 
? 
? 
? 
? 
? 
? 
? 
? 
? 
? 
? 
? 
? 
? 
? 
? 
? 
? 
? 
? 
? 
? 
? 
? 
? 
? 
? 
? 
? 
? 
? 
? 
? 
? 
? 
? 
? 
? 
? 
? 
? 
? 
? 
? 
? 
? 
? 
? 
? 
? 
? 
? 
? 
? 
? 
? 
? 
? 
? 
? 
? 
? 
? 
? 
? 
? 
? 
? 
? 
? 
? 
? 
? 
? 
? 
? 
? 
? 
? 
? 
? 
? 
? 
? 
? 
? 
? 
? 
? 
? 
? 
? 
? 
? 
? 
? 
? 
? 
? 
? 
? 
? 
? 
? 
? 
? 
? 
? 
? 
? 
? 
? 
? 
? 
? 
? 
? 
? 
? 
? 
? 
? 
? 
? 
? 
? 
? 
? 
? 
? 
? 
? 
? 
? 
? 
? 
? 
? 
? 
? 
? 
? 
? 
? 
? 
? 
? 
? 
? 
? 
? 
? 
? 
? 
? 
? 
? 
? 
? 
? 
? 
? 
? 
? 
? 
? 
? 
? 
? 
? 
? 
? 
? 
? 
? 
? 
? 
? 
? 
? 
? 
? 
? 
? 
? 
? 
? 
? 
? 
? 
? 
? 
? 
? 
? 
? 
? 
? 
? 
? 
? 
? 
? 
? 
? 
? 
? 
? 
? 
? 
? 
? 
? 
? 
? 
? 
? 
? 
? 
? 
? 
? 
? 
? 
? 
? 
? 
? 
? 
? 
? 
? 
? 
? 
? 
? 
? 
? 
? 
? 
? 
? 
? 
? 
? 
? 
? 
? 
? 
? 
? 
? 
? 
? 
? 
? 
? 
? 
? 
? 
? 
? 
? 
? 
? 
? 
? 
? 
? 
? 
? 
? 
? 
? 
? 
? 
? 
? 
? 
? 
? 
? 
? 
? 
? 
? 
? 
? 
? 
? 
? 
? 
? 
? 
? 
? 
? 
? 
? 
? 
? 
? 
? 
? 
? 
? 
? 
? 
? 
? 
? 
? 
? 
? 
? 
? 
? 
? 
? 
? 
? 
? 
? 
? 
? 
? 
? 
? 
? 
? 
? 
? 
? 
? 
? 
? 
? 
? 
? 
? 
? 
? 
? 
? 
? 
? 
? 
? 
? 
? 
? 
? 
? 
? 
? 
? 
? 
? 
? 
? 
? 
? 
? 
? 
? 
? 
? 
? 
? 
? 
? 
? 
? 
? 
? 
? 
? 
? 
? 
? 
? 
? 
? 
? 
? 
? 
? 
? 
? 
? 
? 
? 
? 
? 
? 
? 
? 
? 
? 
? 
? 
? 
? 
? 
? 
? 
? 
? 
? 
? 
? 
? 
? 
? 
? 
? 
? 
? 
? 
? 
? 
? 
? 
? 
? 
? 
? 
? 
? 
? 
? 
? 
? 
? 
? 
? 
? 
? 
? 
? 
? 
? 
? 
? 
? 
? 
? 
? 
? 
? 
? 
? 
? 
? 
? 
? 
? 
? 
? 
? 
? 
? 
? 
? 
? 
? 
? 
? 
? 
? 
? 
? 
? 
? 
? 
? 
? 
? 
? 
? 
? 
? 
? 
? 
? 
? 
? 
? 
? 
? 
? 
? 
? 
? 
? 
? 
? 
? 
? 
? 
? 
? 
? 
? 
? 
? 
? 
? 
? 
? 
? 
? 
? 
? 
? 
? 
? 
? 
? 
? 
? 
? 
? 
? 
? 
? 
? 
? 
? 
? 
? 
? 
? 
? 
? 
? 
? 
? 
? 
? 
? 
? 
? 
? 
? 
? 
? 
? 
? 
? 
? 
? 
? 
? 
? 
? 
? 
? 
? 
? 
? 
? 
? 
? 
? 
? 
? 
? 
? 
? 
? 
? 
? 
? 
? 
? 
? 
? 
? 
? 
? 
? 
? 
? 
? 
? 
? 
? 
? 
? 
? 
? 
? 
? 
? 
? 
? 
? 
? 
? 
? 
? 
? 
? 
? 
? 
? 
? 
? 
? 
? 
? 
? 
? 
? 
? 
? 
? 
? 
? 
? 
? 
? 
? 
? 
? 
? 
? 
? 
? 
? 
? 
? 
? 
? 
? 
? 
? 
? 
? 
? 
? 
? 
? 
? 
? 
? 
? 
? 
? 
? 
? 
? 
? 
? 
? 
? 
? 
? 
? 
? 
? 
? 
? 
? 
? 
? 
? 
? 
? 
? 
? 
? 
? 
? 
? 
? 
? 
? 
? 
? 
? 
? 
? 
? 
? 
? 
? 
? 
? 
? 
? 
? 
? 
? 
? 
? 
? 
? 
? 
? 
? 
? 
? 
? 
? 
? 
? 
? 
? 
? 
? 
? 
? 
? 
? 
? 
? 
? 
? 
? 
? 
? 
? 
? 
? 
? 
? 
? 
? 
? 
? 
? 
? 
? 
? 
? 
? 
? 
? 
? 
? 
? 
? 
? 
? 
? 
? 
? 
? 
? 
? 
? 
? 
? 
? 
? 
? 
? 
? 
? 
? 
? 
? 
? 
? 
? 
? 
? 
? 
? 
? 
? 
? 
? 
? 
? 
? 
? 
? 
? 
? 
? 
? 
? 
? 
? 
? 
? 
? 
? 
? 
? 
? 
? 
? 
? 
? 
? 
? 
? 
? 
? 
? 
? 
? 
? 
? 
? 
? 
? 
? 
? 
? 
? 
? 
? 
? 
? 
? 
? 
? 
? 
? 
? 
? 
? 
? 
? 
? 
? 
? 
? 
? 
? 
? 
? 
? 
? 
? 
? 
? 
? 
? 
? 
? 
? 
? 
? 
? 
? 
? 
? 
? 
? 
? 
? 
? 
? 
? 
? 
? 
? 
? 
? 
? 
? 
? 
? 
? 
? 
? 
? 
? 
? 
? 
? 
? 
? 
? 
? 
? 
? 
? 
? 
? 
? 
? 
? 
? 
? 
? 
? 
? 
? 
? 
? 
? 
? 
? 
? 
? 
? 
? 
? 
? 
? 
? 
? 
? 
? 
? 
? 
? 
? 
? 
? 
? 
? 
? 
? 
? 
? 
? 
? 
? 
? 
? 
? 
? 
? 
? 
? 
? 
? 
? 
? 
? 
? 
? 
? 
? 
? 
? 
? 
? 
? 
? 
? 
? 
? 
? 
? 
? 
? 
? 
? 
? 
? 
? 
? 
? 
? 
? 
? 
? 
? 
? 
? 
? 
? 
? 
? 
? 
? 
? 
? 
? 
? 
? 
? 
? 
? 
? 
? 
? 
? 
? 
? 
? 
? 
? 
? 
? 
? 
? 
? 
? 
? 
? 
? 
? 
? 
? 
? 
? 
? 
? 
? 
? 
? 
? 
? 
? 
? 
? 
? 
? 
? 
? 
? 
? 
? 
? 
? 
? 
? 
? 
? 
? 
? 
? 
? 
? 
? 
? 
? 
? 
? 
? 
? 
? 
? 
? 
? 
? 
? 
? 
? 
? 
? 
? 
? 
? 
? 
? 
? 
? 
? 
? 
? 
? 
? 
? 
? 
? 
? 
? 
? 
? 
? 
? 
? 
? 
? 
? 
? 
? 
? 
? 
? 
? 
? 
? 
? 
? 
? 
? 
? 
? 
? 
? 
? 
? 
? 
? 
? 
? 
? 
? 
? 
? 
? 
? 
? 
? 
? 
? 
? 
? 
? 
? 
? 
? 
? 
? 
? 
? 
? 
? 
? 
? 
? 
? 
? 
? 
? 
? 
? 
? 
? 
? 
? 
? 
? 
? 
? 
? 
? 
? 
? 
? 
? 
? 
? 
? 
? 
? 
? 
? 
? 
? 
? 
? 
? 
? 
? 
? 
? 
? 
? 
? 
? 
? 
? 
? 
? 
? 
? 
? 
? 
? 
? 
? 
? 
? 
? 
? 
? 
? 
? 
? 
? 
? 
? 
? 
? 
? 
? 
? 
? 
? 
? 
? 
? 
? 
? 
? 
? 
? 
? 
? 
? 
? 
? 
? 
? 
? 
? 
? 
? 
? 
? 
? 
? 
? 
? 
? 
? 
? 
? 
? 
? 
? 
? 
? 
? 
? 
? 
? 
? 
? 
? 
? 
? 
? 
? 
? 
? 
? 
? 
? 
? 
? 
? 
? 
? 
? 
? 
? 
? 
? 
? 
? 
? 
? 
? 
? 
? 
? 
? 
? 
? 
? 
? 
? 
? 
? 
? 
? 
? 
? 
? 
? 
? 
? 
? 
? 
? 
? 
? 
? 
? 
? 
? 
? 
? 
? 
? 
? 
? 
? 
? 
? 
? 
? 
? 
? 
? 
? 
? 
? 
? 
? 
? 
? 
? 
? 
? 
? 
? 
? 
? 
? 
? 
? 
? 
? 
? 
? 
? 
? 
? 
? 
? 
? 
? 
? 
? 
? 
? 
? 
? 
? 
? 
? 
? 
? 
? 
? 
? 
? 
? 
? 
? 
? 
? 
? 
? 
? 
? 
? 
? 
? 
? 
? 
? 
? 
? 
? 
? 
? 
? 
? 
? 
? 
? 
? 
? 
? 
? 
? 
? 
? 
? 
? 
? 
? 
? 
? 
? 
? 
? 
? 
? 
? 
? 
? 
? 
? 
? 
? 
? 
? 
? 
? 
? 
? 
? 
? 
? 
? 
? 
? 
? 
? 
? 
? 
? 
? 
? 
? 
? 
? 
? 
? 
? 
? 
? 
? 
? 
? 
? 
? 
? 
? 
? 
? 
? 
? 
? 
? 
? 
? 
? 
? 
? 
? 
? 
? 
? 
? 
? 
? 
? 
? 
? 
? 
? 
? 
? 
? 
? 
? 
? 
? 
? 
? 
? 
? 
? 
? 
? 
? 
? 
? 
? 
? 
? 
? 
? 
? 
? 
? 
? 
? 
? 
? 
? 
? 
? 
? 
? 
? 
? 
? 
? 
? 
? 
? 
? 
? 
? 
? 
? 
? 
? 
? 
? 
? 
? 
? 
? 
? 
? 
? 
? 
? 
? 
? 
? 
? 
? 
? 
? 
? 
? 
? 
? 
? 
? 
? 
? 
? 
? 
? 
? 
? 
? 
? 
? 
? 
? 
? 
? 
? 
? 
? 
? 
? 
? 
? 
? 
? 
? 
? 
? 
? 
? 
? 
? 
? 
? 
? 
? 
? 
? 
? 
? 
? 
? 
? 
? 
? 
? 
? 
? 
? 
? 
? 
? 
? 
? 
? 
? 
? 
? 
? 
? 
? 
? 
? 
? 
? 
? 
? 
? 
? 
? 
? 
? 
? 
? 
? 
? 
? 
? 
? 
? 
? 
? 
? 
? 
? 
? 
? 
? 
? 
? 
? 
? 
? 
? 
? 
? 
? 
? 
? 
? 
? 
? 
? 
? 
? 
? 
? 
? 
? 
? 
? 
? 
? 
? 
? 
? 
? 
? 
? 
? 
? 
? 
? 
? 
? 
? 
? 
? 
? 
? 
? 
? 
? 
? 
? 
? 
? 
? 
? 
? 
? 
? 
? 
? 
? 
? 
? 
? 
? 
? 
? 
? 
? 
? 
? 
? 
? 
? 
? 
? 
? 
? 
? 
? 
? 
? 
? 
? 
? 
? 
? 
? 
? 
? 
? 
? 
? 
? 
? 
? 
? 
? 
? 
? 
? 
? 
? 
? 
? 
? 
? 
? 
? 
? 
? 
? 
? 
? 
? 
? 
? 
? 
? 
? 
? 
? 
? 
? 
? 
? 
? 
? 
? 
? 
? 
? 
? 
? 
? 
? 
? 
? 
? 
? 
? 
? 
? 
? 
? 
? 
? 
? 
? 
? 
? 
? 
? 
? 
? 
? 
? 
? 
? 
? 
? 
? 
? 
? 
? 
? 
? 
? 
? 
? 
? 
? 
? 
? 
? 
? 
? 
? 
? 
? 
? 
? 
? 
? 
? 
? 
? 
? 
? 
? 
? 
? 
? 
? 
? 
? 
? 
? 
? 
? 
? 
? 
? 
? 
? 
? 
? 
? 
? 
? 
? 
? 
? 
? 
? 
? 
? 
? 
? 
? 
? 
? 
? 
? 
? 
? 
? 
? 
? 
? 
? 
? 
? 
? 
? 
? 
? 
? 
? 
? 
? 
? 
? 
? 
? 
? 
? 
? 
? 
? 
? 
? 
? 
? 
? 
? 
? 
? 
? 
? 
? 
? 
? 
? 
? 
? 
? 
? 
? 
? 
? 
? 
? 
? 
? 
? 
? 
? 
? 
? 
? 
? 
? 
? 
? 
? 
? 
? 
? 
? 
? 
? 
? 
? 
? 
? 
? 
? 
? 
? 
? 
? 
? 
? 
? 
? 
? 
? 
? 
? 
? 
? 
? 
? 
? 
? 
? 
? 
? 
? 
? 
? 
? 
? 
? 
? 
? 
? 
? 
? 
? 
? 
? 
? 
? 
? 
? 
? 
? 
? 
? 
? 
? 
? 
? 
? 
? 
? 
? 
? 
? 
? 
? 
? 
? 
? 
? 
? 
? 
? 
? 
? 
? 
? 
? 
? 
? 
? 
? 
? 
? 
? 
? 
? 
? 
? 
? 
? 
? 
? 
? 
? 
? 
? 
? 
? 
? 
? 
? 
? 
? 
? 
? 
? 
? 
? 
? 
? 
? 
? 
? 
? 
? 
? 
? 
? 
? 
? 
? 
? 
? 
? 
? 
? 
? 
? 
? 
? 
? 
? 
? 
? 
? 
? 
? 
? 
? 
? 
? 
? 
? 
? 
? 
? 
? 
? 
? 
? 
? 
? 
? 
? 
? 
? 
? 
? 
? 
? 
? 
? 
? 
? 
? 
? 
? 
? 
? 
? 
? 
? 
? 
? 
? 
? 
? 
? 
? 
? 
? 
? 
? 
? 
? 
? 
? 
? 
? 
? 
? 
? 
? 
? 
? 
? 
? 
? 
? 
? 
? 
? 
? 
? 
? 
? 
? 
? 
? 
? 
? 
? 
? 
? 
? 
? 
? 
? 
? 
? 
? 
? 
? 
? 
? 
? 
? 
? 
? 
? 
? 
? 
? 
? 
? 
? 
? 
? 
? 
? 
? 
? 
? 
? 
? 
? 
? 
? 
? 
? 
? 
? 
? 
? 
? 
? 
? 
? 
? 
? 
? 
? 
? 
? 
? 
? 
? 
? 
? 
? 
? 
? 
? 
? 
? 
? 
? 
? 
? 
? 
? 
? 
? 
? 
? 
? 
? 
? 
? 
? 
? 
? 
? 
? 
? 
? 
? 
? 
? 
? 
? 
? 
? 
? 
? 
? 
? 
? 
? 
? 
? 
? 
? 
? 
? 
? 
? 
? 
? 
? 
? 
? 
? 
? 
? 
? 
? 
? 
? 
? 
? 
? 
? 
? 
? 
? 
? 
? 
? 
? 
? 
? 
? 
? 
? 
? 
? 
? 
? 
? 
? 
? 
? 
? 
? 
? 
? 
? 
? 
? 
? 
? 
? 
? 
? 
? 
? 
? 
? 
? 
? 
? 
? 
? 
? 
? 
? 
? 
? 
? 
? 
? 
? 
? 
? 
? 
? 
? 
? 
? 
? 
? 
? 
? 
? 
? 
? 
? 
? 
? 
? 
? 
? 
? 
? 
? 
? 
? 
? 
? 
? 
? 
? 
? 
? 
? 
? 
? 
? 
? 
? 
? 
? 
? 
? 
? 
? 
? 
? 
? 
? 
? 
? 
? 
? 
? 
? 
? 
? 
? 
? 
? 
? 
? 
? 
? 
? 
? 
? 
? 
? 
? 
? 
? 
? 
? 
? 
? 
? 
? 
? 
? 
? 
? 
? 
? 
? 
? 
? 
? 
? 
? 
? 
? 
? 
? 
? 
? 
? 
? 
? 
? 
? 
? 
? 
? 
? 
? 
? 
? 
? 
? 
? 
? 
? 
? 
? 
? 
? 
? 
? 
? 
? 
? 
? 
? 
? 
? 
? 
? 
? 
? 
? 
? 
? 
? 
? 
? 
? 
? 
? 
? 
? 
? 
? 
? 
? 
? 
? 
? 
? 
? 
? 
? 
? 
? 
? 
? 
? 
? 
? 
? 
? 
? 
? 
? 
? 
? 
? 
? 
? 
? 
? 
? 
? 
? 
? 
? 
? 
? 
? 
? 
? 
? 
? 
? 
? 
? 
? 
? 
? 
? 
? 
? 
? 
? 
? 
? 
? 
? 
? 
? 
? 
? 
? 
? 
? 
? 
? 
? 
? 
? 
? 
? 
? 
? 
? 
? 
? 
? 
? 
? 
? 
? 
? 
? 
? 
? 
? 
? 
? 
? 
? 
? 
? 
? 
? 
? 
? 
? 
? 
? 
? 
? 
? 
? 
? 
? 
? 
? 
? 
? 
? 
? 
? 
? 
? 
? 
? 
? 
? 
? 
? 
? 
? 
? 
? 
? 
? 
? 
? 
? 
? 
? 
? 
? 
? 
? 
? 
? 
? 
? 
? 
? 
? 
? 
? 
? 
? 
? 
? 
? 
? 
? 
? 
? 
? 
? 
? 
? 
? 
? 
? 
? 
? 
? 
? 
? 
? 
? 
? 
? 
? 
? 
? 
? 
? 
? 
? 
? 
? 
? 
? 
? 
? 
? 
? 
? 
? 
? 
? 
? 
? 
? 
? 
? 
? 
? 
? 
? 
? 
? 
? 
? 
? 
? 
? 
? 
? 
? 
? 
? 
? 
? 
? 
? 
? 
? 
? 
? 
? 
? 
? 
? 
? 
? 
? 
? 
? 
? 
? 
? 
? 
? 
? 
? 
? 
? 
? 
? 
? 
? 
? 
? 
? 
? 
? 
? 
? 
? 
? 
? 
? 
? 
? 
? 
? 
? 
? 
? 
? 
? 
? 
? 
? 
? 
? 
? 
? 
? 
? 
? 
? 
? 
? 
? 
? 
? 
? 
? 
? 
? 
? 
? 
? 
? 
? 
? 
? 
? 
? 
? 
? 
? 
? 
? 
? 
? 
? 
? 
? 
? 
? 
? 
? 
? 
? 
? 
? 
? 
? 
? 
? 
? 
? 
? 
? 
? 
? 
? 
? 
? 
? 
? 
? 
? 
? 
? 
? 
? 
? 
? 
? 
? 
? 
? 
? 
? 
? 
? 
? 
? 
? 
? 
? 
? 
? 
? 
? 
? 
? 
? 
? 
? 
? 
? 
? 
? 
? 
? 
? 
? 
? 
? 
? 
? 
? 
? 
? 
? 
? 
? 
? 
? 
? 
? 
? 
? 
? 
? 
? 
? 
? 
? 
? 
? 
? 
? 
? 
? 
? 
? 
? 
? 
? 
? 
? 
? 
? 
? 
? 
? 
? 
? 
? 
? 
? 
? 
? 
? 
? 
? 
? 
? 
? 
? 
? 
? 
? 
? 
? 
? 
? 
? 
? 
? 
? 
? 
? 
? 
? 
? 
? 
? 
? 
? 
? 
? 
? 
? 
? 
? 
? 
? 
? 
? 
? 
? 
? 
? 
? 
? 
? 
? 
? 
? 
? 
? 
? 
? 
? 
? 
? 
? 
? 
? 
? 
? 
? 
? 
? 
? 
? 
? 
? 
? 
? 
? 
? 
? 
? 
? 
? 
? 
? 
? 
? 
? 
? 
? 
? 
? 
? 
? 
? 
? 
? 
? 
? 
? 
? 
? 
? 
? 
? 
? 
? 
? 
? 
? 
? 
? 
? 
? 
? 
? 
? 
? 
? 
? 
? 
? 
? 
? 
? 
? 
? 
? 
? 
? 
? 
? 
? 
? 
? 
? 
? 
? 
? 
? 
? 
? 
? 
? 
? 
? 
? 
? 
? 
? 
? 
? 
? 
? 
? 
? 
? 
? 
? 
? 
? 
? 
? 
? 
? 
? 
? 
? 
? 
? 
? 
? 
? 
? 
? 
? 
? 
? 
? 
? 
? 
? 
? 
? 
? 
? 
? 
? 
? 
? 
? 
? 
? 
? 
? 
? 
? 
? 
? 
? 
? 
? 
? 
? 
? 
? 
? 
? 
? 
? 
? 
? 
? 
? 
? 
? 
? 
? 
? 
? 
? 
? 
? 
? 
? 
? 
? 
? 
? 
? 
? 
? 
? 
? 
? 
? 
? 
? 
? 
? 
? 
? 
? 
? 
? 
? 
? 
? 
? 
? 
? 
? 
? 
? 
? 
? 
? 
? 
? 
? 
? 
? 
? 
? 
? 
? 
? 
? 
? 
? 
? 
? 
? 
? 
? 
? 
? 
? 
? 
? 
? 
? 
? 
? 
? 
? 
? 
? 
? 
? 
? 
? 
? 
? 
? 
? 
? 
? 
? 
? 
? 
? 
? 
? 
? 
? 
? 
? 
? 
? 
? 
? 
? 
? 
? 
? 
? 
? 
? 
? 
? 
? 
? 
? 
? 
? 
? 
? 
? 
? 
? 
? 
? 
? 
? 
? 
? 
? 
? 
? 
? 
? 
? 
? 
? 
? 
? 
? 
? 
? 
? 
? 
? 
? 
? 
? 
? 
? 
? 
? 
? 
? 
? 
? 
? 
? 
? 
? 
? 
? 
? 
? 
? 
? 
? 
? 
? 
? 
? 
? 
? 
? 
? 
? 
? 
? 
? 
? 
? 
? 
? 
? 
? 
? 
? 
? 
? 
? 
? 
? 
? 
? 
? 
? 
? 
? 
? 
? 
? 
? 
? 
? 
? 
? 
? 
? 
? 
? 
? 
? 
? 
? 
? 
? 
? 
? 
? 
? 
? 
? 
? 
? 
? 
? 
? 
? 
? 
? 
? 
? 
? 
? 
? 
? 
? 
? 
? 
? 
? 
? 
? 
? 
? 
? 
? 
? 
? 
? 
? 
? 
? 
? 
? 
? 
? 
? 
? 
? 
? 
? 
? 
? 
? 
? 
? 
? 
? 
? 
? 
? 
? 
? 
? 
? 
? 
? 
? 
? 
? 
? 
? 
? 
? 
? 
? 
? 
? 
? 
? 
? 
? 
? 
? 
? 
? 
? 
? 
? 
? 
? 
? 
? 
? 
? 
? 
? 
? 
? 
? 
? 
? 
? 
? 
? 
? 
? 
? 
? 
? 
? 
? 
? 
? 
? 
? 
? 
? 
? 
? 
? 
? 
? 
? 
? 
? 
? 
? 
? 
? 
? 
? 
? 
? 
? 
? 
? 
? 
? 
? 
? 
? 
? 
? 
? 
? 
? 
? 
? 
? 
? 
? 
? 
? 
? 
? 
? 
? 
? 
? 
? 
? 
? 
? 
? 
? 
? 
? 
? 
? 
? 
? 
? 
? 
? 
? 
? 
? 
? 
? 
? 
? 
? 
? 
? 
? 
? 
? 
? 
? 
? 
? 
? 
? 
? 
? 
? 
? 
? 
? 
? 
? 
? 
? 
? 
? 
? 
? 
? 
? 
? 
? 
? 
? 
? 
? 
? 
? 
? 
? 
? 
? 
? 
? 
? 
? 
? 
? 
? 
? 
? 
? 
? 
? 
? 
? 
? 
? 
? 
? 
? 
? 
? 
? 
? 
? 
? 
? 
? 
? 
? 
? 
? 
? 
? 
? 
? 
? 
? 
? 
? 
? 
? 
? 
? 
? 
? 
? 
? 
? 
? 
? 
? 
? 
? 
? 
? 
? 
? 
? 
? 
? 
? 
? 
? 
? 
? 
? 
? 
? 
? 
? 
? 
? 
? 
? 
? 
? 
? 
? 
? 
? 
? 
? 
? 
? 
? 
? 
? 
? 
? 
? 
? 
? 
? 
? 
? 
? 
? 
? 
? 
? 
? 
? 
? 
? 
? 
? 
? 
? 
? 
? 
? 
? 
? 
? 
? 
? 
? 
? 
? 
? 
? 
? 
? 
? 
? 
? 
? 
? 
? 
? 
? 
? 
? 
? 
? 
? 
? 
? 
? 
? 
? 
? 
? 
? 
? 
? 
? 
? 
? 
? 
? 
? 
? 
? 
? 
? 
? 
? 
? 
? 
? 
? 
? 
? 
? 
? 
? 
? 
? 
? 
? 
? 
? 
? 
? 
? 
? 
? 
? 
? 
? 
? 
? 
? 
? 
? 
? 
? 
? 
? 
? 
? 
? 
? 
? 
? 
? 
? 
? 
? 
? 
? 
? 
? 
? 
? 
? 
? 
? 
? 
? 
? 
? 
? 
? 
? 
? 
? 
? 
? 
? 
? 
? 
? 
? 
? 
? 
? 
? 
? 
? 
? 
? 
? 
? 
? 
? 
? 
? 
? 
? 
? 
? 
? 
? 
? 
? 
? 
? 
? 
? 
? 
? 
? 
? 
? 
? 
? 
? 
? 
? 
? 
? 
? 
? 
? 
? 
? 
? 
? 
? 
? 
? 
? 
? 
? 
? 
? 
? 
? 
? 
? 
? 
? 
? 
? 
? 
? 
? 
? 
? 
? 
? 
? 
? 
? 
? 
? 
? 
? 
? 
? 
? 
? 
? 
? 
? 
? 
? 
? 
? 
? 
? 
? 
? 
? 
? 
? 
? 
? 
? 
? 
? 
? 
? 
? 
? 
? 
? 
? 
? 
? 
? 
? 
? 
? 
? 
? 
? 
? 
? 
? 
? 
? 
? 
? 
? 
? 
? 
? 
? 
? 
? 
? 
? 
? 
? 
? 
? 
? 
? 
? 
? 
? 
? 
? 
? 
? 
? 
? 
? 
? 
? 
? 
? 
? 
? 
? 
? 
? 
? 
? 
? 
? 
? 
? 
? 
? 
? 
? 
? 
? 
? 
? 
? 
? 
? 
? 
? 
? 
? 
? 
? 
? 
? 
? 
? 
? 
? 
? 
? 
? 
? 
? 
? 
? 
? 
? 
? 
? 
? 
? 
? 
? 
? 
? 
? 
? 
? 
? 
? 
? 
? 
? 
? 
? 
? 
? 
? 
? 
? 
? 
? 
? 
? 
? 
? 
? 
? 
? 
? 
? 
? 
? 
? 
? 
? 
? 
? 
? 
? 
? 
? 
? 
? 
? 
? 
? 
? 
? 
? 
? 
? 
? 
? 
? 
? 
? 
? 
? 
? 
? 
? 
? 
? 
? 
? 
? 
? 
? 
? 
? 
? 
? 
? 
? 
? 
? 
? 
? 
? 
? 
? 
? 
? 
? 
? 
? 
? 
? 
? 
? 
? 
? 
? 
? 
? 
? 
? 
? 
? 
? 
? 
? 
? 
? 
? 
? 
? 
? 
? 
? 
? 
? 
? 
? 
? 
? 
? 
? 
? 
? 
? 
? 
? 
? 
? 
? 
? 
? 
? 
? 
? 
? 
? 
? 
? 
? 
? 
? 
? 
? 
? 
? 
? 
? 
? 
? 
? 
? 
? 
? 
? 
? 
? 
? 
? 
? 
? 
? 
? 
? 
? 
? 
? 
? 
? 
? 
? 
? 
? 
? 
? 
? 
? 
? 
? 
? 
? 
? 
? 
? 
? 
? 
? 
? 
? 
? 
? 
? 
? 
? 
? 
? 
? 
? 
? 
? 
? 
? 
? 
? 
? 
? 
? 
? 
? 
? 
? 
? 
? 
? 
? 
? 
? 
? 
? 
? 
? 
? 
? 
? 
? 
? 
? 
? 
? 
? 
? 
? 
? 
? 
? 
? 
? 
? 
? 
? 
? 
? 
? 
? 
? 
? 
? 
? 
? 
? 
? 
? 
? 
? 
? 
? 
? 
? 
? 
? 
? 
? 
? 
? 
? 
? 
? 
? 
? 
? 
? 
? 
? 
? 
? 
? 
? 
? 
? 
? 
? 
? 
? 
? 
? 
? 
? 
? 
? 
? 
? 
? 
? 
? 
? 
? 
? 
? 
? 
? 
? 
? 
? 
? 
? 
? 
? 
? 
? 
? 
? 
? 
? 
? 
? 
? 
? 
? 
? 
? 
? 
? 
? 
? 
? 
? 
? 
? 
? 
? 
? 
? 
? 
? 
? 
? 
? 
? 
? 
? 
? 
? 
? 
? 
? 
? 
? 
? 
? 
? 
? 
? 
? 
? 
? 
? 
? 
? 
? 
? 
? 
? 
? 
? 
? 
? 
? 
? 
? 
? 
? 
? 
? 
? 
? 
? 
? 
? 
? 
? 
? 
? 
? 
? 
? 
? 
? 
? 
? 
? 
? 
? 
? 
? 
? 
? 
? 
? 
? 
? 
? 
? 
? 
? 
? 
? 
? 
? 
? 
? 
? 
? 
? 
? 
? 
? 
? 
? 
? 
? 
? 
? 
? 
? 
? 
? 
? 
? 
? 
? 
? 
? 
? 
? 
? 
? 
? 
? 
? 
? 
? 
? 
? 
? 
? 
? 
? 
? 
? 
? 
? 
? 
? 
? 
? 
? 
? 
? 
? 
? 
? 
? 
? 
? 
? 
? 
? 
? 
? 
? 
? 
? 
? 
? 
? 
? 
? 
? 
? 
? 
? 
? 
? 
? 
? 
? 
? 
? 
? 
? 
? 
? 
? 
? 
? 
? 
? 
? 
? 
? 
? 
? 
? 
? 
? 
? 
? 
? 
? 
? 
? 
? 
? 
? 
? 
? 
? 
? 
? 
? 
? 
? 
? 
? 
? 
? 
? 
? 
? 
? 
? 
? 
? 
? 
? 
? 
? 
? 
? 
? 
? 
? 
? 
? 
? 
? 
? 
? 
? 
? 
? 
? 
? 
? 
? 
? 
? 
? 
? 
? 
? 
? 
? 
? 
? 
? 
? 
? 
? 
? 
? 
? 
? 
? 
? 
? 
? 
? 
? 
? 
? 
? 
? 
? 
? 
? 
? 
? 
? 
? 
? 
? 
? 
? 
? 
? 
? 
? 
? 
? 
? 
? 
? 
? 
? 
? 
? 
? 
? 
? 
? 
? 
? 
? 
? 
? 
? 
? 
? 
? 
? 
? 
? 
? 
? 
? 
? 
? 
? 
? 
? 
? 
? 
? 
? 
? 
? 
? 
? 
? 
? 
? 
? 
? 
? 
? 
? 
? 
? 
? 
? 
? 
? 
? 
? 
? 
? 
? 
? 
? 
? 
? 
? 
? 
? 
? 
? 
? 
? 
? 
? 
? 
? 
? 
? 
? 
? 
? 
? 
? 
? 
? 
? 
? 
? 
? 
? 
? 
? 
? 
? 
? 
? 
? 
? 
? 
? 
? 
? 
? 
? 
? 
? 
? 
? 
? 
? 
? 
? 
? 
? 
? 
? 
? 
? 
? 
? 
? 
? 
? 
? 
? 
? 
? 
? 
? 
? 
? 
? 
? 
? 
? 
? 
? 
? 
? 
? 
? 
? 
? 
? 
? 
? 
? 
? 
? 
? 
? 
? 
? 
? 
? 
? 
? 
? 
? 
? 
? 
? 
? 
? 
? 
? 
? 
? 
? 
? 
? 
? 
? 
? 
? 
? 
? 
? 
? 
? 
? 
? 
? 
? 
? 
? 
? 
? 
? 
? 
? 
? 
? 
? 
? 
? 
? 
? 
? 
? 
? 
? 
? 
? 
? 
? 
? 
? 
? 
? 
? 
? 
? 
? 
? 
? 
? 
? 
? 
? 
? 
? 
? 
? 
? 
? 
? 
? 
? 
? 
? 
? 
? 
? 
? 
? 
? 
? 
? 
? 
? 
? 
? 
? 
? 
? 
? 
? 
? 
? 
? 
? 
? 
? 
? 
? 
? 
? 
? 
? 
? 
? 
? 
? 
? 
? 
? 
? 
? 
? 
? 
? 
? 
? 
? 
? 
? 
? 
? 
? 
? 
? 
? 
? 
? 
? 
? 
? 
? 
? 
? 
? 
? 
? 
? 
? 
? 
? 
? 
? 
? 
? 
? 
? 
? 
? 
? 
? 
? 
? 
? 
? 
? 
? 
? 
? 
? 
? 
? 
? 
? 
? 
? 
? 
? 
? 
? 
? 
? 
? 
? 
? 
? 
? 
? 
? 
? 
? 
? 
? 
? 
? 
? 
? 
? 
? 
? 
? 
? 
? 
? 
? 
? 
? 
? 
? 
? 
? 
? 
? 
? 
? 
? 
? 
? 
? 
? 
? 
? 
? 
? 
? 
? 
? 
? 
? 
? 
? 
? 
? 
? 
? 
? 
? 
? 
? 
? 
? 
? 
? 
? 
? 
? 
? 
? 
? 
? 
? 
? 
? 
? 
? 
? 
? 
? 
? 
? 
? 
? 
? 
? 
? 
? 
? 
? 
? 
? 
? 
? 
? 
? 
? 
? 
? 
? 
? 
? 
? 
? 
? 
? 
? 
? 
? 
? 
? 
? 
? 
? 
? 
? 
? 
? 
? 
? 
? 
? 
? 
? 
? 
? 
? 
? 
? 
? 
? 
? 
? 
? 
? 
? 
? 
? 
? 
? 
? 
? 
? 
? 
? 
? 
? 
? 
? 
? 
? 
? 
? 
? 
? 
? 
? 
? 
? 
? 
? 
? 
? 
? 
? 
? 
? 
? 
? 
? 
? 
? 
? 
? 
? 
? 
? 
? 
? 
? 
? 
? 
? 
? 
? 
? 
? 
? 
? 
? 
? 
? 
? 
? 
? 
? 
? 
? 
? 
? 
? 
? 
? 
? 
? 
? 
? 
? 
? 
? 
? 
? 
? 
? 
? 
? 
? 
? 
? 
? 
? 
? 
? 
? 
? 
? 
? 
? 
? 
? 
? 
? 
? 
? 
? 
? 
? 
? 
? 
? 
? 
? 
? 
? 
? 
? 
? 
? 
? 
? 
? 
? 
? 
? 
? 
? 
? 
? 
? 
? 
? 
? 
? 
? 
? 
? 
? 
? 
? 
? 
? 
? 
? 
? 
? 
? 
? 
? 
? 
? 
? 
? 
? 
? 
? 
? 
? 
? 
? 
? 
? 
? 
? 
? 
? 
? 
? 
? 
? 
? 
? 
? 
? 
? 
? 
? 
? 
? 
? 
? 
? 
? 
? 
? 
? 
? 
? 
? 
? 
? 
? 
? 
? 
? 
? 
? 
? 
? 
? 
? 
? 
? 
? 
? 
? 
? 
? 
? 
? 
? 
? 
? 
? 
? 
? 
? 
? 
? 
? 
? 
? 
? 
? 
? 
? 
? 
? 
? 
? 
? 
? 
? 
? 
? 
? 
? 
? 
? 
? 
? 
? 
? 
? 
? 
? 
? 
? 
? 
? 
? 
? 
? 
? 
? 
? 
? 
? 
? 
? 
? 
? 
? 
? 
? 
? 
? 
? 
? 
? 
? 
? 
? 
? 
? 
? 
? 
? 
? 
? 
? 
? 
? 
? 
? 
? 
? 
? 
? 
? 
? 
? 
? 
? 
? 
? 
? 
? 
? 
? 
? 
? 
? 
? 
? 
? 
? 
? 
? 
? 
? 
? 
? 
? 
? 
? 
? 
? 
? 
? 
? 
? 
? 
? 
? 
? 
? 
? 
? 
? 
? 
? 
? 
? 
? 
? 
? 
? 
? 
? 
? 
? 
? 
? 
? 
? 
? 
? 
? 
? 
? 
? 
? 
? 
? 
? 
? 
? 
? 
? 
? 
? 
? 
? 
? 
? 
? 
? 
? 
? 
? 
? 
? 
? 
? 
? 
? 
? 
? 
? 
? 
? 
? 
? 
? 
? 
? 
? 
? 
? 
? 
? 
? 
? 
? 
? 
? 
? 
? 
? 
? 
? 
? 
? 
? 
? 
? 
? 
? 
? 
? 
? 
? 
? 
? 
? 
? 
? 
? 
? 
? 
? 
? 
? 
? 
? 
? 
? 
? 
? 
? 
? 
? 
? 
? 
? 
? 
? 
? 
? 
? 
? 
? 
? 
? 
? 
? 
? 
? 
? 
? 
? 
? 
? 
? 
? 
? 
? 
? 
? 
? 
? 
? 
? 
? 
? 
? 
? 
? 
? 
? 
? 
? 
? 
? 
? 
? 
? 
? 
? 
? 
? 
? 
? 
? 
? 
? 
? 
? 
? 
? 
? 
? 
? 
? 
? 
? 
? 
? 
? 
? 
? 
? 
? 
? 
? 
? 
? 
? 
? 
? 
? 
? 
? 
? 
? 
? 
? 
? 
? 
? 
? 
? 
? 
? 
? 
? 
? 
? 
? 
? 
? 
? 
? 
? 
? 
? 
? 
? 
? 
? 
? 
? 
? 
? 
? 
? 
? 
? 
? 
? 
? 
? 
? 
? 
? 
? 
? 
? 
? 
? 
? 
? 
? 
? 
? 
? 
? 
? 
? 
? 
? 
? 
? 
? 
? 
? 
? 
? 
? 
? 
? 
? 
? 
? 
? 
? 
? 
? 
? 
? 
? 
? 
? 
? 
? 
? 
? 
? 
? 
? 
? 
? 
? 
? 
? 
? 
? 
? 
? 
? 
? 
? 
? 
? 
? 
? 
? 
? 
? 
? 
? 
? 
? 
? 
? 
? 
? 
? 
? 
? 
? 
? 
? 
? 
? 
? 
? 
? 
? 
? 
? 
? 
? 
? 
? 
? 
? 
? 
? 
? 
? 
? 
? 
? 
? 
? 
? 
? 
? 
? 
? 
? 
? 
? 
? 
? 
? 
? 
? 
? 
? 
? 
? 
? 
? 
? 
? 
? 
? 
? 
? 
? 
? 
? 
? 
? 
? 
? 
? 
? 
? 
? 
? 
? 
? 
? 
? 
? 
? 
? 
? 
? 
? 
? 
? 
? 
? 
? 
? 
? 
? 
? 
? 
? 
? 
? 
? 
? 
? 
? 
? 
? 
? 
? 
? 
? 
? 
? 
? 
? 
? 
? 
? 
? 
? 
? 
? 
? 
? 
? 
? 
? 
? 
? 
? 
? 
? 
? 
? 
? 
? 
? 
? 
? 
? 
? 
? 
? 
? 
? 
? 
? 
? 
? 
? 
? 
? 
? 
? 
? 
? 
? 
? 
? 
? 
? 
? 
? 
? 
? 
? 
? 
? 
? 
? 
? 
? 
? 
? 
? 
? 
? 
? 
? 
? 
? 
? 
? 
? 
? 
? 
? 
? 
? 
? 
? 
? 
? 
? 
? 
? 
? 
? 
? 
? 
? 
? 
? 
? 
? 
? 
? 
? 
? 
? 
? 
? 
? 
? 
? 
? 
? 
? 
? 
? 
? 
? 
? 
? 
? 
? 
? 
? 
? 
? 
? 
? 
? 
? 
? 
? 
? 
? 
? 
? 
? 
? 
? 
? 
? 
? 
? 
? 
? 
? 
? 
? 
? 
? 
? 
? 
? 
? 
? 
? 
? 
? 
? 
? 
? 
? 
? 
? 
? 
? 
? 
? 
? 
? 
? 
? 
? 
? 
? 
? 
? 
? 
? 
? 
? 
? 
? 
? 
? 
? 
? 
? 
? 
? 
? 
? 
? 
? 
? 
? 
? 
? 
? 
? 
? 
? 
? 
? 
? 
? 
? 
? 
? 
? 
? 
? 
? 
? 
? 
? 
? 
? 
? 
? 
? 
? 
? 
? 
? 
? 
? 
? 
? 
? 
? 
? 
? 
? 
? 
? 
? 
? 
? 
? 
? 
? 
? 
? 
? 
? 
? 
? 
? 
? 
? 
? 
? 
? 
? 
? 
? 
? 
? 
? 
? 
? 
? 
? 
? 
? 
? 
? 
? 
? 
? 
? 
? 
? 
? 
? 
? 
? 
? 
? 
? 
? 
? 
? 
? 
? 
? 
? 
? 
? 
? 
? 
? 
? 
? 
? 
? 
? 
? 
? 
? 
? 
? 
? 
? 
? 
? 
? 
? 
? 
? 
? 
? 
? 
? 
? 
? 
? 
? 
? 
? 
? 
? 
? 
? 
? 
? 
? 
? 
? 
? 
? 
? 
? 
? 
? 
? 
? 
? 
? 
? 
? 
? 
? 
? 
? 
? 
? 
? 
? 
? 
? 
? 
? 
? 
? 
? 
? 
? 
? 
? 
? 
? 
? 
? 
? 
? 
? 
? 
? 
? 
? 
? 
? 
? 
? 
? 
? 
? 
? 
? 
? 
? 
? 
? 
? 
? 
? 
? 
? 
? 
? 
? 
? 
? 
? 
? 
? 
? 
? 
? 
? 
? 
? 
? 
? 
? 
? 
? 
? 
? 
? 
? 
? 
? 
? 
? 
? 
? 
? 
? 
? 
? 
? 
? 
? 
? 
? 
? 
? 
? 
? 
? 
? 
? 
? 
? 
? 
? 
? 
? 
? 
? 
? 
? 
? 
? 
? 
? 
? 
? 
? 
? 
? 
? 
? 
? 
? 
? 
? 
? 
? 
? 
? 
? 
? 
? 
? 
? 
? 
? 
? 
? 
? 
? 
? 
? 
? 
? 
? 
? 
? 
? 
? 
? 
? 
? 
? 
? 
? 
? 
? 
? 
? 
? 
? 
? 
? 
? 
? 
? 
? 
? 
? 
? 
? 
? 
? 
? 
? 
? 
? 
? 
? 
? 
? 
? 
? 
? 
? 
? 
? 
? 
? 
? 
? 
? 
? 
? 
? 
? 
? 
? 
? 
? 
? 
? 
? 
? 
? 
? 
? 
? 
? 
? 
? 
? 
? 
? 
? 
? 
? 
? 
? 
? 
? 
? 
? 
? 
? 
? 
? 
? 
? 
? 
? 
? 
? 
? 
? 
? 
? 
? 
? 
? 
? 
? 
? 
? 
? 
? 
? 
? 
? 
? 
? 
? 
? 
? 
? 
? 
? 
? 
? 
? 
? 
? 
? 
? 
? 
? 
? 
? 
? 
? 
? 
? 
? 
? 
? 
? 
? 
? 
? 
? 
? 
? 
? 
? 
? 
? 
? 
? 
? 
? 
? 
? 
? 
? 
? 
? 
? 
? 
? 
? 
? 
? 
? 
? 
? 
? 
? 
? 
? 
? 
? 
? 
? 
? 
? 
? 
? 
? 
? 
? 
? 
? 
? 
? 
? 
? 
? 
? 
? 
? 
? 
? 
? 
? 
? 
? 
? 
? 
? 
? 
? 
? 
? 
? 
? 
? 
? 
? 
? 
? 
? 
? 
? 
? 
? 
? 
? 
? 
? 
? 
? 
? 
? 
? 
? 
? 
? 
? 
? 
? 
? 
? 
? 
? 
? 
? 
? 
? 
? 
? 
? 
? 
? 
? 
? 
? 
? 
? 
? 
? 
? 
? 
? 
? 
? 
? 
? 
? 
? 
? 
? 
? 
? 
? 
? 
? 
? 
? 
? 
? 
? 
? 
? 
? 
? 
? 
? 
? 
? 
? 
? 
? 
? 
? 
? 
? 
? 
? 
? 
? 
? 
? 
? 
? 
? 
? 
? 
? 
? 
? 
? 
? 
? 
? 
? 
? 
? 
? 
? 
? 
? 
? 
? 
? 
? 
? 
? 
? 
? 
? 
? 
? 
? 
? 
? 
? 
? 
? 
? 
? 
? 
? 
? 
? 
? 
? 
? 
? 
? 
? 
? 
? 
? 
? 
? 
? 
? 
? 
? 
? 
? 
? 
? 
? 
? 
? 
? 
? 
? 
? 
? 
? 
? 
? 
? 
? 
? 
? 
? 
? 
? 
? 
? 
? 
? 
? 
? 
? 
? 
? 
? 
? 
? 
? 
? 
? 
? 
? 
? 
? 
? 
? 
? 
? 
? 
? 
? 
? 
? 
? 
? 
? 
? 
? 
? 
? 
? 
? 
? 
? 
? 
? 
? 
? 
? 
? 
? 
? 
? 
? 
? 
? 
? 
? 
? 
? 
? 
? 
? 
? 
? 
? 
? 
? 
? 
? 
? 
? 
? 
? 
? 
? 
? 
? 
? 
? 
? 
? 
? 
? 
? 
? 
? 
? 
? 
? 
? 
? 
? 
? 
? 
? 
? 
? 
? 
? 
? 
? 
? 
? 
? 
? 
? 
? 
? 
? 
? 
? 
? 
? 
? 
? 
? 
? 
? 
? 
? 
? 
? 
? 
? 
? 
? 
? 
? 
? 
? 
? 
? 
? 
? 
? 
? 
? 
? 
? 
? 
? 
? 
? 
? 
? 
? 
? 
? 
? 
? 
? 
? 
? 
? 
? 
? 
? 
? 
? 
? 
? 
? 
? 
? 
? 
? 
? 
? 
? 
? 
? 
? 
? 
? 
? 
? 
? 
? 
? 
? 
? 
? 
? 
? 
? 
? 
? 
? 
? 
? 
? 
? 
? 
? 
? 
? 
? 
? 
? 
? 
? 
? 
? 
? 
? 
? 
? 
? 
? 
? 
? 
? 
? 
? 
? 
? 
? 
? 
? 
? 
? 
? 
? 
? 
? 
? 
? 
? 
? 
? 
? 
? 
? 
? 
? 
? 
? 
? 
? 
? 
? 
? 
? 
? 
? 
? 
? 
? 
? 
? 
? 
? 
? 
? 
? 
? 
? 
? 
? 
? 
? 
? 
? 
? 
? 
? 
? 
? 
? 
? 
? 
? 
? 
? 
? 
? 
? 
? 
? 
? 
? 
? 
? 
? 
? 
? 
? 
? 
? 
? 
? 
? 
? 
? 
? 
? 
? 
? 
? 
? 
? 
? 
? 
? 
? 
? 
? 
? 
? 
? 
? 
? 
? 
? 
? 
? 
? 
? 
? 
? 
? 
? 
? 
? 
? 
? 
? 
? 
? 
? 
? 
? 
? 
? 
? 
? 
? 
? 
? 
? 
? 
? 
? 
? 
? 
? 
? 
? 
? 
? 
? 
? 
? 
? 
? 
? 
? 
? 
? 
? 
? 
? 
? 
? 
? 
? 
? 
? 
? 
? 
? 
? 
? 
? 
? 
? 
? 
? 
? 
? 
? 
? 
? 
? 
? 
? 
? 
? 
? 
? 
? 
? 
? 
? 
? 
? 
? 
? 
? 
? 
? 
? 
? 
? 
? 
? 
? 
? 
? 
? 
? 
? 
? 
? 
? 
? 
? 
? 
? 
? 
? 
? 
? 
? 
? 
? 
? 
? 
? 
? 
? 
? 
? 
? 
? 
? 
? 
? 
? 
? 
? 
? 
? 
? 
? 
? 
? 
? 
? 
? 
? 
? 
? 
? 
? 
? 
? 
? 
? 
? 
? 
? 
? 
? 
? 
? 
? 
? 
? 
? 
? 
? 
? 
? 
? 
? 
? 
? 
? 
? 
? 
? 
? 
? 
? 
? 
? 
? 
? 
? 
? 
? 
? 
? 
? 
? 
? 
? 
? 
? 
? 
? 
? 
? 
? 
? 
? 
? 
? 
? 
? 
? 
? 
? 
? 
? 
? 
? 
? 
? 
? 
? 
? 
? 
? 
? 
? 
? 
? 
? 
? 
? 
? 
? 
? 
? 
? 
? 
? 
? 
? 
? 
? 
? 
? 
? 
? 
? 
? 
? 
? 
? 
? 
? 
? 
? 
? 
? 
? 
? 
? 
? 
? 
? 
? 
? 
? 
? 
? 
? 
? 
? 
? 
? 
? 
? 
? 
? 
? 
? 
? 
? 
? 
? 
? 
? 
? 
? 
? 
? 
? 
? 
? 
? 
? 
? 
? 
? 
? 
? 
? 
? 
? 
? 
? 
? 
? 
? 
? 
? 
? 
? 
? 
? 
? 
? 
? 
? 
? 
? 
? 
? 
? 
? 
? 
? 
? 
? 
? 
? 
? 
? 
? 
? 
? 
? 
? 
? 
? 
? 
? 
? 
? 
? 
? 
? 
? 
? 
? 
? 
? 
? 
? 
? 
? 
? 
? 
? 
? 
? 
? 
? 
? 
? 
? 
? 
? 
? 
? 
? 
? 
? 
? 
? 
? 
? 
? 
? 
? 
? 
? 
? 
? 
? 
? 
? 
? 
? 
? 
? 
? 
? 
? 
? 
? 
? 
? 
? 
? 
? 
? 
? 
? 
? 
? 
? 
? 
? 
? 
? 
? 
? 
? 
? 
? 
? 
? 
? 
? 
? 
? 
? 
? 
? 
? 
? 
? 
? 
? 
? 
? 
? 
? 
? 
? 
? 
? 
? 
? 
? 
? 
? 
? 
? 
? 
? 
? 
? 
? 
? 
? 
? 
? 
? 
? 
? 
? 
? 
? 
? 
? 
? 
? 
? 
? 
? 
? 
? 
? 
? 
? 
? 
? 
? 
? 
? 
? 
? 
? 
? 
? 
? 
? 
? 
? 
? 
? 
? 
? 
? 
? 
? 
? 
? 
? 
? 
? 
? 
? 
? 
? 
? 
? 
? 
? 
? 
? 
? 
? 
? 
? 
? 
? 
? 
? 
? 
? 
? 
? 
? 
? 
? 
? 
? 
? 
? 
? 
? 
? 
? 
? 
? 
? 
? 
? 
? 
? 
? 
? 
? 
? 
? 
? 
? 
? 
? 
? 
? 
? 
? 
? 
? 
? 
? 
? 
? 
? 
? 
? 
? 
? 
? 
? 
? 
? 
? 
? 
? 
? 
? 
? 
? 
? 
? 
? 
? 
? 
? 
? 
? 
? 
? 
? 
? 
? 
? 
? 
? 
? 
? 
? 
? 
? 
? 
? 
? 
? 
? 
? 
? 
? 
? 
? 
? 
? 
? 
? 
? 
? 
? 
? 
? 
? 
? 
? 
? 
? 
? 
? 
? 
? 
? 
? 
? 
? 
? 
? 
? 
? 
? 
? 
? 
? 
? 
? 
? 
? 
? 
? 
? 
? 
? 
? 
? 
? 
? 
? 
? 
? 
? 
? 
? 
? 
? 
? 
? 
? 
? 
? 
? 
? 
? 
? 
? 
? 
? 
? 
? 
? 
? 
? 
? 
? 
? 
? 
? 
? 
? 
? 
? 
? 
? 
? 
? 
? 
? 
? 
? 
? 
? 
? 
? 
? 
? 
? 
? 
? 
? 
? 
? 
? 
? 
? 
? 
? 
? 
? 
? 
? 
? 
? 
? 
? 
? 
? 
? 
? 
? 
? 
? 
? 
? 
? 
? 
? 
? 
? 
? 
? 
? 
? 
? 
? 
? 
? 
? 
? 
? 
? 
? 
? 
? 
? 
? 
? 
? 
? 
? 
? 
? 
? 
? 
? 
? 
? 
? 
? 
? 
? 
? 
? 
? 
? 
? 
? 
? 
? 
? 
? 
? 
? 
? 
? 
? 
? 
? 
? 
? 
? 
? 
? 
? 
? 
? 
? 
? 
? 
? 
? 
? 
? 
? 
? 
? 
? 
? 
? 
? 
? 
? 
? 
? 
? 
? 
? 
? 
? 
? 
? 
? 
? 
? 
? 
? 
? 
? 
? 
? 
? 
? 
? 
? 
? 
? 
? 
? 
? 
? 
? 
? 
? 
? 
? 
? 
? 
? 
? 
? 
? 
? 
? 
? 
? 
? 
? 
? 
? 
? 
? 
? 
? 
? 
? 
? 
? 
? 
? 
? 
? 
? 
? 
? 
? 
? 
? 
? 
? 
? 
? 
? 
? 
? 
? 
? 
? 
? 
? 
? 
? 
? 
? 
? 
? 
? 
? 
? 
? 
? 
? 
? 
? 
? 
? 
? 
? 
? 
? 
? 
? 
? 
? 
? 
? 
? 
? 
? 
? 
? 
? 
? 
? 
? 
? 
? 
? 
? 
? 
? 
? 
? 
? 
? 
? 
? 
? 
? 
? 
? 
? 
? 
? 
? 
? 
? 
? 
? 
? 
? 
? 
? 
? 
? 
? 
? 
? 
? 
? 
? 
? 
? 
? 
? 
? 
? 
? 
? 
? 
? 
? 
? 
? 
? 
? 
? 
? 
? 
? 
? 
? 
? 
? 
? 
? 
? 
? 
? 
? 
? 
? 
? 
? 
? 
? 
? 
? 
? 
? 
? 
? 
? 
? 
? 
? 
? 
? 
? 
? 
? 
? 
? 
? 
? 
? 
? 
? 
? 
? 
? 
? 
? 
? 
? 
? 
? 
? 
? 
? 
? 
? 
? 
? 
? 
? 
? 
? 
? 
? 
? 
? 
? 
? 
? 
? 
? 
? 
? 
? 
? 
? 
? 
? 
? 
? 
? 
? 
? 
? 
? 
? 
? 
? 
? 
? 
? 
? 
? 
? 
? 
? 
? 
? 
? 
? 
? 
? 
? 
? 
? 
? 
? 
? 
? 
? 
? 
? 
? 
? 
? 
? 
? 
? 
? 
? 
? 
? 
? 
? 
? 
? 
? 
? 
? 
? 
? 
? 
? 
? 
? 
? 
? 
? 
? 
? 
? 
? 
? 
? 
? 
? 
? 
? 
? 
? 
? 
? 
? 
? 
? 
? 
? 
? 
? 
? 
? 
? 
? 
? 
? 
? 
? 
? 
? 
? 
? 
? 
? 
? 
? 
? 
? 
? 
? 
? 
? 
? 
? 
? 
? 
? 
? 
? 
? 
? 
? 
? 
? 
? 
? 
? 
? 
? 
? 
? 
? 
? 
? 
? 
? 
? 
? 
? 
? 
? 
? 
? 
? 
? 
? 
? 
? 
? 
? 
? 
? 
? 
? 
? 
? 
? 
? 
? 
? 
? 
? 
? 
? 
? 
? 
? 
? 
? 
? 
? 
? 
? 
? 
? 
? 
? 
? 
? 
? 
? 
? 
? 
? 
? 
? 
? 
? 
? 
? 
? 
? 
? 
? 
? 
? 
? 
? 
? 
? 
? 
? 
? 
? 
? 
? 
? 
? 
? 
? 
? 
? 
? 
? 
? 
? 
? 
? 
? 
? 
? 
? 
? 
? 
? 
? 
? 
? 
? 
? 
? 
? 
? 
? 
? 
? 
? 
? 
? 
? 
? 
? 
? 
? 
? 
? 
? 
? 
? 
? 
? 
? 
? 
? 
? 
? 
? 
? 
? 
? 
? 
? 
? 
? 
? 
? 
? 
? 
? 
? 
? 
? 
? 
? 
? 
? 
? 
? 
? 
? 
? 
? 
? 
? 
? 
? 
? 
? 
? 
? 
? 
? 
? 
? 
? 
? 
? 
? 
? 
? 
? 
? 
? 
? 
? 
? 
? 
? 
? 
? 
? 
? 
? 
? 
? 
? 
? 
? 
? 
? 
? 
? 
? 
? 
? 
? 
? 
? 
? 
? 
? 
? 
? 
? 
? 
? 
? 
? 
? 
? 
? 
? 
? 
? 
? 
? 
? 
? 
? 
? 
? 
? 
? 
? 
? 
? 
? 
? 
? 
? 
? 
? 
? 
? 
? 
? 
? 
? 
? 
? 
? 
? 
? 
? 
? 
? 
? 
? 
? 
? 
? 
? 
? 
? 
? 
? 
? 
? 
? 
? 
? 
? 
? 
? 
? 
? 
? 
? 
? 
? 
? 
? 
? 
? 
? 
? 
? 
? 
? 
? 
? 
? 
? 
? 
? 
? 
? 
? 
? 
? 
? 
? 
? 
? 
? 
? 
? 
? 
? 
? 
? 
? 
? 
? 
? 
? 
? 
? 
? 
? 
? 
? 
? 
? 
? 
? 
? 
? 
? 
? 
? 
? 
? 
? 
? 
? 
? 
? 
? 
? 
? 
? 
? 
? 
? 
? 
? 
? 
? 
? 
? 
? 
? 
? 
? 
? 
? 
? 
? 
? 
? 
? 
? 
? 
? 
? 
? 
? 
? 
? 
? 
? 
? 
? 
? 
? 
? 
? 
? 
? 
? 
? 
? 
? 
? 
? 
? 
? 
? 
? 
? 
? 
? 
? 
? 
? 
? 
? 
? 
? 
? 
? 
? 
? 
? 
? 
? 
? 
? 
? 
? 
? 
? 
? 
? 
? 
? 
? 
? 
? 
? 
? 
? 
? 
? 
? 
? 
? 
? 
? 
? 
? 
? 
? 
? 
? 
? 
? 
? 
? 
? 
? 
? 
? 
? 
? 
? 
? 
? 
? 
? 
? 
? 
? 
? 
? 
? 
? 
? 
? 
? 
? 
? 
? 
? 
? 
? 
? 
? 
? 
? 
? 
? 
? 
? 
? 
? 
? 
? 
? 
? 
? 
? 
? 
? 
? 
? 
? 
? 
? 
? 
? 
? 
? 
? 
? 
? 
? 
? 
? 
? 
? 
? 
? 
? 
? 
? 
? 
? 
? 
? 
? 
? 
? 
? 
? 
? 
? 
? 
? 
? 
? 
? 
? 
? 
? 
? 
? 
? 
? 
? 
? 
? 
? 
? 
? 
? 
? 
? 
? 
? 
? 
? 
? 
? 
? 
? 
? 
? 
? 
? 
? 
? 
? 
? 
? 
? 
? 
? 
? 
? 
? 
? 
? 
? 
? 
? 
? 
? 
? 
? 
? 
? 
? 
? 
? 
? 
? 
? 
? 
? 
? 
? 
? 
? 
? 
? 
? 
? 
? 
? 
? 
? 
? 
? 
? 
? 
? 
? 
? 
? 
? 
? 
? 
? 
? 
? 
? 
? 
? 
? 
? 
? 
? 
? 
? 
? 
? 
? 
? 
? 
? 
? 
? 
? 
? 
? 
? 
? 
? 
? 
? 
? 
? 
? 
? 
? 
? 
? 
? 
? 
? 
? 
? 
? 
? 
? 
? 
? 
? 
? 
? 
? 
? 
? 
? 
? 
? 
? 
? 
? 
? 
? 
? 
? 
? 
? 
? 
? 
? 
? 
? 
? 
? 
? 
? 
? 
? 
? 
? 
? 
? 
? 
? 
? 
? 
? 
? 
? 
? 
? 
? 
? 
? 
? 
? 
? 
? 
? 
? 
? 
? 
? 
? 
? 
? 
? 
? 
? 
? 
? 
? 
? 
? 
? 
? 
? 
? 
? 
? 
? 
? 
? 
? 
? 
? 
? 
? 
? 
? 
? 
? 
? 
? 
? 
? 
? 
? 
? 
? 
? 
? 
? 
? 
? 
? 
? 
? 
? 
? 
? 
? 
? 
? 
? 
? 
? 
? 
? 
? 
? 
? 
? 
? 
? 
? 
? 
? 
? 
? 
? 
? 
? 
? 
? 
? 
? 
? 
? 
? 
? 
? 
? 
? 
? 
? 
? 
? 
? 
? 
? 
? 
? 
? 
? 
? 
? 
? 
? 
? 
? 
? 
? 
? 
? 
? 
? 
? 
? 
? 
? 
? 
? 
? 
? 
? 
? 
? 
? 
? 
? 
? 
? 
? 
? 
? 
? 
? 
? 
? 
? 
? 
? 
? 
? 
? 
? 
? 
? 
? 
? 
? 
? 
? 
? 
? 
? 
? 
? 
? 
? 
? 
? 
? 
? 
? 
? 
? 
? 
? 
? 
? 
? 
? 
? 
? 
? 
? 
? 
? 
? 
? 
? 
? 
? 
? 
? 
? 
? 
? 
? 
? 
? 
? 
? 
? 
? 
? 
? 
? 
? 
? 
? 
? 
? 
? 
? 
? 
? 
? 
? 
? 
? 
? 
? 
? 
? 
? 
? 
? 
? 
? 
? 
? 
? 
? 
? 
? 
? 
? 
? 
? 
? 
? 
? 
? 
? 
? 
? 
? 
? 
? 
? 
? 
? 
? 
? 
? 
? 
? 
? 
? 
? 
? 
? 
? 
? 
? 
? 
? 
? 
? 
? 
? 
? 
? 
? 
? 
? 
? 
? 
? 
? 
? 
? 
? 
? 
? 
? 
? 
? 
? 
? 
? 
? 
? 
? 
? 
? 
? 
? 
? 
? 
? 
? 
? 
? 
? 
? 
? 
? 
? 
? 
? 
? 
? 
? 
? 
? 
? 
? 
? 
? 
? 
? 
? 
? 
? 
? 
? 
? 
? 
? 
? 
? 
? 
? 
? 
? 
? 
? 
? 
? 
? 
? 
? 
? 
? 
? 
? 
? 
? 
? 
? 
? 
? 
? 
? 
? 
? 
? 
? 
? 
? 
? 
? 
? 
? 
? 
? 
? 
? 
? 
? 
? 
? 
? 
? 
? 
? 
? 
? 
? 
? 
? 
? 
? 
? 
? 
? 
? 
? 
? 
? 
? 
? 
? 
? 
? 
? 
? 
? 
? 
? 
? 
? 
? 
? 
? 
? 
? 
? 
? 
? 
? 
? 
? 
? 
? 
? 
? 
? 
? 
? 
? 
? 
? 
? 
? 
? 
? 
? 
? 
? 
? 
? 
? 
? 
? 
? 
? 
? 
? 
? 
? 
? 
? 
? 
? 
? 
? 
? 
? 
? 
? 
? 
? 
? 
? 
? 
? 
? 
? 
? 
? 
? 
? 
? 
? 
? 
? 
? 
? 
? 
? 
? 
? 
? 
? 
? 
? 
? 
? 
? 
? 
? 
? 
? 
? 
? 
? 
? 
? 
? 
? 
? 
? 
? 
? 
? 
? 
? 
? 
? 
? 
? 
? 
? 
? 
? 
? 
? 
? 
? 
? 
? 
? 
? 
? 
? 
? 
? 
? 
? 
? 
? 
? 
? 
? 
? 
? 
? 
? 
? 
? 
? 
? 
? 
? 
? 
? 
? 
? 
? 
? 
? 
? 
? 
? 
? 
? 
? 
? 
? 
? 
? 
? 
? 
? 
? 
? 
? 
? 
? 
? 
? 
? 
? 
? 
? 
? 
? 
? 
? 
? 
? 
? 
? 
? 
? 
? 
? 
? 
? 
? 
? 
? 
? 
? 
? 
? 
? 
? 
? 
? 
? 
? 
? 
? 
? 
? 
? 
? 
? 
? 
? 
? 
? 
? 
? 
? 
? 
? 
? 
? 
? 
? 
? 
? 
? 
? 
? 
? 
? 
? 
? 
? 
? 
? 
? 
? 
? 
? 
? 
? 
? 
? 
? 
? 
? 
? 
? 
? 
? 
? 
? 
? 
? 
? 
? 
? 
? 
? 
? 
? 
? 
? 
? 
? 
? 
? 
? 
? 
? 
? 
? 
? 
? 
? 
? 
? 
? 
? 
? 
? 
? 
? 
? 
? 
? 
? 
? 
? 
? 
? 
? 
? 
? 
? 
? 
? 
? 
? 
? 
? 
? 
? 
? 
? 
? 
? 
? 
? 
? 
? 
? 
? 
? 
? 
? 
? 
? 
? 
? 
? 
? 
? 
? 
? 
? 
? 
? 
? 
? 
? 
? 
? 
? 
? 
? 
? 
? 
? 
? 
? 
? 
? 
? 
? 
? 
? 
? 
? 
? 
? 
? 
? 
? 
? 
? 
? 
? 
? 
? 
? 
? 
? 
? 
? 
? 
? 
? 
? 
? 
? 
? 
? 
? 
? 
? 
? 
? 
? 
? 
? 
? 
? 
? 
? 
? 
? 
? 
? 
? 
? 
? 
? 
? 
? 
? 
? 
? 
? 
? 
? 
? 
? 
? 
? 
? 
? 
? 
? 
? 
? 
? 
? 
? 
? 
? 
? 
? 
? 
? 
? 
? 
? 
? 
? 
? 
? 
? 
? 
? 
? 
? 
? 
? 
? 
? 
? 
? 
? 
? 
? 
? 
? 
? 
? 
? 
? 
? 
? 
? 
? 
? 
? 
? 
? 
? 
? 
? 
? 
? 
? 
? 
? 
? 
? 
? 
? 
? 
? 
? 
? 
? 
? 
? 
? 
? 
? 
? 
? 
? 
? 
? 
? 
? 
? 
? 
? 
? 
? 
? 
? 
? 
? 
? 
? 
? 
? 
? 
? 
? 
? 
? 
? 
? 
? 
? 
? 
? 
? 
? 
? 
? 
? 
? 
? 
? 
? 
? 
? 
? 
? 
? 
? 
? 
? 
? 
? 
? 
? 
? 
? 
? 
? 
? 
? 
? 
? 
? 
? 
? 
? 
? 
? 
? 
? 
? 
? 
? 
? 
? 
? 
? 
? 
? 
? 
? 
? 
? 
? 
? 
? 
? 
? 
? 
? 
? 
? 
? 
? 
? 
? 
? 
? 
? 
? 
? 
? 
? 
? 
? 
? 
? 
? 
? 
? 
? 
? 
? 
? 
? 
? 
? 
? 
? 
? 
? 
? 
? 
? 
? 
? 
? 
? 
? 
? 
? 
? 
? 
? 
? 
? 
? 
? 
? 
? 
? 
? 
? 
? 
? 
? 
? 
? 
? 
? 
? 
? 
? 
? 
? 
? 
? 
? 
? 
? 
? 
? 
? 
? 
? 
? 
? 
? 
? 
? 
? 
? 
? 
? 
? 
? 
? 
? 
? 
? 
? 
? 
? 
? 
? 
? 
? 
? 
? 
? 
? 
? 
? 
? 
? 
? 
? 
? 
? 
? 
? 
? 
? 
? 
? 
? 
? 
? 
? 
? 
? 
? 
? 
? 
? 
? 
? 
? 
? 
? 
? 
? 
? 
? 
? 
? 
? 
? 
? 
? 
? 
? 
? 
? 
? 
? 
? 
? 
? 
? 
? 
? 
? 
? 
? 
? 
? 
? 
? 
? 
? 
? 
? 
? 
? 
? 
? 
? 
? 
? 
? 
? 
? 
? 
? 
? 
? 
? 
? 
? 
? 
? 
? 
? 
? 
? 
? 
? 
? 
? 
? 
? 
? 
? 
? 
? 
? 
? 
? 
? 
? 
? 
? 
? 
? 
? 
? 
? 
? 
? 
? 
? 
? 
? 
? 
? 
? 
? 
? 
? 
? 
? 
? 
? 
? 
? 
? 
? 
? 
? 
? 
? 
? 
? 
? 
? 
? 
? 
? 
? 
? 
? 
? 
? 
? 
? 
? 
? 
? 
? 
? 
? 
? 
? 
? 
? 
? 
? 
? 
? 
? 
? 
? 
? 
? 
? 
? 
? 
? 
? 
? 
? 
? 
? 
? 
? 
? 
? 
? 
? 
? 
? 
? 
? 
? 
? 
? 
? 
? 
? 
? 
? 
? 
? 
? 
? 
? 
? 
? 
? 
? 
? 
? 
? 
? 
? 
? 
? 
? 
? 
? 
? 
? 
? 
? 
? 
? 
? 
? 
? 
? 
? 
? 
? 
? 
? 
? 
? 
? 
? 
? 
? 
? 
? 
? 
? 
? 
? 
? 
? 
? 
? 
? 
? 
? 
? 
? 
? 
? 
? 
? 
? 
? 
? 
? 
? 
? 
? 
? 
? 
? 
? 
? 
? 
? 
? 
? 
? 
? 
? 
? 
? 
? 
? 
? 
? 
? 
? 
? 
? 
? 
? 
? 
? 
? 
? 
? 
? 
? 
? 
? 
? 
? 
? 
? 
? 
? 
? 
? 
? 
? 
? 
? 
? 
? 
? 
? 
? 
? 
? 
? 
? 
? 
? 
? 
? 
? 
? 
? 
? 
? 
? 
? 
? 
? 
? 
? 
? 
? 
? 
? 
? 
? 
? 
? 
? 
? 
? 
? 
? 
? 
? 
? 
? 
? 
? 
? 
? 
? 
? 
? 
? 
? 
? 
? 
? 
? 
? 
? 
? 
? 
? 
? 
? 
? 
? 
? 
? 
? 
? 
? 
? 
? 
? 
? 
? 
? 
? 
? 
? 
? 
? 
? 
? 
? 
? 
? 
? 
? 
? 
? 
? 
? 
? 
? 
? 
? 
? 
? 
? 
? 
? 
? 
? 
? 
? 
? 
? 
? 
? 
? 
? 
? 
? 
? 
? 
? 
? 
? 
? 
? 
? 
? 
? 
? 
? 
? 
? 
? 
? 
? 
? 
? 
? 
? 
? 
? 
? 
? 
? 
? 
? 
? 
? 
? 
? 
? 
? 
? 
? 
? 
? 
? 
? 
? 
? 
? 
? 
? 
? 
? 
? 
? 
? 
? 
? 
? 
? 
? 
? 
? 
? 
? 
? 
? 
? 
? 
? 
? 
? 
? 
? 
? 
? 
? 
? 
? 
? 
? 
? 
? 
? 
? 
? 
? 
? 
? 
? 
? 
? 
? 
? 
? 
? 
? 
? 
? 
? 
? 
? 
? 
? 
? 
? 
? 
? 
? 
? 
? 
? 
? 
? 
? 
? 
? 
? 
? 
? 
? 
? 
? 
? 
? 
? 
? 
? 
? 
? 
? 
? 
? 
? 
? 
? 
? 
? 
? 
? 
? 
? 
? 
? 
? 
? 
? 
? 
? 
? 
? 
? 
? 
? 
? 
? 
? 
? 
? 
? 
? 
? 
? 
? 
? 
? 
? 
? 
? 
? 
? 
? 
? 
? 
? 
? 
? 
? 
? 
? 
? 
? 
? 
? 
? 
? 
? 
? 
? 
? 
? 
? 
? 
? 
? 
? 
? 
? 
? 
? 
? 
? 
? 
? 
? 
? 
? 
? 
? 
? 
? 
? 
? 
? 
? 
? 
? 
? 
? 
? 
? 
? 
? 
? 
? 
? 
? 
? 
? 
? 
? 
? 
? 
? 
? 
? 
? 
? 
? 
? 
? 
? 
? 
? 
? 
? 
? 
? 
? 
? 
? 
? 
? 
? 
? 
? 
? 
? 
? 
? 
? 
? 
? 
? 
? 
? 
? 
? 
? 
? 
? 
? 
? 
? 
? 
? 
? 
? 
? 
? 
? 
? 
? 
? 
? 
? 
? 
? 
? 
? 
? 
? 
? 
? 
? 
? 
? 
? 
? 
? 
? 
? 
? 
? 
? 
? 
? 
? 
? 
? 
? 
? 
? 
? 
? 
? 
? 
? 
? 
? 
? 
? 
? 
? 
? 
? 
? 
? 
? 
? 
? 
? 
? 
? 
? 
? 
? 
? 
? 
? 
? 
? 
? 
? 
? 
? 
? 
? 
? 
? 
? 
? 
? 
? 
? 
? 
? 
? 
? 
? 
? 
? 
? 
? 
? 
? 
? 
? 
? 
? 
? 
? 
? 
? 
? 
? 
? 
? 
? 
? 
? 
? 
? 
? 
? 
? 
? 
? 
? 
? 
? 
? 
? 
? 
? 
? 
? 
? 
? 
? 
? 
? 
? 
? 
? 
? 
? 
? 
? 
? 
? 
? 
? 
? 
? 
? 
? 
? 
? 
? 
? 
? 
? 
? 
? 
? 
? 
? 
? 
? 
? 
? 
? 
? 
? 
? 
? 
? 
? 
? 
? 
? 
? 
? 
? 
? 
? 
? 
? 
? 
? 
? 
? 
? 
? 
? 
? 
? 
? 
? 
? 
? 
? 
? 
? 
? 
? 
? 
? 
? 
? 
? 
? 
? 
? 
? 
? 
? 
? 
? 
? 
? 
? 
? 
? 
? 
? 
? 
? 
? 
? 
? 
? 
? 
? 
? 
? 
? 
? 
? 
? 
? 
? 
? 
? 
? 
? 
? 
? 
? 
? 
? 
? 
? 
? 
? 
? 
? 
? 
? 
? 
? 
? 
? 
? 
? 
? 
? 
? 
? 
? 
? 
? 
? 
? 
? 
? 
? 
? 
? 
? 
? 
? 
? 
? 
? 
? 
? 
? 
? 
? 
? 
? 
? 
? 
? 
? 
? 
? 
? 
? 
? 
? 
? 
? 
? 
? 
? 
? 
? 
? 
? 
? 
? 
? 
? 
? 
? 
? 
? 
? 
? 
? 
? 
? 
? 
? 
? 
? 
? 
? 
? 
? 
? 
? 
? 
? 
? 
? 
? 
? 
? 
? 
? 
? 
? 
? 
? 
? 
? 
? 
? 
? 
? 
? 
? 
? 
? 
? 
? 
? 
? 
? 
? 
? 
? 
? 
? 
? 
? 
? 
? 
? 
? 
? 
? 
? 
? 
? 
? 
? 
? 
? 
? 
? 
? 
? 
? 
? 
? 
? 
? 
? 
? 
? 
? 
? 
? 
? 
? 
? 
? 
? 
? 
? 
? 
? 
? 
? 
? 
? 
? 
? 
? 
? 
? 
? 
? 
? 
? 
? 
? 
? 
? 
? 
? 
? 
? 
? 
? 
? 
? 
? 
? 
? 
? 
? 
? 
? 
? 
? 
? 
? 
? 
? 
? 
? 
? 
? 
? 
? 
? 
? 
? 
? 
? 
? 
? 
? 
? 
? 
? 
? 
? 
? 
? 
? 
? 
? 
? 
? 
? 
? 
? 
? 
? 
? 
? 
? 
? 
? 
? 
? 
? 
? 
? 
? 
? 
? 
? 
? 
? 
? 
? 
? 
? 
? 
? 
? 
? 
? 
? 
? 
? 
? 
? 
? 
? 
? 
? 
? 
? 
? 
? 
? 
? 
? 
? 
? 
? 
? 
? 
? 
? 
? 
? 
? 
? 
? 
? 
? 
? 
? 
? 
? 
? 
? 
? 
? 
? 
? 
? 
? 
? 
? 
? 
? 
? 
? 
? 
? 
? 
? 
? 
? 
? 
? 
? 
? 
? 
? 
? 
? 
? 
? 
? 
? 
? 
? 
? 
? 
? 
? 
? 
? 
? 
? 
? 
? 
? 
? 
? 
? 
? 
? 
? 
? 
? 
? 
? 
? 
? 
? 
? 
? 
? 
? 
? 
? 
? 
? 
? 
? 
? 
? 
? 
? 
? 
? 
? 
? 
? 
? 
? 
? 
? 
? 
? 
? 
? 
? 
? 
? 
? 
? 
? 
? 
? 
? 
? 
? 
? 
? 
? 
? 
? 
? 
? 
? 
? 
? 
? 
? 
? 
? 
? 
? 
? 
? 
? 
? 
? 
? 
? 
? 
? 
? 
? 
? 
? 
? 
? 
? 
? 
? 
? 
? 
? 
? 
? 
? 
? 
? 
? 
? 
? 
? 
? 
? 
? 
? 
? 
? 
? 
? 
? 
? 
? 
? 
? 
? 
? 
? 
? 
? 
? 
? 
? 
? 
? 
? 
? 
? 
? 
? 
? 
? 
? 
? 
? 
? 
? 
? 
? 
? 
? 
? 
? 
? 
? 
? 
? 
? 
? 
? 
? 
? 
? 
? 
? 
? 
? 
? 
? 
? 
? 
? 
? 
? 
? 
? 
? 
? 
? 
? 
? 
? 
? 
? 
? 
? 
? 
? 
? 
? 
? 
? 
? 
? 
? 
? 
? 
? 
? 
? 
? 
? 
? 
? 
? 
? 
? 
? 
? 
? 
? 
? 
? 
? 
? 
? 
? 
? 
? 
? 
? 
? 
? 
? 
? 
? 
? 
? 
? 
? 
? 
? 
? 
? 
? 
? 
? 
? 
? 
? 
? 
? 
? 
? 
? 
? 
? 
? 
? 
? 
? 
? 
? 
? 
? 
? 
? 
? 
? 
? 
? 
? 
? 
? 
? 
? 
? 
? 
? 
? 
? 
? 
? 
? 
? 
? 
? 
? 
? 
? 
? 
? 
? 
? 
? 
? 
? 
? 
? 
? 
? 
? 
? 
? 
? 
? 
? 
? 
? 
? 
? 
? 
? 
? 
? 
? 
? 
? 
? 
? 
? 
? 
? 
? 
? 
? 
? 
? 
? 
? 
? 
? 
? 
? 
? 
? 
? 
? 
? 
? 
? 
? 
? 
? 
? 
? 
? 
? 
? 
? 
? 
? 
? 
? 
? 
? 
? 
? 
? 
? 
? 
? 
? 
? 
? 
? 
? 
? 
? 
? 
? 
? 
? 
? 
? 
? 
? 
? 
? 
? 
? 
? 
? 
? 
? 
? 
? 
? 
? 
? 
? 
? 
? 
? 
? 
? 
? 
? 
? 
? 
? 
? 
? 
? 
? 
? 
? 
? 
? 
? 
? 
? 
? 
? 
? 
? 
? 
? 
? 
? 
? 
? 
? 
? 
? 
? 
? 
? 
? 
? 
? 
? 
? 
? 
? 
? 
? 
? 
? 
? 
? 
? 
? 
? 
? 
? 
? 
? 
? 
? 
? 
? 
? 
? 
? 
? 
? 
? 
? 
? 
? 
? 
? 
? 
? 
? 
? 
? 
? 
? 
? 
? 
? 
? 
? 
? 
? 
? 
? 
? 
? 
? 
? 
? 
? 
? 
? 
? 
? 
? 
? 
? 
? 
? 
? 
? 
? 
? 
? 
? 
? 
? 
? 
? 
? 
? 
? 
? 
? 
? 
? 
? 
? 
? 
? 
? 
? 
? 
? 
? 
? 
? 
? 
? 
? 
? 
? 
? 
? 
? 
? 
? 
? 
? 
? 
? 
? 
? 
? 
? 
? 
? 
? 
? 
? 
? 
? 
? 
? 
? 
? 
? 
? 
? 
? 
? 
? 
? 
? 
? 
? 
? 
? 
? 
? 
? 
? 
? 
? 
? 
? 
? 
? 
? 
? 
? 
? 
? 
? 
? 
? 
? 
? 
? 
? 
? 
? 
? 
? 
? 
? 
? 
? 
? 
? 
? 
? 
? 
? 
? 
? 
? 
? 
? 
? 
? 
? 
? 
? 
? 
? 
? 
? 
? 
? 
? 
? 
? 
? 
? 
? 
? 
? 
? 
? 
? 
? 
? 
? 
? 
? 
? 
? 
? 
? 
? 
? 
? 
? 
? 
? 
? 
? 
? 
? 
? 
? 
? 
? 
? 
? 
? 
? 
? 
? 
? 
? 
? 
? 
? 
? 
? 
? 
? 
? 
? 
? 
? 
? 
? 
? 
? 
? 
? 
? 
? 
? 
? 
? 
? 
? 
? 
? 
? 
? 
? 
? 
? 
? 
? 
? 
? 
? 
? 
? 
? 
? 
? 
? 
? 
? 
? 
? 
? 
? 
? 
? 
? 
? 
? 
? 
? 
? 
? 
? 
? 
? 
? 
? 
? 
? 
? 
? 
? 
? 
? 
? 
? 
? 
? 
? 
? 
? 
? 
? 
? 
? 
? 
? 
? 
? 
? 
? 
? 
? 
? 
? 
? 
? 
? 
? 
? 
? 
? 
? 
? 
? 
? 
? 
? 
? 
? 
? 
? 
? 
? 
? 
? 
? 
? 
? 
? 
? 
? 
? 
? 
? 
? 
? 
? 
? 
? 
? 
? 
? 
? 
? 
? 
? 
? 
? 
? 
? 
? 
? 
? 
? 
? 
? 
? 
? 
? 
? 
? 
? 
? 
? 
? 
? 
? 
? 
? 
? 
? 
? 
? 
? 
? 
? 
? 
? 
? 
? 
? 
? 
? 
? 
? 
? 
? 
? 
? 
? 
? 
? 
? 
? 
? 
? 
? 
? 
? 
? 
? 
? 
? 
? 
? 
? 
? 
? 
? 
? 
? 
? 
? 
? 
? 
? 
? 
? 
? 
? 
? 
? 
? 
? 
? 
? 
? 
? 
? 
? 
? 
? 
? 
? 
? 
? 
? 
? 
? 
? 
? 
? 
? 
? 
? 
? 
? 
? 
? 
? 
? 
? 
? 
? 
? 
? 
? 
? 
? 
? 
? 
? 
? 
? 
? 
? 
? 
? 
? 
? 
? 
? 
? 
? 
? 
? 
? 
? 
? 
? 
? 
? 
? 
? 
? 
? 
? 
? 
? 
? 
? 
? 
? 
? 
? 
? 
? 
? 
? 
? 
? 
? 
? 
? 
? 
? 
? 
? 
? 
? 
? 
? 
? 
? 
? 
? 
? 
? 
? 
? 
? 
? 
? 
? 
? 
? 
? 
? 
? 
? 
? 
? 
? 
? 
? 
? 
? 
? 
? 
? 
? 
? 
? 
? 
? 
? 
? 
? 
? 
? 
? 
? 
? 
? 
? 
? 
? 
? 
? 
? 
? 
? 
? 
? 
? 
? 
? 
? 
? 
? 
? 
? 
? 
? 
? 
? 
? 
? 
? 
? 
? 
? 
? 
? 
? 
? 
? 
? 
? 
? 
? 
? 
? 
? 
? 
? 
? 
? 
? 
? 
? 
? 
? 
? 
? 
? 
? 
? 
? 
? 
? 
? 
? 
? 
? 
? 
? 
? 
? 
? 
? 
? 
? 
? 
? 
? 
? 
? 
? 
? 
? 
? 
? 
? 
? 
? 
? 
? 
? 
? 
? 
? 
? 
? 
? 
? 
? 
? 
? 
? 
? 
? 
? 
? 
? 
? 
? 
? 
? 
? 
? 
? 
? 
? 
? 
? 
? 
? 
? 
? 
? 
? 
? 
? 
? 
? 
? 
? 
? 
? 
? 
? 
? 
? 
? 
? 
? 
? 
? 
? 
? 
? 
? 
? 
? 
? 
? 
? 
? 
? 
? 
? 
? 
? 
? 
? 
? 
? 
? 
? 
? 
? 
? 
? 
? 
? 
? 
? 
? 
? 
? 
? 
? 
? 
? 
? 
? 
? 
? 
? 
? 
? 
? 
? 
? 
? 
? 
? 
? 
? 
? 
? 
? 
? 
? 
? 
? 
? 
? 
? 
? 
? 
? 
? 
? 
? 
? 
? 
? 
? 
? 
? 
? 
? 
? 
? 
? 
? 
? 
? 
? 
? 
? 
? 
? 
? 
? 
? 
? 
? 
? 
? 
? 
? 
? 
? 
? 
? 
? 
? 
? 
? 
? 
? 
? 
? 
? 
? 
? 
? 
? 
? 
? 
? 
? 
? 
? 
? 
? 
? 
? 
? 
? 
? 
? 
? 
? 
? 
? 
? 
? 
? 
? 
? 
? 
? 
? 
? 
? 
? 
? 
? 
? 
? 
? 
? 
? 
? 
? 
? 
? 
? 
? 
? 
? 
? 
? 
? 
? 
? 
? 
? 
? 
? 
? 
? 
? 
? 
? 
? 
? 
? 
? 
? 
? 
? 
? 
? 
? 
? 
? 
? 
? 
? 
? 
? 
? 
? 
? 
? 
? 
? 
? 
? 
? 
? 
? 
? 
? 
? 
? 
? 
? 
? 
? 
? 
? 
? 
? 
? 
? 
? 
? 
? 
? 
? 
? 
? 
? 
? 
? 
? 
? 
? 
? 
? 
? 
? 
? 
? 
? 
? 
? 
? 
? 
? 
? 
? 
? 
? 
? 
? 
? 
? 
? 
? 
? 
? 
? 
? 
? 
? 
? 
? 
? 
? 
? 
? 
? 
? 
? 
? 
? 
? 
? 
? 
? 
? 
? 
? 
? 
? 
? 
? 
? 
? 
? 
? 
? 
? 
? 
? 
? 
? 
? 
? 
? 
? 
? 
? 
? 
? 
? 
? 
? 
? 
? 
? 
? 
? 
? 
? 
? 
? 
? 
? 
? 
? 
? 
? 
? 
? 
? 
? 
? 
? 
? 
? 
? 
? 
? 
? 
? 
? 
? 
? 
? 
? 
? 
? 
? 
? 
? 
? 
? 
? 
? 
? 
? 
? 
? 
? 
? 
? 
? 
? 
? 
? 
? 
? 
? 
? 
? 
? 
? 
? 
? 
? 
? 
? 
? 
? 
? 
? 
? 
? 
? 
? 
? 
? 
? 
? 
? 
? 
? 
? 
? 
? 
? 
? 
? 
? 
? 
? 
? 
? 
? 
? 
? 
? 
? 
? 
? 
? 
? 
? 
? 
? 
? 
? 
? 
? 
? 
? 
? 
? 
? 
? 
? 
? 
? 
? 
? 
? 
? 
? 
? 
? 
? 
? 
? 
? 
? 
? 
? 
? 
? 
? 
? 
? 
? 
? 
? 
? 
? 
? 
? 
? 
? 
? 
? 
? 
? 
? 
? 
? 
? 
? 
? 
? 
? 
? 
? 
? 
? 
? 
? 
? 
? 
? 
? 
? 
? 
? 
? 
? 
? 
? 
? 
? 
? 
? 
? 
? 
? 
? 
? 
? 
? 
? 
? 
? 
? 
? 
? 
? 
? 
? 
? 
? 
? 
? 
? 
? 
? 
? 
? 
? 
? 
? 
? 
? 
? 
? 
? 
? 
? 
? 
? 
? 
? 
? 
? 
? 
? 
? 
? 
? 
? 
? 
? 
? 
? 
? 
? 
? 
? 
? 
? 
? 
? 
? 
? 
? 
? 
? 
? 
? 
? 
? 
? 
? 
? 
? 
? 
? 
? 
? 
? 
? 
? 
? 
? 
? 
? 
? 
? 
? 
? 
? 
? 
? 
? 
? 
? 
? 
? 
? 
? 
? 
? 
? 
? 
? 
? 
? 
? 
? 
? 
? 
? 
? 
? 
? 
? 
? 
? 
? 
? 
? 
? 
? 
? 
? 
? 
? 
? 
? 
? 
? 
? 
? 
? 
? 
? 
? 
? 
? 
? 
? 
? 
? 
? 
? 
? 
? 
? 
? 
? 
? 
? 
? 
? 
? 
? 
? 
? 
? 
? 
? 
? 
? 
? 
? 
? 
? 
? 
? 
? 
? 
? 
? 
? 
? 
? 
? 
? 
? 
? 
? 
? 
? 
? 
? 
? 
? 
? 
? 
? 
? 
? 
? 
? 
? 
? 
? 
? 
? 
? 
? 
? 
? 
? 
? 
? 
? 
? 
? 
? 
? 
? 
? 
? 
? 
? 
? 
? 
? 
? 
? 
? 
? 
? 
? 
? 
? 
? 
? 
? 
? 
? 
? 
? 
? 
? 
? 
? 
? 
? 
? 
? 
? 
? 
? 
? 
? 
? 
? 
? 
? 
? 
? 
? 
? 
? 
? 
? 
? 
? 
? 
? 
? 
? 
? 
? 
? 
? 
? 
? 
? 
? 
? 
? 
? 
? 
? 
? 
? 
? 
? 
? 
? 
? 
? 
? 
? 
? 
? 
? 
? 
? 
? 
? 
? 
? 
? 
? 
? 
? 
? 
? 
? 
? 
? 
? 
? 
? 
? 
? 
? 
? 
? 
? 
? 
? 
? 
? 
? 
? 
? 
? 
? 
? 
? 
? 
? 
? 
? 
? 
? 
? 
? 
? 
? 
? 
? 
? 
? 
? 
? 
? 
? 
? 
? 
? 
? 
? 
? 
? 
? 
? 
? 
? 
? 
? 
? 
? 
? 
? 
? 
? 
? 
? 
? 
? 
? 
? 
? 
? 
? 
? 
? 
? 
? 
? 
? 
? 
? 
? 
? 
? 
? 
? 
? 
? 
? 
? 
? 
? 
? 
? 
? 
? 
? 
? 
? 
? 
? 
? 
? 
? 
? 
? 
? 
? 
? 
? 
? 
? 
? 
? 
? 
? 
? 
? 
? 
? 
? 
? 
? 
? 
? 
? 
? 
? 
? 
? 
? 
? 
? 
? 
? 
? 
? 
? 
? 
? 
? 
? 
? 
? 
? 
? 
? 
? 
? 
? 
? 
? 
? 
? 
? 
? 
? 
? 
? 
? 
? 
? 
? 
? 
? 
? 
? 
? 
? 
? 
? 
? 
? 
? 
? 
? 
? 
? 
? 
? 
? 
? 
? 
? 
? 
? 
? 
? 
? 
? 
? 
? 
? 
? 
? 
? 
? 
? 
? 
? 
? 
? 
? 
? 
? 
? 
? 
? 
? 
? 
? 
? 
? 
? 
? 
? 
? 
? 
? 
? 
? 
? 
? 
? 
? 
? 
? 
? 
? 
? 
? 
? 
? 
? 
? 
? 
? 
? 
? 
? 
? 
? 
? 
? 
? 
? 
? 
? 
? 
? 
? 
? 
? 
? 
? 
? 
? 
? 
? 
? 
? 
? 
? 
? 
? 
? 
? 
? 
? 
? 
? 
? 
? 
? 
? 
? 
? 
? 
? 
? 
? 
? 
? 
? 
? 
? 
? 
? 
? 
? 
? 
? 
? 
? 
? 
? 
? 
? 
? 
? 
? 
? 
? 
? 
? 
? 
? 
? 
? 
? 
? 
? 
? 
? 
? 
? 
? 
? 
? 
? 
? 
? 
? 
? 
? 
? 
? 
? 
? 
? 
? 
? 
? 
? 
? 
? 
? 
? 
? 
? 
? 
? 
? 
? 
? 
? 
? 
? 
? 
? 
? 
? 
? 
? 
? 
? 
? 
? 
? 
? 
? 
? 
? 
? 
? 
? 
? 
? 
? 
? 
? 
? 
? 
? 
? 
? 
? 
? 
? 
? 
? 
? 
? 
? 
? 
? 
? 
? 
? 
? 
? 
? 
? 
? 
? 
? 
? 
? 
? 
? 
? 
? 
? 
? 
? 
? 
? 
? 
? 
? 
? 
? 
? 
? 
? 
? 
? 
? 
? 
? 
? 
? 
? 
? 
? 
? 
? 
? 
? 
? 
? 
? 
? 
? 
? 
? 
? 
? 
? 
? 
? 
? 
? 
? 
? 
? 
? 
? 
? 
? 
? 
? 
? 
? 
? 
? 
? 
? 
? 
? 
? 
? 
? 
? 
? 
? 
? 
? 
? 
? 
? 
? 
? 
? 
? 
? 
? 
? 
? 
? 
? 
? 
? 
? 
? 
? 
? 
? 
? 
? 
? 
? 
? 
? 
? 
? 
? 
? 
? 
? 
? 
? 
? 
? 
? 
? 
? 
? 
? 
? 
? 
? 
? 
? 
? 
? 
? 
? 
? 
? 
? 
? 
? 
? 
? 
? 
? 
? 
? 
? 
? 
? 
? 
? 
? 
? 
? 
? 
? 
? 
? 
? 
? 
? 
? 
? 
? 
? 
? 
? 
? 
? 
? 
? 
? 
? 
? 
? 
? 
? 
? 
? 
? 
? 
? 
? 
? 
? 
? 
? 
? 
? 
? 
? 
? 
? 
? 
? 
? 
? 
? 
? 
? 
? 
? 
? 
? 
? 
? 
? 
? 
? 
? 
? 
? 
? 
? 
? 
? 
? 
? 
? 
? 
? 
? 
? 
? 
? 
? 
? 
? 
? 
? 
? 
? 
? 
? 
? 
? 
? 
? 
? 
? 
? 
? 
? 
? 
? 
? 
? 
? 
? 
? 
? 
? 
? 
? 
? 
? 
? 
? 
? 
? 
? 
? 
? 
? 
? 
? 
? 
? 
? 
? 
? 
? 
? 
? 
? 
? 
? 
? 
? 
? 
? 
? 
? 
? 
? 
? 
? 
? 
? 
? 
? 
? 
? 
? 
? 
? 
? 
? 
? 
? 
? 
? 
? 
? 
? 
? 
? 
? 
? 
? 
? 
? 
? 
? 
? 
? 
? 
? 
? 
? 
? 
? 
? 
? 
? 
? 
? 
? 
? 
? 
? 
? 
? 
? 
? 
? 
? 
? 
? 
? 
? 
? 
? 
? 
? 
? 
? 
? 
? 
? 
? 
? 
? 
? 
? 
? 
? 
? 
? 
? 
? 
? 
? 
? 
? 
? 
? 
? 
? 
? 
? 
? 
? 
? 
? 
? 
? 
? 
? 
? 
? 
? 
? 
? 
? 
? 
? 
? 
? 
? 
? 
? 
? 
? 
? 
? 
? 
? 
? 
? 
? 
? 
? 
? 
? 
? 
? 
? 
? 
? 
? 
? 
? 
? 
? 
? 
? 
? 
? 
? 
? 
? 
? 
? 
? 
? 
? 
? 
? 
? 
? 
? 
? 
? 
? 
? 
? 
? 
? 
? 
? 
? 
? 
? 
? 
? 
? 
? 
? 
? 
? 
? 
? 
? 
? 
? 
? 
? 
? 
? 
? 
? 
? 
? 
? 
? 
? 
? 
? 
? 
? 
? 
? 
? 
? 
? 
? 
? 
? 
? 
? 
? 
? 
? 
? 
? 
? 
? 
? 
? 
? 
? 
? 
? 
? 
? 
? 
? 
? 
? 
? 
? 
? 
? 
? 
? 
? 
? 
? 
? 
? 
? 
? 
? 
? 
? 
? 
? 
? 
? 
? 
? 
? 
? 
? 
? 
? 
? 
? 
? 
? 
? 
? 
? 
? 
? 
? 
? 
? 
? 
? 
? 
? 
? 
? 
? 
? 
? 
? 
? 
? 
? 
? 
? 
? 
? 
? 
? 
? 
? 
? 
? 
? 
? 
? 
? 
? 
? 
? 
? 
? 
? 
? 
? 
? 
? 
? 
? 
? 
? 
? 
? 
? 
? 
? 
? 
? 
? 
? 
? 
? 
? 
? 
? 
? 
? 
? 
? 
? 
? 
? 
? 
? 
? 
? 
? 
? 
? 
? 
? 
? 
? 
? 
? 
? 
? 
? 
? 
? 
? 
? 
? 
? 
? 
? 
? 
? 
? 
? 
? 
? 
? 
? 
? 
? 
? 
? 
? 
? 
? 
? 
? 
? 
? 
? 
? 
? 
? 
? 
? 
? 
? 
? 
? 
? 
? 
? 
? 
? 
? 
? 
? 
? 
? 
? 
? 
? 
? 
? 
? 
? 
? 
? 
? 
? 
? 
? 
? 
? 
? 
? 
? 
? 
? 
? 
? 
? 
? 
? 
? 
? 
? 
? 
? 
? 
? 
? 
? 
? 
? 
? 
? 
? 
? 
? 
? 
? 
? 
? 
? 
? 
? 
? 
? 
? 
? 
? 
? 
? 
? 
? 
? 
? 
? 
? 
? 
? 
? 
? 
? 
? 
? 
? 
? 
? 
? 
? 
? 
? 
? 
? 
? 
? 
? 
? 
? 
? 
? 
? 
? 
? 
? 
? 
? 
? 
? 
? 
? 
? 
? 
? 
? 
? 
? 
? 
? 
? 
? 
? 
? 
? 
? 
? 
? 
? 
? 
? 
? 
? 
? 
? 
? 
? 
? 
? 
? 
? 
? 
? 
? 
? 
? 
? 
? 
? 
? 
? 
? 
? 
? 
? 
? 
? 
? 
? 
? 
? 
? 
? 
? 
? 
? 
? 
? 
? 
? 
? 
? 
? 
? 
? 
? 
? 
? 
? 
? 
? 
? 
? 
? 
? 
? 
? 
? 
? 
? 
? 
? 
? 
? 
? 
? 
? 
? 
? 
? 
? 
? 
? 
? 
? 
? 
? 
? 
? 
? 
? 
? 
? 
? 
? 
? 
? 
? 
? 
? 
? 
? 
? 
? 
? 
? 
? 
? 
? 
? 
? 
? 
? 
? 
? 
? 
? 
? 
? 
? 
? 
? 
? 
? 
? 
? 
? 
? 
? 
? 
? 
? 
? 
? 
? 
? 
? 
? 
? 
? 
? 
? 
? 
? 
? 
? 
? 
? 
? 
? 
? 
? 
? 
? 
? 
? 
? 
? 
? 
? 
? 
? 
? 
? 
? 
? 
? 
? 
? 
? 
? 
? 
? 
? 
? 
? 
? 
? 
? 
? 
? 
? 
? 
? 
? 
? 
? 
? 
? 
? 
? 
? 
? 
? 
? 
? 
? 
? 
? 
? 
? 
? 
? 
? 
? 
? 
? 
? 
? 
? 
? 
? 
? 
? 
? 
? 
? 
? 
? 
? 
? 
? 
? 
? 
? 
? 
? 
? 
? 
? 
? 
? 
? 
? 
? 
? 
? 
? 
? 
? 
? 
? 
? 
? 
? 
? 
? 
? 
? 
? 
? 
? 
? 
? 
? 
? 
? 
? 
? 
? 
? 
? 
? 
? 
? 
? 
? 
? 
? 
? 
? 
? 
? 
? 
? 
? 
? 
? 
? 
? 
? 
? 
? 
? 
? 
? 
? 
? 
? 
? 
? 
? 
? 
? 
? 
? 
? 
? 
? 
? 
? 
? 
? 
? 
? 
? 
? 
? 
? 
? 
? 
? 
? 
? 
? 
? 
? 
? 
? 
? 
? 
? 
? 
? 
? 
? 
? 
? 
? 
? 
? 
? 
? 
? 
? 
? 
? 
? 
? 
? 
? 
? 
? 
? 
? 
? 
? 
? 
? 
? 
? 
? 
? 
? 
? 
? 
? 
? 
? 
? 
? 
? 
? 
? 
? 
? 
? 
? 
? 
? 
? 
? 
? 
? 
? 
? 
? 
? 
? 
? 
? 
? 
? 
? 
? 
? 
? 
? 
? 
? 
? 
? 
? 
? 
? 
? 
? 
? 
? 
? 
? 
? 
? 
? 
? 
? 
? 
? 
? 
? 
? 
? 
? 
? 
? 
? 
? 
? 
? 
? 
? 
? 
? 
? 
? 
? 
? 
? 
? 
? 
? 
? 
? 
? 
? 
? 
? 
? 
? 
? 
? 
? 
? 
? 
? 
? 
? 
? 
? 
? 
? 
? 
? 
? 
? 
? 
? 
? 
? 
? 
? 
? 
? 
? 
? 
? 
? 
? 
? 
? 
? 
? 
? 
? 
? 
? 
? 
? 
? 
? 
? 
? 
? 
? 
? 
? 
? 
? 
? 
? 
? 
? 
? 
? 
? 
? 
? 
? 
? 
? 
? 
? 
? 
? 
? 
? 
? 
? 
? 
? 
? 
? 
? 
? 
? 
? 
? 
? 
? 
? 
? 
? 
? 
? 
? 
? 
? 
? 
? 
? 
? 
? 
? 
? 
? 
? 
? 
? 
? 
? 
? 
? 
? 
? 
? 
? 
? 
? 
? 
? 
? 
? 
? 
? 
? 
? 
? 
? 
? 
? 
? 
? 
? 
? 
? 
? 
? 
? 
? 
? 
? 
? 
? 
? 
? 
? 
? 
? 
? 
? 
? 
? 
? 
? 
? 
? 
? 
? 
? 
? 
? 
? 
? 
? 
? 
? 
? 
? 
? 
? 
? 
? 
? 
? 
? 
? 
? 
? 
? 
? 
? 
? 
? 
? 
? 
? 
? 
? 
? 
? 
? 
? 
? 
? 
? 
? 
? 
? 
? 
? 
? 
? 
? 
? 
? 
? 
? 
? 
? 
? 
? 
? 
? 
? 
? 
? 
? 
? 
? 
? 
? 
? 
? 
? 
? 
? 
? 
? 
? 
? 
? 
? 
? 
? 
? 
? 
? 
? 
? 
? 
? 
? 
? 
? 
? 
? 
? 
? 
? 
? 
? 
? 
? 
? 
? 
? 
? 
? 
? 
? 
? 
? 
? 
? 
? 
? 
? 
? 
? 
? 
? 
? 
? 
? 
? 
? 
? 
? 
? 
? 
? 
? 
? 
? 
? 
? 
? 
? 
? 
? 
? 
? 
? 
? 
? 
? 
? 
? 
? 
? 
? 
? 
? 
? 
? 
? 
? 
? 
? 
? 
? 
? 
? 
? 
? 
? 
? 
? 
? 
? 
? 
? 
? 
? 
? 
? 
? 
? 
? 
? 
? 
? 
? 
? 
? 
? 
? 
? 
? 
? 
? 
? 
? 
? 
? 
? 
? 
? 
? 
? 
? 
? 
? 
? 
? 
? 
? 
? 
? 
? 
? 
? 
? 
? 
? 
? 
? 
? 
? 
? 
? 
? 
? 
? 
? 
? 
? 
? 
? 
? 
? 
? 
? 
? 
? 
? 
? 
? 
? 
? 
? 
? 
? 
? 
? 
? 
? 
? 
? 
? 
? 
? 
? 
? 
? 
? 
? 
? 
? 
? 
? 
? 
? 
? 
? 
? 
? 
? 
? 
? 
? 
? 
? 
? 
? 
? 
? 
? 
? 
? 
? 
? 
? 
? 
? 
? 
? 
? 
? 
? 
? 
? 
? 
? 
? 
? 
? 
? 
? 
? 
? 
? 
? 
? 
? 
? 
? 
? 
? 
? 
? 
? 
? 
? 
? 
? 
? 
? 
? 
? 
? 
? 
? 
? 
? 
? 
? 
? 
? 
? 
? 
? 
? 
? 
? 
? 
? 
? 
? 
? 
? 
? 
? 
? 
? 
? 
? 
? 
? 
? 
? 
? 
? 
? 
? 
? 
? 
? 
? 
? 
? 
? 
? 
? 
? 
? 
? 
? 
? 
? 
? 
? 
? 
? 
? 
? 
? 
? 
? 
? 
? 
? 
? 
? 
? 
? 
? 
? 
? 
? 
? 
? 
? 
? 
? 
? 
? 
? 
? 
? 
? 
? 
? 
? 
? 
? 
? 
? 
? 
? 
? 
? 
? 
? 
? 
? 
? 
? 
? 
? 
? 
? 
? 
? 
? 
? 
? 
? 
? 
? 
? 
? 
? 
? 
? 
? 
? 
? 
? 
? 
? 
? 
? 
? 
? 
? 
? 
? 
? 
? 
? 
? 
? 
? 
? 
? 
? 
? 
? 
? 
? 
? 
? 
? 
? 
? 
? 
? 
? 
? 
? 
? 
? 
? 
? 
? 
? 
? 
? 
? 
? 
? 
? 
? 
? 
? 
? 
? 
? 
? 
? 
? 
? 
? 
? 
? 
? 
? 
? 
? 
? 
? 
? 
? 
? 
? 
? 
? 
? 
? 
? 
? 
? 
? 
? 
? 
? 
? 
? 
? 
? 
? 
? 
? 
? 
? 
? 
? 
? 
? 
? 
? 
? 
? 
? 
? 
? 
? 
? 
? 
? 
? 
? 
? 
? 
? 
? 
? 
? 
? 
? 
? 
? 
? 
? 
? 
? 
? 
? 
? 
? 
? 
? 
? 
? 
? 
? 
? 
? 
? 
? 
? 
? 
? 
? 
? 
? 
? 
? 
? 
? 
? 
? 
? 
? 
? 
? 
? 
? 
? 
? 
? 
? 
? 
? 
? 
? 
? 
? 
? 
? 
? 
? 
? 
? 
? 
? 
? 
? 
? 
? 
? 
? 
? 
? 
? 
? 
? 
? 
? 
? 
? 
? 
? 
? 
? 
? 
? 
? 
? 
? 
? 
? 
? 
? 
? 
? 
? 
? 
? 
? 
? 
? 
? 
? 
? 
? 
? 
? 
? 
? 
? 
? 
? 
? 
? 
? 
? 
? 
? 
? 
? 
? 
? 
? 
? 
? 
? 
? 
? 
? 
? 
? 
? 
? 
? 
? 
? 
? 
? 
? 
? 
? 
? 
? 
? 
? 
? 
? 
? 
? 
? 
? 
? 
? 
? 
? 
? 
? 
? 
? 
? 
? 
? 
? 
? 
? 
? 
? 
? 
? 
? 
? 
? 
? 
? 
? 
? 
? 
? 
? 
? 
? 
? 
? 
? 
? 
? 
? 
? 
? 
? 
? 
? 
? 
? 
? 
? 
? 
? 
? 
? 
? 
? 
? 
? 
? 
? 
? 
? 
? 
? 
? 
? 
? 
? 
? 
? 
? 
? 
? 
? 
? 
? 
? 
? 
? 
? 
? 
? 
? 
? 
? 
? 
? 
? 
? 
? 
? 
? 
? 
? 
? 
? 
? 
? 
? 
? 
? 
? 
? 
? 
? 
? 
? 
? 
? 
? 
? 
? 
? 
? 
? 
? 
? 
? 
? 
? 
? 
? 
? 
? 
? 
? 
? 
? 
? 
? 
? 
? 
? 
? 
? 
? 
? 
? 
? 
? 
? 
? 
? 
? 
? 
? 
? 
? 
? 
? 
? 
? 
? 
? 
? 
? 
? 
? 
? 
? 
? 
? 
? 
? 
? 
? 
? 
? 
? 
? 
? 
? 
? 
? 
? 
? 
? 
? 
? 
? 
? 
? 
? 
? 
? 
? 
? 
? 
? 
? 
? 
? 
? 
? 
? 
? 
? 
? 
? 
? 
? 
? 
? 
? 
? 
? 
? 
? 
? 
? 
? 
? 
? 
? 
? 
? 
? 
? 
? 
? 
? 
? 
? 
? 
? 
? 
? 
? 
? 
? 
? 
? 
? 
? 
? 
? 
? 
? 
? 
? 
? 
? 
? 
? 
? 
? 
? 
? 
? 
? 
? 
? 
? 
? 
? 
? 
? 
? 
? 
? 
? 
? 
? 
? 
? 
? 
? 
? 
? 
? 
? 
? 
? 
? 
? 
? 
? 
? 
? 
? 
? 
? 
? 
? 
? 
? 
? 
? 
? 
? 
? 
? 
? 
? 
? 
? 
? 
? 
? 
? 
? 
? 
? 
? 
? 
? 
? 
? 
? 
? 
? 
? 
? 
? 
? 
? 
? 
? 
? 
? 
? 
? 
? 
? 
? 
? 
? 
? 
? 
? 
? 
? 
? 
? 
? 
? 
? 
? 
? 
? 
? 
? 
? 
? 
? 
? 
? 
? 
? 
? 
? 
? 
? 
? 
? 
? 
? 
? 
? 
? 
? 
? 
? 
? 
? 
? 
? 
? 
? 
? 
? 
? 
? 
? 
? 
? 
? 
? 
? 
? 
? 
? 
? 
? 
? 
? 
? 
? 
? 
? 
? 
? 
? 
? 
? 
? 
? 
? 
? 
? 
? 
? 
? 
? 
? 
? 
? 
? 
? 
? 
? 
? 
? 
? 
? 
? 
? 
? 

?BS ERROR IN 40
OK

