                                 COMBAT
               CREATIVE COMPUTING  MORRISTOWN, NEW JERSEY



I AM AT WAR WITH YOU.
WE HAVE 72000 SOLDIERS APIECE.

DISTRIBUTE YOUR FORCES.
              ME              YOU
ARMY           30000        ? 50000
NAVY           20000        ? 11000
A. F.          22000        ? 11000
YOU ATTACK FIRST. TYPE (1) FOR ARMY; (2) FOR NAVY;
AND (3) FOR AIR FORCE.
? 1
HOW MANY MEN
? 25000
YOU LOST 8333 MEN, BUT I LOST  20000 

              YOU           ME
ARMY           41666         0 
NAVY           11000         20000 
A. F.          11000         22000 
WHAT IS YOUR NEXT MOVE?
ARMY=1  NAVY=2  AIR FORCE=3
? 1
HOW MANY MEN
? 15000
YOU DESTROYED MY ARMY!

FROM THE RESULTS OF BOTH OF YOUR ATTACKS,
YOU WON, OH! SHUCKS!!!!
OK

