                                 WORD
               CREATIVE COMPUTING  MORRISTOWN, NEW JERSEY



I AM THINKING OF A WORD -- YOU GUESS IT.  I WILL GIVE YOU
CLUES TO HELP YOU GET IT.  GOOD LUCK!!




YOU ARE STARTING A NEW GAME...
GUESS A FIVE LETTER WORD? WATER
THERE WERE 5 MATCHES AND THE COMMON LETTERS WERE...WATER
FROM THE EXACT LETTER MATCHES, YOU KNOW................WATER
YOU HAVE GUESSED THE WORD.  IT TOOK 1 GUESSES!

WANT TO PLAY AGAIN? DINKY
OK
