                                 SLALOM
               CREATIVE COMPUTING  MORRISTOWN, NEW JERSEY



HOW MANY GATES DOES THIS COURSE HAVE (1 TO 25)? 20

TYPE "INS" FOR INSTRUCTIONS
TYPE "MAX" FOR APPROXIMATE MAXIMUM SPEEDS
TYPE "RUN" FOR THE BEGINNING OF THE RACE
COMMAND--? RUN
RATE YOURSELF AS A SKIER, (1=WORST, 3=BEST)? 3
THE STARTER COUNTS DOWN...5...4...3...2...1...GO!
YOU'RE OFF!

HERE COMES GATE # 1:
 11 M.P.H.
OPTION? 3
 12 M.P.H.

HERE COMES GATE # 2:
 12 M.P.H.
OPTION? 2
 15 M.P.H.

HERE COMES GATE # 3:
 15 M.P.H.
OPTION? 2
 19 M.P.H.

HERE COMES GATE # 4:
 19 M.P.H.
OPTION? 1
 24 M.P.H.

HERE COMES GATE # 5:
 24 M.P.H.
OPTION? 3
 27 M.P.H.
YOU WENT OVER THE MAXIMUM SPEED AND SNAGGED A FLAG!
YOU TOOK 21.9845 SECONDS

DO YOU WANT TO RACE AGAIN? 3
PLEASE TYPE 'YES' OR 'NO'

DO YOU WANT TO RACE AGAIN? 2
PLEASE TYPE 'YES' OR 'NO'

DO YOU WANT TO RACE AGAIN? 2
PLEASE TYPE 'YES' OR 'NO'

DO YOU WANT TO RACE AGAIN? 1
PLEASE TYPE 'YES' OR 'NO'

DO YOU WANT TO RACE AGAIN? 3
PLEASE TYPE 'YES' OR 'NO'

DO YOU WANT TO RACE AGAIN? 3
PLEASE TYPE 'YES' OR 'NO'

DO YOU WANT TO RACE AGAIN? 2
PLEASE TYPE 'YES' OR 'NO'

DO YOU WANT TO RACE AGAIN? 2
PLEASE TYPE 'YES' OR 'NO'

DO YOU WANT TO RACE AGAIN? 1
PLEASE TYPE 'YES' OR 'NO'

DO YOU WANT TO RACE AGAIN? 3
PLEASE TYPE 'YES' OR 'NO'

DO YOU WANT TO RACE AGAIN? 3
PLEASE TYPE 'YES' OR 'NO'

DO YOU WANT TO RACE AGAIN? 2
PLEASE TYPE 'YES' OR 'NO'

DO YOU WANT TO RACE AGAIN? 2
PLEASE TYPE 'YES' OR 'NO'

DO YOU WANT TO RACE AGAIN? 1
PLEASE TYPE 'YES' OR 'NO'

DO YOU WANT TO RACE AGAIN? 3
PLEASE TYPE 'YES' OR 'NO'

DO YOU WANT TO RACE AGAIN? NO
THANKS FOR THE RACE
OK
