
MICROSOFT BASIC REV. 4.0 - ALTAIR VERSION
[8K VERSION]
COPYRIGHT 1976 BY MICROSOFT
C VERSION COPYRIGHT 2025 BY TIM BUCHALKA

63891 BYTES FREE

                                 SYNONYM
               CREATIVE COMPUTING  MORRISTOWN, NEW JERSEY



A SYNONYM OF A WORD MEANS ANOTHER WORD IN THE ENGLISH
LANGUAGE WHICH HAS THE SAME OR VERY NEARLY THE SAME MEANING.
I CHOOSE A WORD -- YOU TYPE A SYNONYM.
IF YOU CAN'T THINK OF A SYNONYM, TYPE THE WORD 'HELP'
AND I WILL TELL YOU A SYNONYM.



     WHAT IS A SYNONYM OF MODEL? PATTERN
CORRECT


     WHAT IS A SYNONYM OF SMALL? LITTLE
FINE


     WHAT IS A SYNONYM OF FIRST? BEGINNING
GOOD!


     WHAT IS A SYNONYM OF STOP? HALT
CORRECT


     WHAT IS A SYNONYM OF PAIN? SUFFERING
CHECK


     WHAT IS A SYNONYM OF PUSH? SHOVE
RIGHT


     WHAT IS A SYNONYM OF RED? ROUGE
GOOD!


     WHAT IS A SYNONYM OF HOUSE? DWELLING
CHECK


     WHAT IS A SYNONYM OF PIT? HOLLOW
GOOD!


     WHAT IS A SYNONYM OF SIMILAR? ALIKE
CORRECT

SYNONYM DRILL COMPLETED.
OK
