
MICROSOFT BASIC REV. 4.0 - ALTAIR VERSION
[8K VERSION]
COPYRIGHT 1976 BY MICROSOFT
C VERSION COPYRIGHT 2025 BY TIM BUCHALKA

63335 BYTES FREE

                            AMAZING PROGRAM
               CREATIVE COMPUTING  MORRISTOWN, NEW JERSEY




WHAT ARE YOUR WIDTH AND LENGTH? 1,1
MEANINGLESS DIMENSIONS.  TRY AGAIN.
WHAT ARE YOUR WIDTH AND LENGTH? 3,3




.  .--.--.
I        I
:  :--:  .
I     I  I
:--:--:  .
I        I
:--:  :--.
OK
