                                ROULETTE
               CREATIVE COMPUTING  MORRISTOWN, NEW JERSEY



ENTER THE CURRENT DATE (AS IN 'JANUARY 23, 1979') -? June 15, 1980
WELCOME TO THE ROULETTE TABLE

DO YOU WANT INSTRUCTIONS? NO
HOW MANY BETS? 3
NUMBER 1 ? 47,25
NUMBER 2 ? 43,50
NUMBER 3 ? 1,100
SPINNING


 24 BLACK

YOU LOSE 25 DOLLARS ON BET 1 
YOU LOSE 50 DOLLARS ON BET 2 
YOU LOSE 100 DOLLARS ON BET 3 

TOTALS:       ME            YOU
               100175        825 
AGAIN? NO
TO WHOM SHALL I MAKE THE CHECK? JohnDoe

------------------------------------------------------------------------
                                                  CHECK NO.  30 

                                        June 15,  1980


PAY TO THE ORDER OF-----JohnDoe-----$  825 


              THE MEMORY BANK OF NEW YORK

                                          THE COMPUTER
                                        ----------X-----

--------------------------------------------------------------COME BACK 
SOON!

OK

