
MICROSOFT BASIC REV. 4.0 - ALTAIR VERSION
[8K VERSION]
COPYRIGHT 1976 BY MICROSOFT
C VERSION COPYRIGHT 2025 BY TIM BUCHALKA

60516 BYTES FREE

                                 SALVO
               CREATIVE COMPUTING  MORRISTOWN, NEW JERSEY



ENTER COORDINATES FOR...
BATTLESHIP
? 1,1
? 1,2
? 1,3
? 1,4
? 1,5
CRUISER
? 2,1
? 2,2
? 2,3
DESTROYER<A>
? 3,1
? 3,2
DESTROYER<B>
? 4,1
? 4,2
DO YOU WANT TO START? YES
DO YOU WANT TO SEE MY SHOTS? NO


TURN 1 
YOU HAVE 7 SHOTS.
? 1,1
? 1,2
? 1,3
? 1,4
? 1,5
? 1,6
? 1,7
I HAVE 7 SHOTS.

TURN 2 
YOU HAVE 7 SHOTS.
? 1,8
? 1,9
? 1,10
? 2,1
? 2,2
? 2,3
? 2,4
YOU HIT MY CRUISER.
I HAVE 7 SHOTS.

TURN 3 
YOU HAVE 7 SHOTS.
? 2,5
? 2,6
? 2,7
? 2,8
? 2,9
? 2,10
? 3,1
I HAVE 7 SHOTS.

TURN 4 
YOU HAVE 7 SHOTS.
? 3,2
? 3,3
? 3,4
? 3,5
? 3,6
? 3,7
? 3,8
YOU HIT MY CRUISER.
YOU HIT MY DESTROYER<B>.
I HAVE 7 SHOTS.

TURN 5 
YOU HAVE 7 SHOTS.
? 3,9
? 3,10
? 4,1
? 4,2
? 4,3
? 4,4
? 4,5
YOU HIT MY CRUISER.
I HAVE 5 SHOTS.

TURN 6 
YOU HAVE 7 SHOTS.
? 4,6
? 4,7
? 4,8
? 4,9
? 4,10
? 5,1
? 5,2
YOU HIT MY DESTROYER<B>.
I HAVE 4 SHOTS.

TURN 7 
YOU HAVE 7 SHOTS.
? 5,3
? 5,4
? 5,5
? 5,6
? 5,7
? 5,8
? 5,9
I HAVE 4 SHOTS.

TURN 8 
YOU HAVE 7 SHOTS.
? 5,10
? 6,1
? 6,2
? 6,3
? 6,4
? 6,5
? 6,6
YOU HIT MY BATTLESHIP.
I HAVE 4 SHOTS.

TURN 9 
YOU HAVE 7 SHOTS.
? 6,7
? 6,8
? 6,9
? 6,10
? 7,1
? 7,2
? 7,3
I HAVE 4 SHOTS.
I HIT YOUR BATTLESHIP

TURN 10 
YOU HAVE 7 SHOTS.
? 7,4
? 7,5
? 7,6
? 7,7
? 7,8
? 7,9
? 7,10
YOU HIT MY BATTLESHIP.
I HAVE 4 SHOTS.
I HIT YOUR BATTLESHIP

TURN 11 
YOU HAVE 7 SHOTS.
? 8,1
? 8,2
? 8,3
? 8,4
? 8,5
? 8,6
? 8,7
YOU HIT MY BATTLESHIP.
I HAVE 4 SHOTS.
I HIT YOUR BATTLESHIP
I HIT YOUR CRUISER

TURN 12 
YOU HAVE 7 SHOTS.
? 8,8
? 8,9
? 8,10
? 9,1
? 9,2
? 9,3
? 9,4
YOU HIT MY BATTLESHIP.
I HAVE 4 SHOTS.
I HIT YOUR DESTROYER<A>
I HIT YOUR CRUISER
I HIT YOUR BATTLESHIP
I HIT YOUR DESTROYER<B>

TURN 13 
YOU HAVE 7 SHOTS.
? 9,5
? 9,6
? 9,7
? 9,8
? 9,9
? 9,10
? 10,1
YOU HIT MY DESTROYER<A>.
YOU HIT MY DESTROYER<A>.
YOU HIT MY BATTLESHIP.
I HAVE 0 SHOTS.
YOU HAVE WON.
OK
